Component: ARM Compiler 6.16 Tool: armlink [5dfea500]

==============================================================================

Loading Objects.

Loading object BUILD/DISCO_L475VG_IOT01A/ARMC6/DFRobot_RGBLCD.o.
              definition:  DFRobot_RGBLCD::autoscroll()
              definition:  DFRobot_RGBLCD::cursor_off()
              definition:  DFRobot_RGBLCD::noBlinkLED()
              definition:  DFRobot_RGBLCD::leftToRight()
              definition:  DFRobot_RGBLCD::rightToLeft()
              definition:  DFRobot_RGBLCD::setContrast(unsigned char)
              definition:  DFRobot_RGBLCD::customSymbol(unsigned char, unsigned char*)
              definition:  DFRobot_RGBLCD::noAutoscroll()
              definition:  DFRobot_RGBLCD::setBacklight(unsigned char)
              definition:  DFRobot_RGBLCD::init_bargraph(unsigned char)
              weak defn :  DFRobot_RGBLCD::setColorWhite()
              definition:  DFRobot_RGBLCD::scrollDisplayLeft()
              definition:  DFRobot_RGBLCD::scrollDisplayRight()
              definition:  DFRobot_RGBLCD::draw_vertical_graph(unsigned char, unsigned char, unsigned char, unsigned char)
              definition:  DFRobot_RGBLCD::draw_horizontal_graph(unsigned char, unsigned char, unsigned char, unsigned char)
              definition:  DFRobot_RGBLCD::load_custom_character(unsigned char, unsigned char*)
              definition:  DFRobot_RGBLCD::on()
              definition:  DFRobot_RGBLCD::off()
              definition:  DFRobot_RGBLCD::home()
              definition:  DFRobot_RGBLCD::init()
              definition:  DFRobot_RGBLCD::send(unsigned char*, unsigned char)
              definition:  DFRobot_RGBLCD::begin(unsigned char, unsigned char, unsigned char)
              definition:  DFRobot_RGBLCD::blink()
              definition:  DFRobot_RGBLCD::clear()
              weak defn :  DFRobot_RGBLCD::write(unsigned char)
              definition:  DFRobot_RGBLCD::cursor()
              definition:  DFRobot_RGBLCD::keypad()
              definition:  DFRobot_RGBLCD::printf(char const*, ...)
              definition:  DFRobot_RGBLCD::setRGB(unsigned char, unsigned char, unsigned char)
              definition:  DFRobot_RGBLCD::setReg(unsigned char, unsigned char)
              definition:  DFRobot_RGBLCD::status()
              weak defn :  DFRobot_RGBLCD::command(unsigned char)
              definition:  DFRobot_RGBLCD::display()
              definition:  DFRobot_RGBLCD::blinkLED()
              definition:  DFRobot_RGBLCD::blink_on()
              definition:  DFRobot_RGBLCD::noCursor()
              definition:  DFRobot_RGBLCD::printstr(char const*)
              definition:  DFRobot_RGBLCD::setColor(unsigned char)
              definition:  DFRobot_RGBLCD::setDelay(int, int)
              definition:  DFRobot_RGBLCD::blink_off()
              definition:  DFRobot_RGBLCD::cursor_on()
              definition:  DFRobot_RGBLCD::noDisplay()
              definition:  DFRobot_RGBLCD::setCursor(unsigned char, unsigned char)
              definition:  DFRobot_RGBLCD::stopBlink()
              definition:  DFRobot_RGBLCD::DFRobot_RGBLCD(unsigned char, unsigned char, PinName, PinName, unsigned char, unsigned char)
              definition:  DFRobot_RGBLCD::DFRobot_RGBLCD__sub_object(unsigned char, unsigned char, PinName, PinName, unsigned char, unsigned char)
              reference :  mbed::I2C::write(int, char const*, int, bool)
              reference :  mbed::I2C::I2C(PinName, PinName)
              reference :  rtos::ThisThread::sleep_for(std::__2::chrono::duration<unsigned int, std::__2::ratio<1ll, 1000ll> >)
              weak defn :  std::__2::literals::chrono_literals::operator"" ms(unsigned long long)
              weak defn :  vtable for DFRobot_RGBLCD
              reference :  __aeabi_memclr4
              reference :  strlen
              reference :  vsprintf
Loading object BUILD/DISCO_L475VG_IOT01A/ARMC6/main.o.
Adding cpp init reference.              reference :  __cpp_initialize__aeabi_
              definition:  TIME
              definition:  pause_play()
              definition:  add()
              definition:  sub()
              definition:  reset()
              reference :  DFRobot_RGBLCD::init()
              reference :  DFRobot_RGBLCD::clear()
              reference :  DFRobot_RGBLCD::printf(char const*, ...)
              reference :  DFRobot_RGBLCD::DFRobot_RGBLCD(unsigned char, unsigned char, PinName, PinName, unsigned char, unsigned char)
              weak defn :  mbed::DigitalOut::DigitalOut__sub_object(PinName)
              reference :  mbed::InterruptIn::fall(mbed::Callback<void ()>)
              reference :  mbed::InterruptIn::InterruptIn(PinName, PinMode)
              reference :  mbed::Timer::Timer()
              reference :  mbed::PwmOut::write(float)
              reference :  mbed::PwmOut::PwmOut(PinName)
              weak defn :  mbed::detail::CallbackBase::clear()
[...]
    0x0800207a   0x00000002   PAD
    0x0800207c   0x000001ae   Code   RO         6713    .text.HAL_TIM_OC_Start  BUILD/DISCO_L475VG_IOT01A/ARMC6/mbed-os/targets/TARGET_STM/TARGET_STM32L4/STM32Cube_FW/STM32L4xx_HAL_Driver/stm32l4xx_hal_tim.o
    0x0800222a   0x00000002   PAD
    0x0800222c   0x000000b8   Code   RO         6847    .text.HAL_TIM_PWM_ConfigChannel  BUILD/DISCO_L475VG_IOT01A/ARMC6/mbed-os/targets/TARGET_STM/TARGET_STM32L4/STM32Cube_FW/STM32L4xx_HAL_Driver/stm32l4xx_hal_tim.o
    0x080022e4   0x00000062   Code   RO         6731    .text.HAL_TIM_PWM_Init  BUILD/DISCO_L475VG_IOT01A/ARMC6/mbed-os/targets/TARGET_STM/TARGET_STM32L4/STM32Cube_FW/STM32L4xx_HAL_Driver/stm32l4xx_hal_tim.o
    0x08002346   0x00000002   PAD
    0x08002348   0x00000002   Code   RO         6733    .text.HAL_TIM_PWM_MspInit  BUILD/DISCO_L475VG_IOT01A/ARMC6/mbed-os/targets/TARGET_STM/TARGET_STM32L4/STM32Cube_FW/STM32L4xx_HAL_Driver/stm32l4xx_hal_tim.o
    0x0800234a   0x00000002   PAD
    0x0800234c   0x000001ae   Code   RO         6739    .text.HAL_TIM_PWM_Start  BUILD/DISCO_L475VG_IOT01A/ARMC6/mbed-os/targets/TARGET_STM/TARGET_STM32L4/STM32Cube_FW/STM32L4xx_HAL_Driver/stm32l4xx_hal_tim.o
    0x080024fa   0x00000002   PAD
    0x080024fc   0x00000020   Code   RO         7215    .text.HAL_UARTEx_DisableClockStopMode  BUILD/DISCO_L475VG_IOT01A/ARMC6/mbed-os/targets/TARGET_STM/TARGET_STM32L4/STM32Cube_FW/STM32L4xx_HAL_Driver/stm32l4xx_hal_uart_ex.o
    0x0800251c   0x00000020   Code   RO         7225    .text.HAL_UARTEx_DisableStopMode  BUILD/DISCO_L475VG_IOT01A/ARMC6/mbed-os/targets/TARGET_STM/TARGET_STM32L4/STM32Cube_FW/STM32L4xx_HAL_Driver/stm32l4xx_hal_uart_ex.o
    0x0800253c   0x00000020   Code   RO         7223    .text.HAL_UARTEx_EnableStopMode  BUILD/DISCO_L475VG_IOT01A/ARMC6/mbed-os/targets/TARGET_STM/TARGET_STM32L4/STM32Cube_FW/STM32L4xx_HAL_Driver/stm32l4xx_hal_uart_ex.o
    0x0800255c   0x0000005e   Code   RO         7069    .text.HAL_UART_Init  BUILD/DISCO_L475VG_IOT01A/ARMC6/mbed-os/targets/TARGET_STM/TARGET_STM32L4/STM32Cube_FW/STM32L4xx_HAL_Driver/stm32l4xx_hal_uart.o
    0x080025ba   0x00000002   PAD
    0x080025bc   0x00000002   Code   RO         7071    .text.HAL_UART_MspInit  BUILD/DISCO_L475VG_IOT01A/ARMC6/mbed-os/targets/TARGET_STM/TARGET_STM32L4/STM32Cube_FW/STM32L4xx_HAL_Driver/stm32l4xx_hal_uart.o
    0x080025be   0x00000002   PAD
    0x080025c0   0x0000001e   Code   RO         4897    .text.I2C_ConvertOtherXferOptions  BUILD/DISCO_L475VG_IOT01A/ARMC6/mbed-os/targets/TARGET_STM/TARGET_STM32L4/STM32Cube_FW/STM32L4xx_HAL_Driver/stm32l4xx_hal_i2c.o
    0x080025de   0x00000002   PAD
    0x080025e0   0x0000001e   Code   RO         4909    .text.I2C_DMAAbort  BUILD/DISCO_L475VG_IOT01A/ARMC6/mbed-os/targets/TARGET_STM/TARGET_STM32L4/STM32Cube_FW/STM32L4xx_HAL_Driver/stm32l4xx_hal_i2c.o
    0x080025fe   0x00000002   PAD
    0x08002600   0x0000005e   Code   RO         4907    .text.I2C_Disable_IRQ  BUILD/DISCO_L475VG_IOT01A/ARMC6/mbed-os/targets/TARGET_STM/TARGET_STM32L4/STM32Cube_FW/STM32L4xx_HAL_Driver/stm32l4xx_hal_i2c.o
    0x0800265e   0x00000002   PAD
    0x08002660   0x0000007c   Code   RO         4845    .text.I2C_Enable_IRQ  BUILD/DISCO_L475VG_IOT01A/ARMC6/mbed-os/targets/TARGET_STM/TARGET_STM32L4/STM32Cube_FW/STM32L4xx_HAL_Driver/stm32l4xx_hal_i2c.o
    0x080026dc   0x0000001e   Code   RO         4955    .text.I2C_Flush_TXDR  BUILD/DISCO_L475VG_IOT01A/ARMC6/mbed-os/targets/TARGET_STM/TARGET_STM32L4/STM32Cube_FW/STM32L4xx_HAL_Driver/stm32l4xx_hal_i2c.o
    0x080026fa   0x00000002   PAD
    0x080026fc   0x0000009c   Code   RO         4967    .text.I2C_ITAddrCplt  BUILD/DISCO_L475VG_IOT01A/ARMC6/mbed-os/targets/TARGET_STM/TARGET_STM32L4/STM32Cube_FW/STM32L4xx_HAL_Driver/stm32l4xx_hal_i2c.o
    0x08002798   0x000000ee   Code   RO         4927    .text.I2C_ITError   BUILD/DISCO_L475VG_IOT01A/ARMC6/mbed-os/targets/TARGET_STM/TARGET_STM32L4/STM32Cube_FW/STM32L4xx_HAL_Driver/stm32l4xx_hal_i2c.o
    0x08002886   0x00000002   PAD
    0x08002888   0x00000060   Code   RO         4963    .text.I2C_ITListenCplt  BUILD/DISCO_L475VG_IOT01A/ARMC6/mbed-os/targets/TARGET_STM/TARGET_STM32L4/STM32Cube_FW/STM32L4xx_HAL_Driver/stm32l4xx_hal_i2c.o
    0x080028e8   0x000000f6   Code   RO         4959    .text.I2C_ITMasterCplt  BUILD/DISCO_L475VG_IOT01A/ARMC6/mbed-os/targets/TARGET_STM/TARGET_STM32L4/STM32Cube_FW/STM32L4xx_HAL_Driver/stm32l4xx_hal_i2c.o
    0x080029de   0x00000002   PAD
    0x080029e0   0x0000004c   Code   RO         4957    .text.I2C_ITMasterSeqCplt  BUILD/DISCO_L475VG_IOT01A/ARMC6/mbed-os/targets/TARGET_STM/TARGET_STM32L4/STM32Cube_FW/STM32L4xx_HAL_Driver/stm32l4xx_hal_i2c.o
    0x08002a2c   0x00000130   Code   RO         4961    .text.I2C_ITSlaveCplt  BUILD/DISCO_L475VG_IOT01A/ARMC6/mbed-os/targets/TARGET_STM/TARGET_STM32L4/STM32Cube_FW/STM32L4xx_HAL_Driver/stm32l4xx_hal_i2c.o
    0x08002b5c   0x00000078   Code   RO         4965    .text.I2C_ITSlaveSeqCplt  BUILD/DISCO_L475VG_IOT01A/ARMC6/mbed-os/targets/TARGET_STM/TARGET_STM32L4/STM32Cube_FW/STM32L4xx_HAL_Driver/stm32l4xx_hal_i2c.o
    0x08002bd4   0x00000102   Code   RO         4857    .text.I2C_Master_ISR_DMA  BUILD/DISCO_L475VG_IOT01A/ARMC6/mbed-os/targets/TARGET_STM/TARGET_STM32L4/STM32Cube_FW/STM32L4xx_HAL_Driver/stm32l4xx_hal_i2c.o
    0x08002cd6   0x00000002   PAD
    0x08002cd8   0x0000012a   Code   RO         4843    .text.I2C_Master_ISR_IT  BUILD/DISCO_L475VG_IOT01A/ARMC6/mbed-os/targets/TARGET_STM/TARGET_STM32L4/STM32Cube_FW/STM32L4xx_HAL_Driver/stm32l4xx_hal_i2c.o
    0x08002e02   0x00000002   PAD
    0x08002e04   0x0000012c   Code   RO         4869    .text.I2C_Slave_ISR_DMA  BUILD/DISCO_L475VG_IOT01A/ARMC6/mbed-os/targets/TARGET_STM/TARGET_STM32L4/STM32Cube_FW/STM32L4xx_HAL_Driver/stm32l4xx_hal_i2c.o
    0x08002f30   0x00000100   Code   RO         4851    .text.I2C_Slave_ISR_IT  BUILD/DISCO_L475VG_IOT01A/ARMC6/mbed-os/targets/TARGET_STM/TARGET_STM32L4/STM32Cube_FW/STM32L4xx_HAL_Driver/stm32l4xx_hal_i2c.o
    0x08003030   0x00000030   Code   RO         4827    .text.I2C_TransferConfig  BUILD/DISCO_L475VG_IOT01A/ARMC6/mbed-os/targets/TARGET_STM/TARGET_STM32L4/STM32Cube_FW/STM32L4xx_HAL_Driver/stm32l4xx_hal_i2c.o
    0x08003060   0x0000002c   Code   RO         4969    .text.I2C_TreatErrorCallback  BUILD/DISCO_L475VG_IOT01A/ARMC6/mbed-os/targets/TARGET_STM/TARGET_STM32L4/STM32Cube_FW/STM32L4xx_HAL_Driver/stm32l4xx_hal_i2c.o
    0x0800308c   0x00000012   Code   RO         8964    .text.LL_EXTI_DisableFallingTrig_0_31  BUILD/DISCO_L475VG_IOT01A/ARMC6/mbed-os/targets/TARGET_STM/gpio_irq_api.o
    0x0800309e   0x00000002   PAD
    0x080030a0   0x00000012   Code   RO         8970    .text.LL_EXTI_DisableIT_0_31  BUILD/DISCO_L475VG_IOT01A/ARMC6/mbed-os/targets/TARGET_STM/gpio_irq_api.o
    0x080030b2   0x00000002   PAD
    0x080030b4   0x00000012   Code   RO         8960    .text.LL_EXTI_DisableRisingTrig_0_31  BUILD/DISCO_L475VG_IOT01A/ARMC6/mbed-os/targets/TARGET_STM/gpio_irq_api.o
    0x080030c6   0x00000002   PAD
    0x080030c8   0x00000010   Code   RO         8962    .text.LL_EXTI_EnableFallingTrig_0_31  BUILD/DISCO_L475VG_IOT01A/ARMC6/mbed-os/targets/TARGET_STM/gpio_irq_api.o
    0x080030d8   0x00000010   Code   RO         8966    .text.LL_EXTI_EnableIT_0_31  BUILD/DISCO_L475VG_IOT01A/ARMC6/mbed-os/targets/TARGET_STM/gpio_irq_api.o
    0x080030e8   0x00000010   Code   RO         8958    .text.LL_EXTI_EnableRisingTrig_0_31  BUILD/DISCO_L475VG_IOT01A/ARMC6/mbed-os/targets/TARGET_STM/gpio_irq_api.o
    0x080030f8   0x00000016   Code   RO         8978    .text.LL_EXTI_IsEnabledFallingTrig_0_31  BUILD/DISCO_L475VG_IOT01A/ARMC6/mbed-os/targets/TARGET_STM/gpio_irq_api.o
    0x0800310e   0x00000002   PAD
    0x08003110   0x00000016   Code   RO         8980    .text.LL_EXTI_IsEnabledRisingTrig_0_31  BUILD/DISCO_L475VG_IOT01A/ARMC6/mbed-os/targets/TARGET_STM/gpio_irq_api.o
    0x08003126   0x00000002   PAD
    0x08003128   0x0000000a   Code   RO         9210    .text.LL_GPIO_DisablePinAnalogControl  BUILD/DISCO_L475VG_IOT01A/ARMC6/mbed-os/targets/TARGET_STM/pinmap.o
    0x08003132   0x00000002   PAD
    0x08003134   0x00000008   Code   RO         9208    .text.LL_GPIO_EnablePinAnalogControl  BUILD/DISCO_L475VG_IOT01A/ARMC6/mbed-os/targets/TARGET_STM/pinmap.o
    0x0800313c   0x00000016   Code   RO         9218    .text.LL_GPIO_GetPinMode  BUILD/DISCO_L475VG_IOT01A/ARMC6/mbed-os/targets/TARGET_STM/pinmap.o
    0x08003152   0x00000002   PAD
    0x08003154   0x00000020   Code   RO         9222    .text.LL_GPIO_SetAFPin_0_7  BUILD/DISCO_L475VG_IOT01A/ARMC6/mbed-os/targets/TARGET_STM/pinmap.o
    0x08003174   0x00000022   Code   RO         9220    .text.LL_GPIO_SetAFPin_8_15  BUILD/DISCO_L475VG_IOT01A/ARMC6/mbed-os/targets/TARGET_STM/pinmap.o
    0x08003196   0x00000002   PAD
    0x08003198   0x00000020   Code   RO         8918    .text.LL_GPIO_SetPinMode  BUILD/DISCO_L475VG_IOT01A/ARMC6/mbed-os/targets/TARGET_STM/gpio_api.o
    0x080031b8   0x00000020   Code   RO         9206    .text.LL_GPIO_SetPinMode  BUILD/DISCO_L475VG_IOT01A/ARMC6/mbed-os/targets/TARGET_STM/pinmap.o
    0x080031d8   0x0000000c   Code   RO         9212    .text.LL_GPIO_SetPinOutputType  BUILD/DISCO_L475VG_IOT01A/ARMC6/mbed-os/targets/TARGET_STM/pinmap.o
    0x080031e4   0x00000020   Code   RO         9224    .text.LL_GPIO_SetPinPull  BUILD/DISCO_L475VG_IOT01A/ARMC6/mbed-os/targets/TARGET_STM/pinmap.o
    0x08003204   0x00000020   Code   RO         9202    .text.LL_GPIO_SetPinSpeed  BUILD/DISCO_L475VG_IOT01A/ARMC6/mbed-os/targets/TARGET_STM/pinmap.o
    0x08003224   0x00000010   Code   RO         9422    .text.LL_PWR_IsEnabledLowPowerRunMode  BUILD/DISCO_L475VG_IOT01A/ARMC6/mbed-os/targets/TARGET_STM/sleep.o
    0x08003234   0x00000010   Code   RO         9187    .text.LL_RCC_LSE_IsReady  BUILD/DISCO_L475VG_IOT01A/ARMC6/mbed-os/targets/TARGET_STM/mbed_overrides.o
    0x08003244   0x0000000e   Code   RO         9267    .text.LL_TIM_CC_IsEnabledChannel  BUILD/DISCO_L475VG_IOT01A/ARMC6/mbed-os/targets/TARGET_STM/pwmout_api.o
    0x08003252   0x00000002   PAD
    0x08003254   0x0000000a   Code   RO         9608    .text.LL_TIM_GenerateEvent_CC1  BUILD/DISCO_L475VG_IOT01A/ARMC6/mbed-os/targets/TARGET_STM/us_ticker.o
    0x0800325e   0x00000002   PAD
    0x08003260   0x000000fc   Code   RO         9124    .text.LPTIM_IRQHandler  BUILD/DISCO_L475VG_IOT01A/ARMC6/mbed-os/targets/TARGET_STM/lp_ticker.o
    0x0800335c   0x00000048   Code   RO         5132    .text.LPTIM_WaitForFlag  BUILD/DISCO_L475VG_IOT01A/ARMC6/mbed-os/targets/TARGET_STM/TARGET_STM32L4/STM32Cube_FW/STM32L4xx_HAL_Driver/stm32l4xx_hal_lptim.o
    0x080033a4   0x00000018   Code   RO         9189    .text.LSEDriveConfig  BUILD/DISCO_L475VG_IOT01A/ARMC6/mbed-os/targets/TARGET_STM/mbed_overrides.o
    0x080033bc   0x0000018e   Code   RO         5803    .text.RCCEx_PLLSAI1_Config  BUILD/DISCO_L475VG_IOT01A/ARMC6/mbed-os/targets/TARGET_STM/TARGET_STM32L4/STM32Cube_FW/STM32L4xx_HAL_Driver/stm32l4xx_hal_rcc_ex.o
    0x0800354a   0x00000002   PAD
    0x0800354c   0x0000015e   Code   RO         5805    .text.RCCEx_PLLSAI2_Config  BUILD/DISCO_L475VG_IOT01A/ARMC6/mbed-os/targets/TARGET_STM/TARGET_STM32L4/STM32Cube_FW/STM32L4xx_HAL_Driver/stm32l4xx_hal_rcc_ex.o
    0x080036aa   0x00000002   PAD
    0x080036ac   0x0000008e   Code   RO         5769    .text.RCC_SetFlashLatencyFromMSIRange  BUILD/DISCO_L475VG_IOT01A/ARMC6/mbed-os/targets/TARGET_STM/TARGET_STM32L4/STM32Cube_FW/STM32L4xx_HAL_Driver/stm32l4xx_hal_rcc.o
    0x0800373a   0x00000002   PAD
    0x0800373c   0x00000028   Code   RO         8507    .text.SetSysClock   BUILD/DISCO_L475VG_IOT01A/ARMC6/mbed-os/targets/TARGET_STM/TARGET_STM32L4/TARGET_STM32L475xG/system_clock.o
    0x08003764   0x00000098   Code   RO         8509    .text.SetSysClock_PLL_MSI  BUILD/DISCO_L475VG_IOT01A/ARMC6/mbed-os/targets/TARGET_STM/TARGET_STM32L4/TARGET_STM32L475xG/system_clock.o
    0x080037fc   0x0000019c   Code   RO         8908    .text.Set_GPIO_Clock  BUILD/DISCO_L475VG_IOT01A/ARMC6/mbed-os/targets/TARGET_STM/gpio_api.o
    0x08003998   0x00000010   Code   RO         9658    .text.SysTick_Handler  BUILD/DISCO_L475VG_IOT01A/ARMC6/millis.o
    0x080039a8   0x000000be   Code   RO         8461    .text.SystemCoreClockUpdate  BUILD/DISCO_L475VG_IOT01A/ARMC6/mbed-os/targets/TARGET_STM/TARGET_STM32L4/STM32Cube_FW/system_stm32l4xx.o
    0x08003a66   0x00000002   PAD
    0x08003a68   0x00000050   Code   RO         8459    .text.SystemInit    BUILD/DISCO_L475VG_IOT01A/ARMC6/mbed-os/targets/TARGET_STM/TARGET_STM32L4/STM32Cube_FW/system_stm32l4xx.o
    0x08003ab8   0x00000122   Code   RO         6681    .text.TIM_Base_SetConfig  BUILD/DISCO_L475VG_IOT01A/ARMC6/mbed-os/targets/TARGET_STM/TARGET_STM32L4/STM32Cube_FW/STM32L4xx_HAL_Driver/stm32l4xx_hal_tim.o
    0x08003bda   0x00000002   PAD
    0x08003bdc   0x00000024   Code   RO         6715    .text.TIM_CCxChannelCmd  BUILD/DISCO_L475VG_IOT01A/ARMC6/mbed-os/targets/TARGET_STM/TARGET_STM32L4/STM32Cube_FW/STM32L4xx_HAL_Driver/stm32l4xx_hal_tim.o
    0x08003c00   0x00000024   Code   RO         6949    .text.TIM_CCxNChannelCmd  BUILD/DISCO_L475VG_IOT01A/ARMC6/mbed-os/targets/TARGET_STM/TARGET_STM32L4/STM32Cube_FW/STM32L4xx_HAL_Driver/stm32l4xx_hal_tim_ex.o
    0x08003c24   0x00000044   Code   RO         9255    .text.TIM_ChannelConvert_HAL2LL  BUILD/DISCO_L475VG_IOT01A/ARMC6/mbed-os/targets/TARGET_STM/pwmout_api.o
    0x08003c68   0x0000007e   Code   RO         6825    .text.TIM_OC1_SetConfig  BUILD/DISCO_L475VG_IOT01A/ARMC6/mbed-os/targets/TARGET_STM/TARGET_STM32L4/STM32Cube_FW/STM32L4xx_HAL_Driver/stm32l4xx_hal_tim.o
    0x08003ce6   0x00000002   PAD
    0x08003ce8   0x00000090   Code   RO         6827    .text.TIM_OC2_SetConfig  BUILD/DISCO_L475VG_IOT01A/ARMC6/mbed-os/targets/TARGET_STM/TARGET_STM32L4/STM32Cube_FW/STM32L4xx_HAL_Driver/stm32l4xx_hal_tim.o
    0x08003d78   0x00000090   Code   RO         6829    .text.TIM_OC3_SetConfig  BUILD/DISCO_L475VG_IOT01A/ARMC6/mbed-os/targets/TARGET_STM/TARGET_STM32L4/STM32Cube_FW/STM32L4xx_HAL_Driver/stm32l4xx_hal_tim.o
    0x08003e08   0x00000060   Code   RO         6831    .text.TIM_OC4_SetConfig  BUILD/DISCO_L475VG_IOT01A/ARMC6/mbed-os/targets/TARGET_STM/TARGET_STM32L4/STM32Cube_FW/STM32L4xx_HAL_Driver/stm32l4xx_hal_tim.o
    0x08003e68   0x0000005e   Code   RO         6833    .text.TIM_OC5_SetConfig  BUILD/DISCO_L475VG_IOT01A/ARMC6/mbed-os/targets/TARGET_STM/TARGET_STM32L4/STM32Cube_FW/STM32L4xx_HAL_Driver/stm32l4xx_hal_tim.o
    0x08003ec6   0x00000002   PAD
    0x08003ec8   0x00000060   Code   RO         6835    .text.TIM_OC6_SetConfig  BUILD/DISCO_L475VG_IOT01A/ARMC6/mbed-os/targets/TARGET_STM/TARGET_STM32L4/STM32Cube_FW/STM32L4xx_HAL_Driver/stm32l4xx_hal_tim.o
    0x08003f28   0x00000002   Code   RO         9183    .text.TargetBSP_Init  BUILD/DISCO_L475VG_IOT01A/ARMC6/mbed-os/targets/TARGET_STM/mbed_overrides.o
    0x08003f2a   0x00000002   PAD
    0x08003f2c   0x000000e6   Code   RO         7075    .text.UART_AdvFeatureConfig  BUILD/DISCO_L475VG_IOT01A/ARMC6/mbed-os/targets/TARGET_STM/TARGET_STM32L4/STM32Cube_FW/STM32L4xx_HAL_Driver/stm32l4xx_hal_uart.o
    0x08004012   0x00000002   PAD
    0x08004014   0x0000006a   Code   RO         7077    .text.UART_CheckIdleState  BUILD/DISCO_L475VG_IOT01A/ARMC6/mbed-os/targets/TARGET_STM/TARGET_STM32L4/STM32Cube_FW/STM32L4xx_HAL_Driver/stm32l4xx_hal_uart.o
    0x0800407e   0x00000002   PAD
    0x08004080   0x00000260   Code   RO         7073    .text.UART_SetConfig  BUILD/DISCO_L475VG_IOT01A/ARMC6/mbed-os/targets/TARGET_STM/TARGET_STM32L4/STM32Cube_FW/STM32L4xx_HAL_Driver/stm32l4xx_hal_uart.o
    0x080042e0   0x000000b0   Code   RO         7091    .text.UART_WaitOnFlagUntilTimeout  BUILD/DISCO_L475VG_IOT01A/ARMC6/mbed-os/targets/TARGET_STM/TARGET_STM32L4/STM32Cube_FW/STM32L4xx_HAL_Driver/stm32l4xx_hal_uart.o
    0x08004390   0x00000024   Code   RO          135    .text._GLOBAL__sub_I_main.cpp  BUILD/DISCO_L475VG_IOT01A/ARMC6/main.o
    0x080043b4   0x00000032   Code   RO          125    .text._Z10pause_playv  BUILD/DISCO_L475VG_IOT01A/ARMC6/main.o
    0x080043e6   0x00000002   PAD
    0x080043e8   0x00000004   Code   RO          215    .text._Z21core_util_atomic_loadIN4rtos5MutexEEPT_PKS3_  BUILD/DISCO_L475VG_IOT01A/ARMC6/mbed-os/drivers/source/AnalogIn.o
    0x080043ec   0x00000004   Code   RO          219    .text._Z22core_util_atomic_storeIN4rtos5MutexEEvPPT_S3_  BUILD/DISCO_L475VG_IOT01A/ARMC6/mbed-os/drivers/source/AnalogIn.o
    0x080043f0   0x0000006c   Code   RO         2951    .text._Z30core_util_atomic_load_explicitIhET_PKS0_17mbed_memory_order  BUILD/DISCO_L475VG_IOT01A/ARMC6/mbed-os/platform/source/mbed_retarget.o
    0x0800445c   0x00000028   Code   RO          129    .text._Z3addv       BUILD/DISCO_L475VG_IOT01A/ARMC6/main.o
    0x08004484   0x00000054   Code   RO          131    .text._Z3subv       BUILD/DISCO_L475VG_IOT01A/ARMC6/main.o
    0x080044d8   0x00000028   Code   RO          127    .text._Z5resetv     BUILD/DISCO_L475VG_IOT01A/ARMC6/main.o
    0x08004500   0x00000010   Code   RO          474    .text._ZL10gpio_writeP6gpio_ti  BUILD/DISCO_L475VG_IOT01A/ARMC6/mbed-os/drivers/source/BusInOut.o
    0x08004510   0x00000034   Code   RO         2907    .text._ZL14do_serial_initv  BUILD/DISCO_L475VG_IOT01A/ARMC6/mbed-os/platform/source/mbed_retarget.o
    0x08004544   0x00000018   Code   RO         2813    .text._ZL19do_serial_init_oncev  BUILD/DISCO_L475VG_IOT01A/ARMC6/mbed-os/platform/source/mbed_retarget.o
    0x0800455c   0x00000008   Code   RO         2708    .text._ZL5sleepv    BUILD/DISCO_L475VG_IOT01A/ARMC6/mbed-os/platform/source/mbed_os_timer.o
    0x08004564   0x0000000e   Code   RO          476    .text._ZL9gpio_readP6gpio_t  BUILD/DISCO_L475VG_IOT01A/ARMC6/mbed-os/drivers/source/BusInOut.o
    0x08004572   0x00000002   PAD
    0x08004574   0x00000014   Code   RO         2000    .text._ZN10CThunkBase11cthunk_freeEPFvvE  BUILD/DISCO_L475VG_IOT01A/ARMC6/mbed-os/platform/source/CThunkBase.o
    0x08004588   0x00000008   Code   RO          721    .text._ZN12SingletonPtrIN4rtos5MutexEEC2Ev  BUILD/DISCO_L475VG_IOT01A/ARMC6/mbed-os/drivers/source/I2C.o
    0x08004590   0x0000000e   Code   RO          103    .text._ZN14DFRobot_RGBLCD13setColorWhiteEv  BUILD/DISCO_L475VG_IOT01A/ARMC6/DFRobot_RGBLCD.o
    0x0800459e   0x00000002   PAD
    0x080045a0   0x00000012   Code   RO            7    .text._ZN14DFRobot_RGBLCD4initEv  BUILD/DISCO_L475VG_IOT01A/ARMC6/DFRobot_RGBLCD.o
    0x080045b2   0x00000002   PAD
    0x080045b4   0x0000002c   Code   RO           41    .text._ZN14DFRobot_RGBLCD4sendEPhh  BUILD/DISCO_L475VG_IOT01A/ARMC6/DFRobot_RGBLCD.o
    0x080045e0   0x000000be   Code   RO            9    .text._ZN14DFRobot_RGBLCD5beginEhhh  BUILD/DISCO_L475VG_IOT01A/ARMC6/DFRobot_RGBLCD.o
    0x0800469e   0x00000002   PAD
    0x080046a0   0x0000001e   Code   RO           11    .text._ZN14DFRobot_RGBLCD5clearEv  BUILD/DISCO_L475VG_IOT01A/ARMC6/DFRobot_RGBLCD.o
    0x080046be   0x00000002   PAD
    0x080046c0   0x00000024   Code   RO          105    .text._ZN14DFRobot_RGBLCD5writeEh  BUILD/DISCO_L475VG_IOT01A/ARMC6/DFRobot_RGBLCD.o
    0x080046e4   0x00000050   Code   RO           69    .text._ZN14DFRobot_RGBLCD6printfEPKcz  BUILD/DISCO_L475VG_IOT01A/ARMC6/DFRobot_RGBLCD.o
    0x08004734   0x00000026   Code   RO           45    .text._ZN14DFRobot_RGBLCD6setRGBEhhh  BUILD/DISCO_L475VG_IOT01A/ARMC6/DFRobot_RGBLCD.o
    0x0800475a   0x00000002   PAD
    0x0800475c   0x00000026   Code   RO           47    .text._ZN14DFRobot_RGBLCD6setRegEhh  BUILD/DISCO_L475VG_IOT01A/ARMC6/DFRobot_RGBLCD.o
    0x08004782   0x00000002   PAD
    0x08004784   0x00000022   Code   RO           99    .text._ZN14DFRobot_RGBLCD7commandEh  BUILD/DISCO_L475VG_IOT01A/ARMC6/DFRobot_RGBLCD.o
    0x080047a6   0x00000002   PAD
    0x080047a8   0x00000016   Code   RO           17    .text._ZN14DFRobot_RGBLCD7displayEv  BUILD/DISCO_L475VG_IOT01A/ARMC6/DFRobot_RGBLCD.o
    0x080047be   0x00000002   PAD
    0x080047c0   0x00000038   Code   RO            5    .text._ZN14DFRobot_RGBLCDC2Ehh7PinNameS0_hh  BUILD/DISCO_L475VG_IOT01A/ARMC6/DFRobot_RGBLCD.o
    0x080047f8   0x0000001e   Code   RO          158    .text._ZN4mbed10DigitalOutC2E7PinName  BUILD/DISCO_L475VG_IOT01A/ARMC6/main.o
    0x08004816   0x00000002   PAD
    0x08004818   0x00000018   Code   RO         1401    .text._ZN4mbed10TimerEvent15insert_absoluteENSt3__26chrono10time_pointINS_15TickerDataClockENS2_8durationIxNS1_5ratioILx1ELx1000000EEEEEEE  BUILD/DISCO_L475VG_IOT01A/ARMC6/mbed-os/drivers/source/TimerEvent.o
    0x08004830   0x0000000a   Code   RO         1391    .text._ZN4mbed10TimerEvent3irqEj  BUILD/DISCO_L475VG_IOT01A/ARMC6/mbed-os/drivers/source/TimerEvent.o
    0x0800483a   0x00000002   PAD
    0x0800483c   0x00000012   Code   RO         1395    .text._ZN4mbed10TimerEvent6removeEv  BUILD/DISCO_L475VG_IOT01A/ARMC6/mbed-os/drivers/source/TimerEvent.o
    0x0800484e   0x00000002   PAD
    0x08004850   0x00000032   Code   RO         1389    .text._ZN4mbed10TimerEventC2EPK13ticker_data_t  BUILD/DISCO_L475VG_IOT01A/ARMC6/mbed-os/drivers/source/TimerEvent.o
    0x08004882   0x00000002   PAD
    0x08004884   0x00000036   Code   RO          784    .text._ZN4mbed11InterruptIn12_irq_handlerEj14gpio_irq_event  BUILD/DISCO_L475VG_IOT01A/ARMC6/mbed-os/drivers/source/InterruptIn.o
    0x080048ba   0x00000002   PAD
    0x080048bc   0x0000004a   Code   RO          798    .text._ZN4mbed11InterruptIn4fallENS_8CallbackIFvvEEE  BUILD/DISCO_L475VG_IOT01A/ARMC6/mbed-os/drivers/source/InterruptIn.o
    0x08004906   0x00000002   PAD
    0x08004908   0x00000014   Code   RO          780    .text._ZN4mbed11InterruptIn8irq_initE7PinName  BUILD/DISCO_L475VG_IOT01A/ARMC6/mbed-os/drivers/source/InterruptIn.o
    0x0800491c   0x00000050   Code   RO          782    .text._ZN4mbed11InterruptInC2E7PinName7PinMode  BUILD/DISCO_L475VG_IOT01A/ARMC6/mbed-os/drivers/source/InterruptIn.o
    0x0800496c   0x0000000c   Code   RO          788    .text._ZN4mbed11InterruptInD0Ev  BUILD/DISCO_L475VG_IOT01A/ARMC6/mbed-os/drivers/source/InterruptIn.o
    0x08004978   0x0000001e   Code   RO          786    .text._ZN4mbed11InterruptInD2Ev  BUILD/DISCO_L475VG_IOT01A/ARMC6/mbed-os/drivers/source/InterruptIn.o
    0x08004996   0x00000002   PAD
    0x08004998   0x00000018   Code   RO          600    .text._ZN4mbed12DigitalInOut4modeE7PinMode  BUILD/DISCO_L475VG_IOT01A/ARMC6/mbed-os/drivers/source/DigitalInOut.o
    0x080049b0   0x00000008   Code   RO          491    .text._ZN4mbed12DigitalInOut4readEv  BUILD/DISCO_L475VG_IOT01A/ARMC6/mbed-os/drivers/source/BusInOut.o
    0x080049b8   0x00000016   Code   RO          598    .text._ZN4mbed12DigitalInOut5inputEv  BUILD/DISCO_L475VG_IOT01A/ARMC6/mbed-os/drivers/source/DigitalInOut.o
    0x080049ce   0x00000002   PAD
    0x080049d0   0x00000008   Code   RO          489    .text._ZN4mbed12DigitalInOut5writeEi  BUILD/DISCO_L475VG_IOT01A/ARMC6/mbed-os/drivers/source/BusInOut.o
    0x080049d8   0x00000016   Code   RO          596    .text._ZN4mbed12DigitalInOut6outputEv  BUILD/DISCO_L475VG_IOT01A/ARMC6/mbed-os/drivers/source/DigitalInOut.o
    0x080049ee   0x00000002   PAD
    0x080049f0   0x0000002a   Code   RO          723    .text._ZN4mbed12DigitalInOutC2E7PinName12PinDirection7PinModei  BUILD/DISCO_L475VG_IOT01A/ARMC6/mbed-os/drivers/source/I2C.o
    0x08004a1a   0x00000002   PAD
    0x08004a1c   0x0000000c   Code   RO          727    .text._ZN4mbed12DigitalInOutaSEi  BUILD/DISCO_L475VG_IOT01A/ARMC6/mbed-os/drivers/source/I2C.o
    0x08004a28   0x00000008   Code   RO          725    .text._ZN4mbed12DigitalInOutcviEv  BUILD/DISCO_L475VG_IOT01A/ARMC6/mbed-os/drivers/source/I2C.o
    0x08004a30   0x0000000a   Code   RO         1412    .text._ZN4mbed15TickerDataClock11set_handlerEPFvjE  BUILD/DISCO_L475VG_IOT01A/ARMC6/mbed-os/drivers/source/TimerEvent.o
    0x08004a3a   0x00000002   PAD
    0x08004a3c   0x00000016   Code   RO         1416    .text._ZN4mbed15TickerDataClock12insert_eventEP14ticker_event_sNSt3__26chrono10time_pointIS0_NS4_8durationIxNS3_5ratioILx1ELx1000000EEEEEEEj  BUILD/DISCO_L475VG_IOT01A/ARMC6/mbed-os/drivers/source/TimerEvent.o
    0x08004a52   0x00000002   PAD
    0x08004a54   0x0000000a   Code   RO         1418    .text._ZN4mbed15TickerDataClock12remove_eventEP14ticker_event_s  BUILD/DISCO_L475VG_IOT01A/ARMC6/mbed-os/drivers/source/TimerEvent.o
    0x08004a5e   0x00000002   PAD
    0x08004a60   0x00000004   Code   RO         1380    .text._ZN4mbed15TickerDataClockC2EPK13ticker_data_t  BUILD/DISCO_L475VG_IOT01A/ARMC6/mbed-os/drivers/source/Timer.o
    0x08004a64   0x0000000c   Code   RO         2030    .text._ZN4mbed19CriticalSectionLockC2Ev  BUILD/DISCO_L475VG_IOT01A/ARMC6/mbed-os/platform/source/CriticalSectionLock.o
    0x08004a70   0x0000000c   Code   RO         2032    .text._ZN4mbed19CriticalSectionLockD2Ev  BUILD/DISCO_L475VG_IOT01A/ARMC6/mbed-os/platform/source/CriticalSectionLock.o
    0x08004a7c   0x0000001a   Code   RO         2811    .text._ZN4mbed20minimal_console_putcEi  BUILD/DISCO_L475VG_IOT01A/ARMC6/mbed-os/platform/source/mbed_retarget.o
    0x08004a96   0x00000002   PAD
    0x08004a98   0x0000000e   Code   RO          691    .text._ZN4mbed3I2C4lockEv  BUILD/DISCO_L475VG_IOT01A/ARMC6/mbed-os/drivers/source/I2C.o
    0x08004aa6   0x00000002   PAD
    0x08004aa8   0x00000044   Code   RO          679    .text._ZN4mbed3I2C5writeEiPKcib  BUILD/DISCO_L475VG_IOT01A/ARMC6/mbed-os/drivers/source/I2C.o
    0x08004aec   0x0000000e   Code   RO          693    .text._ZN4mbed3I2C6unlockEv  BUILD/DISCO_L475VG_IOT01A/ARMC6/mbed-os/drivers/source/I2C.o
    0x08004afa   0x00000002   PAD
    0x08004afc   0x000000e4   Code   RO          673    .text._ZN4mbed3I2C7recoverE7PinNameS1_  BUILD/DISCO_L475VG_IOT01A/ARMC6/mbed-os/drivers/source/I2C.o
    0x08004be0   0x0000007e   Code   RO          671    .text._ZN4mbed3I2CC2E7PinNameS1_  BUILD/DISCO_L475VG_IOT01A/ARMC6/mbed-os/drivers/source/I2C.o
    0x08004c5e   0x00000002   PAD
    0x08004c60   0x0000000c   Code   RO          741    .text._ZN4mbed3I2CD0Ev  BUILD/DISCO_L475VG_IOT01A/ARMC6/mbed-os/drivers/source/I2C.o
    0x08004c6c   0x0000001e   Code   RO          739    .text._ZN4mbed3I2CD2Ev  BUILD/DISCO_L475VG_IOT01A/ARMC6/mbed-os/drivers/source/I2C.o
    0x08004c8a   0x00000002   PAD
    0x08004c8c   0x00000002   Code   RO          840    .text._ZN4mbed4impl7MbedCRCILj79764919ELh32ELNS_7CrcModeE2EE10shift_leftEj  BUILD/DISCO_L475VG_IOT01A/ARMC6/mbed-os/drivers/source/MbedCRC.o
    0x08004c8e   0x00000002   PAD
    0x08004c90   0x00000008   Code   RO          838    .text._ZN4mbed4impl7MbedCRCILj79764919ELh32ELNS_7CrcModeE2EE11reflect_crcEj  BUILD/DISCO_L475VG_IOT01A/ARMC6/mbed-os/drivers/source/MbedCRC.o
    0x08004c98   0x00000002   Code   RO          860    .text._ZN4mbed4impl7MbedCRCILj79764919ELh32ELNS_7CrcModeE2EE11shift_rightEj  BUILD/DISCO_L475VG_IOT01A/ARMC6/mbed-os/drivers/source/MbedCRC.o
    0x08004c9a   0x00000002   PAD
    0x08004c9c   0x00000006   Code   RO          866    .text._ZN4mbed4impl7MbedCRCILj79764919ELh32ELNS_7CrcModeE2EE12get_crc_maskEv  BUILD/DISCO_L475VG_IOT01A/ARMC6/mbed-os/drivers/source/MbedCRC.o
    0x08004ca2   0x00000002   PAD
    0x08004ca4   0x00000008   Code   RO          848    .text._ZN4mbed4impl7MbedCRCILj79764919ELh32ELNS_7CrcModeE2EE15compute_partialEPKvjPj  BUILD/DISCO_L475VG_IOT01A/ARMC6/mbed-os/drivers/source/MbedCRC.o
    0x08004cac   0x00000012   Code   RO          856    .text._ZN4mbed4impl7MbedCRCILj79764919ELh32ELNS_7CrcModeE2EE15do_1_bit_normalEj  BUILD/DISCO_L475VG_IOT01A/ARMC6/mbed-os/drivers/source/MbedCRC.o
    0x08004cbe   0x00000002   PAD
    0x08004cc0   0x00000006   Code   RO          862    .text._ZN4mbed4impl7MbedCRCILj79764919ELh32ELNS_7CrcModeE2EE16reflect_constantEj  BUILD/DISCO_L475VG_IOT01A/ARMC6/mbed-os/drivers/source/MbedCRC.o
    0x08004cc6   0x00000002   PAD
    0x08004cc8   0x00000012   Code   RO          854    .text._ZN4mbed4impl7MbedCRCILj79764919ELh32ELNS_7CrcModeE2EE18do_1_bit_reflectedEj  BUILD/DISCO_L475VG_IOT01A/ARMC6/mbed-os/drivers/source/MbedCRC.o
    0x08004cda   0x00000002   PAD
    0x08004cdc   0x00000010   Code   RO          864    .text._ZN4mbed4impl7MbedCRCILj79764919ELh32ELNS_7CrcModeE2EE18get_top_polynomialEv  BUILD/DISCO_L475VG_IOT01A/ARMC6/mbed-os/drivers/source/MbedCRC.o
    0x08004cec   0x00000010   Code   RO          836    .text._ZN4mbed4impl7MbedCRCILj79764919ELh32ELNS_7CrcModeE2EE20adjust_initial_valueEjb  BUILD/DISCO_L475VG_IOT01A/ARMC6/mbed-os/drivers/source/MbedCRC.o
    0x08004cfc   0x00000036   Code   RO          850    .text._ZN4mbed4impl7MbedCRCILj79764919ELh32ELNS_7CrcModeE2EE20compute_partial_stopEPj  BUILD/DISCO_L475VG_IOT01A/ARMC6/mbed-os/drivers/source/MbedCRC.o
    0x08004d32   0x00000002   PAD
    0x08004d34   0x00000008   Code   RO          846    .text._ZN4mbed4impl7MbedCRCILj79764919ELh32ELNS_7CrcModeE2EE21compute_partial_startEPj  BUILD/DISCO_L475VG_IOT01A/ARMC6/mbed-os/drivers/source/MbedCRC.o
    0x08004d3c   0x00000014   Code   RO          858    .text._ZN4mbed4impl7MbedCRCILj79764919ELh32ELNS_7CrcModeE2EE24get_reflected_polynomialEv  BUILD/DISCO_L475VG_IOT01A/ARMC6/mbed-os/drivers/source/MbedCRC.o
    0x08004d50   0x00000034   Code   RO          844    .text._ZN4mbed4impl7MbedCRCILj79764919ELh32ELNS_7CrcModeE2EE7computeEPKvjPj  BUILD/DISCO_L475VG_IOT01A/ARMC6/mbed-os/drivers/source/MbedCRC.o
    0x08004d84   0x00000006   Code   RO          842    .text._ZN4mbed4impl7MbedCRCILj79764919ELh32ELNS_7CrcModeE2EE7reflectEj  BUILD/DISCO_L475VG_IOT01A/ARMC6/mbed-os/drivers/source/MbedCRC.o
    0x08004d8a   0x00000002   PAD
    0x08004d8c   0x00000022   Code   RO          834    .text._ZN4mbed4impl7MbedCRCILj79764919ELh32ELNS_7CrcModeE2EEC2Ejjbb  BUILD/DISCO_L475VG_IOT01A/ARMC6/mbed-os/drivers/source/MbedCRC.o
    0x08004dae   0x00000002   PAD
    0x08004db0   0x00000014   Code   RO         1369    .text._ZN4mbed5TimerC2Ev  BUILD/DISCO_L475VG_IOT01A/ARMC6/mbed-os/drivers/source/Timer.o
    0x08004dc4   0x00000016   Code   RO          945    .text._ZN4mbed6PwmOut15lock_deep_sleepEv  BUILD/DISCO_L475VG_IOT01A/ARMC6/mbed-os/drivers/source/PwmOut.o
    0x08004dda   0x00000002   PAD
    0x08004ddc   0x0000002c   Code   RO          913    .text._ZN4mbed6PwmOut4initEv  BUILD/DISCO_L475VG_IOT01A/ARMC6/mbed-os/drivers/source/PwmOut.o
    0x08004e08   0x00000024   Code   RO          921    .text._ZN4mbed6PwmOut5writeEf  BUILD/DISCO_L475VG_IOT01A/ARMC6/mbed-os/drivers/source/PwmOut.o
    0x08004e2c   0x0000001c   Code   RO          911    .text._ZN4mbed6PwmOutC2E7PinName  BUILD/DISCO_L475VG_IOT01A/ARMC6/mbed-os/drivers/source/PwmOut.o
    0x08004e48   0x0000000c   Code   RO          162    .text._ZN4mbed6detail12CallbackBase5clearEv  BUILD/DISCO_L475VG_IOT01A/ARMC6/main.o
    0x08004e54   0x00000004   Code   RO          166    .text._ZN4mbed6detail12CallbackBase7controlEv  BUILD/DISCO_L475VG_IOT01A/ARMC6/main.o
    0x08004e58   0x00000002   Code   RO          584    .text._ZN4mbed6detail12CallbackBase7destroyEv  BUILD/DISCO_L475VG_IOT01A/ARMC6/mbed-os/drivers/source/CAN.o
    0x08004e5a   0x00000002   PAD
    0x08004e5c   0x00000006   Code   RO          373    .text._ZN4mbed6detail12CallbackBaseC2EDn  BUILD/DISCO_L475VG_IOT01A/ARMC6/mbed-os/drivers/source/BufferedSerial.o
    0x08004e62   0x00000002   PAD
    0x08004e64   0x00000008   Code   RO          170    .text._ZN4mbed6detail8invoke_rIvRPFvvEJELi0EEET_OT0_DpOT1_  BUILD/DISCO_L475VG_IOT01A/ARMC6/main.o
    0x08004e6c   0x00000008   Code   RO          832    .text._ZN4mbed7MbedCRCILj79764919ELh32ELNS_7CrcModeE2EE7computeEPKvjPj  BUILD/DISCO_L475VG_IOT01A/ARMC6/mbed-os/drivers/source/MbedCRC.o
    0x08004e74   0x00000014   Code   RO          830    .text._ZN4mbed7MbedCRCILj79764919ELh32ELNS_7CrcModeE2EEC2Ejjbb  BUILD/DISCO_L475VG_IOT01A/ARMC6/mbed-os/drivers/source/MbedCRC.o
    0x08004e88   0x0000000a   Code   RO          717    .text._ZN4mbed8CallbackIFviEEC2Ev  BUILD/DISCO_L475VG_IOT01A/ARMC6/mbed-os/drivers/source/I2C.o
    0x08004e92   0x00000002   PAD
    0x08004e94   0x00000008   Code   RO          168    .text._ZN4mbed8CallbackIFvvEE11target_callIPS1_EEvPKNS_6detail12CallbackBaseE  BUILD/DISCO_L475VG_IOT01A/ARMC6/main.o
    0x08004e9c   0x00000016   Code   RO          164    .text._ZN4mbed8CallbackIFvvEE8generateIPS1_vEEvOT_  BUILD/DISCO_L475VG_IOT01A/ARMC6/main.o
    0x08004eb2   0x00000002   PAD
    0x08004eb4   0x0000000a   Code   RO          335    .text._ZN4mbed8CallbackIFvvEEC2Ev  BUILD/DISCO_L475VG_IOT01A/ARMC6/mbed-os/drivers/source/BufferedSerial.o
    0x08004ebe   0x00000002   PAD
    0x08004ec0   0x0000002a   Code   RO          160    .text._ZN4mbed8CallbackIFvvEEC2IPS1_Li0EEET_  BUILD/DISCO_L475VG_IOT01A/ARMC6/main.o
    0x08004eea   0x00000002   PAD
    0x08004eec   0x00000012   Code   RO          582    .text._ZN4mbed8CallbackIFvvEEaSEDn  BUILD/DISCO_L475VG_IOT01A/ARMC6/mbed-os/drivers/source/CAN.o
    0x08004efe   0x00000002   PAD
    0x08004f00   0x0000002a   Code   RO         2700    .text._ZN4mbed8internal13init_os_timerEv  BUILD/DISCO_L475VG_IOT01A/ARMC6/mbed-os/platform/source/mbed_os_timer.o
    0x08004f2a   0x00000002   PAD
    0x08004f2c   0x00000058   Code   RO         2721    .text._ZN4mbed8internal18do_sleep_operationINS0_18timed_predicate_opEEEvRT_  BUILD/DISCO_L475VG_IOT01A/ARMC6/mbed-os/platform/source/mbed_os_timer.o
    0x08004f84   0x00000020   Code   RO         2735    .text._ZN4mbed8internal18timed_predicate_op13sleep_prepareEv  BUILD/DISCO_L475VG_IOT01A/ARMC6/mbed-os/platform/source/mbed_os_timer.o
    0x08004fa4   0x00000028   Code   RO         2737    .text._ZN4mbed8internal18timed_predicate_op14sleep_preparedEv  BUILD/DISCO_L475VG_IOT01A/ARMC6/mbed-os/platform/source/mbed_os_timer.o
    0x08004fcc   0x00000018   Code   RO         2719    .text._ZN4mbed8internal18timed_predicate_opC2ENSt3__26chrono10time_pointINS0_7OsClockENS3_8durationIxNS2_5ratioILx1ELx1000EEEEEEEPFbPvESB_  BUILD/DISCO_L475VG_IOT01A/ARMC6/mbed-os/platform/source/mbed_os_timer.o
    0x08004fe4   0x00000018   Code   RO         2723    .text._ZN4mbed8internal18timed_predicate_opD2Ev  BUILD/DISCO_L475VG_IOT01A/ARMC6/mbed-os/platform/source/mbed_os_timer.o
    0x08004ffc   0x0000004e   Code   RO         2706    .text._ZN4mbed8internal34do_timed_sleep_relative_or_foreverENSt3__26chrono8durationIjNS1_5ratioILx1ELx1000EEEEEPFbPvES7_  BUILD/DISCO_L475VG_IOT01A/ARMC6/mbed-os/platform/source/mbed_os_timer.o
    0x0800504a   0x00000002   PAD
    0x0800504c   0x0000001a   Code   RO         2739    .text._ZN4mbed8internal7OsClock13set_wake_timeENSt3__26chrono10time_pointIS1_NS3_8durationIxNS2_5ratioILx1ELx1000EEEEEEE  BUILD/DISCO_L475VG_IOT01A/ARMC6/mbed-os/platform/source/mbed_os_timer.o
    0x08005066   0x00000002   PAD
    0x08005068   0x0000001e   Code   RO         2731    .text._ZN4mbed8internal7OsClock3nowEv  BUILD/DISCO_L475VG_IOT01A/ARMC6/mbed-os/platform/source/mbed_os_timer.o
    0x08005086   0x00000002   PAD
    0x08005088   0x00000042   Code   RO         2234    .text._ZN4mbed8internal8SysTimerINSt3__25ratioILx1ELx1000EEELb1EE11cancel_wakeEv  BUILD/DISCO_L475VG_IOT01A/ARMC6/mbed-os/platform/source/SysTimer.o
    0x080050ca   0x00000002   PAD
    0x080050cc   0x000000ec   Code   RO         2238    .text._ZN4mbed8internal8SysTimerINSt3__25ratioILx1ELx1000EEELb1EE13set_wake_timeENS2_6chrono10time_pointIS5_NS6_8durationIyS4_EEEE  BUILD/DISCO_L475VG_IOT01A/ARMC6/mbed-os/platform/source/SysTimer.o
    0x080051b8   0x00000014   Code   RO         2254    .text._ZN4mbed8internal8SysTimerINSt3__25ratioILx1ELx1000EEELb1EE14_schedule_tickEv  BUILD/DISCO_L475VG_IOT01A/ARMC6/mbed-os/platform/source/SysTimer.o
    0x080051cc   0x00000022   Code   RO         2274    .text._ZN4mbed8internal8SysTimerINSt3__25ratioILx1ELx1000EEELb1EE15_increment_tickEv  BUILD/DISCO_L475VG_IOT01A/ARMC6/mbed-os/platform/source/SysTimer.o
    0x080051ee   0x00000002   PAD
    0x080051f0   0x00000010   Code   RO         2252    .text._ZN4mbed8internal8SysTimerINSt3__25ratioILx1ELx1000EEELb1EE16_set_irq_pendingEv  BUILD/DISCO_L475VG_IOT01A/ARMC6/mbed-os/platform/source/SysTimer.o
    0x08005200   0x00000070   Code   RO         2240    .text._ZN4mbed8internal8SysTimerINSt3__25ratioILx1ELx1000EEELb1EE19update_and_get_tickEv  BUILD/DISCO_L475VG_IOT01A/ARMC6/mbed-os/platform/source/SysTimer.o
    0x08005270   0x00000042   Code   RO         2272    .text._ZN4mbed8internal8SysTimerINSt3__25ratioILx1ELx1000EEELb1EE7handlerEv  BUILD/DISCO_L475VG_IOT01A/ARMC6/mbed-os/platform/source/SysTimer.o
    0x080052b2   0x00000002   PAD
    0x080052b4   0x0000003a   Code   RO         2228    .text._ZN4mbed8internal8SysTimerINSt3__25ratioILx1ELx1000EEELb1EEC2EPK13ticker_data_t  BUILD/DISCO_L475VG_IOT01A/ARMC6/mbed-os/platform/source/SysTimer.o
    0x080052ee   0x00000002   PAD
    0x080052f0   0x00000040   Code   RO         1353    .text._ZN4mbed9TimerBase4stopEv  BUILD/DISCO_L475VG_IOT01A/ARMC6/mbed-os/drivers/source/Timer.o
    0x08005330   0x0000004c   Code   RO         1343    .text._ZN4mbed9TimerBase5resetEv  BUILD/DISCO_L475VG_IOT01A/ARMC6/mbed-os/drivers/source/Timer.o
    0x0800537c   0x0000003a   Code   RO         1351    .text._ZN4mbed9TimerBase5startEv  BUILD/DISCO_L475VG_IOT01A/ARMC6/mbed-os/drivers/source/Timer.o
    0x080053b6   0x00000002   PAD
    0x080053b8   0x00000024   Code   RO         1341    .text._ZN4mbed9TimerBaseC2EPK13ticker_data_tb  BUILD/DISCO_L475VG_IOT01A/ARMC6/mbed-os/drivers/source/Timer.o
    0x080053dc   0x00000006   Code   RO         2955    .text._ZN4mstd4impl6INVOKEIRFvvEJEEENSt3__29enable_ifIXoontsr3std17is_member_pointerINS4_5decayIT_E4typeEEE5valueaasr3std24is_member_object_pointerIS9_EE5valuenesZfp0_Li1EEDTclclsr3stdE7forwardIS7_Efp_Espclsr3stdE7forwardIT0_Efp0_EEEE4typeEOS7_DpOSA_  BUILD/DISCO_L475VG_IOT01A/ARMC6/mbed-os/platform/source/mbed_retarget.o
    0x080053e2   0x00000002   PAD
    0x080053e4   0x00000008   Code   RO          174    .text._ZN4mstd4impl6INVOKEIRPFvvEJEEENSt3__29enable_ifIXoontsr3std17is_member_pointerINS5_5decayIT_E4typeEEE5valueaasr3std24is_member_object_pointerISA_EE5valuenesZfp0_Li1EEDTclclsr3stdE7forwardIS8_Efp_Espclsr3stdE7forwardIT0_Efp0_EEEE4typeEOS8_DpOSB_  BUILD/DISCO_L475VG_IOT01A/ARMC6/main.o
    0x080053ec   0x00000008   Code   RO         2953    .text._ZN4mstd6invokeIRFvvEJEEENS_13invoke_resultIT_JDpT0_EE4typeEOS4_DpOS5_  BUILD/DISCO_L475VG_IOT01A/ARMC6/mbed-os/platform/source/mbed_retarget.o
    0x080053f4   0x00000008   Code   RO          172    .text._ZN4mstd6invokeIRPFvvEJEEENS_13invoke_resultIT_JDpT0_EE4typeEOS5_DpOS6_  BUILD/DISCO_L475VG_IOT01A/ARMC6/main.o
    0x080053fc   0x0000002a   Code   RO         2949    .text._ZN4mstd9call_onceIRFvvEJEEEvRNS_9once_flagEOT_DpOT0_  BUILD/DISCO_L475VG_IOT01A/ARMC6/mbed-os/platform/source/mbed_retarget.o
    0x08005426   0x00000002   PAD
    0x08005428   0x00000008   Code   RO         3222    .text._ZN4rtos10ThisThread9sleep_forENSt3__26chrono8durationIjNS1_5ratioILx1ELx1000EEEEE  BUILD/DISCO_L475VG_IOT01A/ARMC6/mbed-os/rtos/source/ThisThread.o
    0x08005430   0x00000002   Code   RO          211    .text._ZN4rtos5Mutex4lockEv  BUILD/DISCO_L475VG_IOT01A/ARMC6/mbed-os/drivers/source/AnalogIn.o
    0x08005432   0x00000002   PAD
    0x08005434   0x00000002   Code   RO          221    .text._ZN4rtos5Mutex6unlockEv  BUILD/DISCO_L475VG_IOT01A/ARMC6/mbed-os/drivers/source/AnalogIn.o
    0x08005436   0x00000002   PAD
    0x08005438   0x00000002   Code   RO          217    .text._ZN4rtos5MutexC2Ev  BUILD/DISCO_L475VG_IOT01A/ARMC6/mbed-os/drivers/source/AnalogIn.o
    0x0800543a   0x00000002   PAD
    0x0800543c   0x00000028   Code   RO          747    .text._ZN6CThunkIN4mbed3I2CEE10trampolineEP10CThunkBase  BUILD/DISCO_L475VG_IOT01A/ARMC6/mbed-os/drivers/source/I2C.o
    0x08005464   0x0000001e   Code   RO          745    .text._ZN6CThunkIN4mbed3I2CEE4initEPS1_MS1_FvPvES4_  BUILD/DISCO_L475VG_IOT01A/ARMC6/mbed-os/drivers/source/I2C.o
    0x08005482   0x00000002   PAD
    0x08005484   0x0000001c   Code   RO          719    .text._ZN6CThunkIN4mbed3I2CEEC2EPS1_  BUILD/DISCO_L475VG_IOT01A/ARMC6/mbed-os/drivers/source/I2C.o
    0x080054a0   0x00000014   Code   RO          743    .text._ZN6CThunkIN4mbed3I2CEED2Ev  BUILD/DISCO_L475VG_IOT01A/ARMC6/mbed-os/drivers/source/I2C.o
    0x080054b4   0x00000044   Code   RO         1148    .text._ZNK12SingletonPtrIN4rtos5MutexEE3getEv  BUILD/DISCO_L475VG_IOT01A/ARMC6/mbed-os/drivers/source/SPI.o
    0x080054f8   0x00000008   Code   RO          209    .text._ZNK12SingletonPtrIN4rtos5MutexEEptEv  BUILD/DISCO_L475VG_IOT01A/ARMC6/mbed-os/drivers/source/AnalogIn.o
    0x08005500   0x00000012   Code   RO         1310    .text._ZNK4mbed15TickerDataClock3nowEv  BUILD/DISCO_L475VG_IOT01A/ARMC6/mbed-os/drivers/source/Ticker.o
    0x08005512   0x00000002   PAD
    0x08005514   0x00000004   Code   RO         2244    .text._ZNK4mbed15TickerDataClockptEv  BUILD/DISCO_L475VG_IOT01A/ARMC6/mbed-os/platform/source/SysTimer.o
    0x08005518   0x0000005c   Code   RO          852    .text._ZNK4mbed4impl7MbedCRCILj79764919ELh32ELNS_7CrcModeE2EE18do_compute_partialILS2_2EEENSt3__29enable_ifIXeqT_LS2_2EEiE4typeEPKhjPj  BUILD/DISCO_L475VG_IOT01A/ARMC6/mbed-os/drivers/source/MbedCRC.o
    0x08005574   0x00000004   Code   RO          401    .text._ZNK4mbed6detail12CallbackBase7call_fnEv  BUILD/DISCO_L475VG_IOT01A/ARMC6/mbed-os/drivers/source/BufferedSerial.o
    0x08005578   0x00000004   Code   RO          397    .text._ZNK4mbed6detail12CallbackBase7controlEv  BUILD/DISCO_L475VG_IOT01A/ARMC6/mbed-os/drivers/source/BufferedSerial.o
    0x0800557c   0x00000034   Code   RO         1258    .text._ZNK4mbed8CallbackIFvvEE4callEv  BUILD/DISCO_L475VG_IOT01A/ARMC6/mbed-os/drivers/source/SerialBase.o
    0x080055b0   0x00000008   Code   RO          349    .text._ZNK4mbed8CallbackIFvvEEclEv  BUILD/DISCO_L475VG_IOT01A/ARMC6/mbed-os/drivers/source/BufferedSerial.o
    0x080055b8   0x00000010   Code   RO          347    .text._ZNK4mbed8CallbackIFvvEEcvbEv  BUILD/DISCO_L475VG_IOT01A/ARMC6/mbed-os/drivers/source/BufferedSerial.o
    0x080055c8   0x00000022   Code   RO         2733    .text._ZNK4mbed8internal18timed_predicate_op14wake_conditionEv  BUILD/DISCO_L475VG_IOT01A/ARMC6/mbed-os/platform/source/mbed_os_timer.o
    0x080055ea   0x00000002   PAD
    0x080055ec   0x00000006   Code   RO         2248    .text._ZNK4mbed8internal8SysTimerINSt3__25ratioILx1ELx1000EEELb1EE13wake_time_setEv  BUILD/DISCO_L475VG_IOT01A/ARMC6/mbed-os/platform/source/SysTimer.o
    0x080055f2   0x00000002   PAD
    0x080055f4   0x00000066   Code   RO         2266    .text._ZNK4mbed8internal8SysTimerINSt3__25ratioILx1ELx1000EEELb1EE14_elapsed_ticksEv  BUILD/DISCO_L475VG_IOT01A/ARMC6/mbed-os/platform/source/SysTimer.o
    0x0800565a   0x00000002   PAD
    0x0800565c   0x00000006   Code   RO         2246    .text._ZNK4mbed8internal8SysTimerINSt3__25ratioILx1ELx1000EEELb1EE16wake_time_passedEv  BUILD/DISCO_L475VG_IOT01A/ARMC6/mbed-os/platform/source/SysTimer.o
    0x08005662   0x00000002   PAD
    0x08005664   0x00000012   Code   RO         2242    .text._ZNK4mbed8internal8SysTimerINSt3__25ratioILx1ELx1000EEELb1EE8get_tickEv  BUILD/DISCO_L475VG_IOT01A/ARMC6/mbed-os/platform/source/SysTimer.o
    0x08005676   0x00000002   PAD
    0x08005678   0x00000032   Code   RO         1359    .text._ZNK4mbed9TimerBase12elapsed_timeEv  BUILD/DISCO_L475VG_IOT01A/ARMC6/mbed-os/drivers/source/Timer.o
    0x080056aa   0x00000002   PAD
    0x080056ac   0x0000003e   Code   RO         1355    .text._ZNK4mbed9TimerBase9slicetimeEv  BUILD/DISCO_L475VG_IOT01A/ARMC6/mbed-os/drivers/source/Timer.o
    0x080056ea   0x00000002   PAD
    0x080056ec   0x00000006   Code   RO         1386    .text._ZNSt3__28literals15chrono_literalsli1sEy  BUILD/DISCO_L475VG_IOT01A/ARMC6/mbed-os/drivers/source/Timer.o
    0x080056f2   0x00000002   PAD
    0x080056f4   0x00000006   Code   RO          101    .text._ZNSt3__28literals15chrono_literalsli2msEy  BUILD/DISCO_L475VG_IOT01A/ARMC6/DFRobot_RGBLCD.o
    0x080056fa   0x00000002   PAD
    0x080056fc   0x00000008   Code   RO         2891    .text._ZdlPv        BUILD/DISCO_L475VG_IOT01A/ARMC6/mbed-os/platform/source/mbed_retarget.o
    0x08005704   0x00000020   Code   RO         8974    .text.__NVIC_ClearPendingIRQ  BUILD/DISCO_L475VG_IOT01A/ARMC6/mbed-os/targets/TARGET_STM/gpio_irq_api.o
    0x08005724   0x0000000e   Code   RO         9140    .text.__NVIC_ClearPendingIRQ  BUILD/DISCO_L475VG_IOT01A/ARMC6/mbed-os/targets/TARGET_STM/lp_ticker.o
    0x08005732   0x00000002   PAD
    0x08005734   0x00000028   Code   RO         4225    .text.__NVIC_DisableIRQ  BUILD/DISCO_L475VG_IOT01A/ARMC6/mbed-os/targets/TARGET_STM/TARGET_STM32L4/STM32Cube_FW/STM32L4xx_HAL_Driver/stm32l4xx_hal_cortex.o
    0x0800575c   0x00000028   Code   RO         8972    .text.__NVIC_DisableIRQ  BUILD/DISCO_L475VG_IOT01A/ARMC6/mbed-os/targets/TARGET_STM/gpio_irq_api.o
    0x08005784   0x00000016   Code   RO         9138    .text.__NVIC_DisableIRQ  BUILD/DISCO_L475VG_IOT01A/ARMC6/mbed-os/targets/TARGET_STM/lp_ticker.o
    0x0800579a   0x00000002   PAD
    0x0800579c   0x00000020   Code   RO         8968    .text.__NVIC_EnableIRQ  BUILD/DISCO_L475VG_IOT01A/ARMC6/mbed-os/targets/TARGET_STM/gpio_irq_api.o
    0x080057bc   0x00000020   Code   RO         9018    .text.__NVIC_EnableIRQ  BUILD/DISCO_L475VG_IOT01A/ARMC6/mbed-os/targets/TARGET_STM/i2c_api.o
    0x080057dc   0x0000000e   Code   RO         9130    .text.__NVIC_EnableIRQ  BUILD/DISCO_L475VG_IOT01A/ARMC6/mbed-os/targets/TARGET_STM/lp_ticker.o
    0x080057ea   0x00000002   PAD
    0x080057ec   0x00000010   Code   RO         9598    .text.__NVIC_EnableIRQ  BUILD/DISCO_L475VG_IOT01A/ARMC6/mbed-os/targets/TARGET_STM/us_ticker.o
    0x080057fc   0x0000000e   Code   RO         9136    .text.__NVIC_SetPendingIRQ  BUILD/DISCO_L475VG_IOT01A/ARMC6/mbed-os/targets/TARGET_STM/lp_ticker.o
    0x0800580a   0x00000002   PAD
    0x0800580c   0x00000022   Code   RO         9016    .text.__NVIC_SetPriority  BUILD/DISCO_L475VG_IOT01A/ARMC6/mbed-os/targets/TARGET_STM/i2c_api.o
    0x0800582e   0x00000002   PAD
    0x08005830   0x00000020   Code   RO         4209    .text.__NVIC_SetPriorityGrouping  BUILD/DISCO_L475VG_IOT01A/ARMC6/mbed-os/targets/TARGET_STM/TARGET_STM32L4/STM32Cube_FW/STM32L4xx_HAL_Driver/stm32l4xx_hal_cortex.o
    0x08005850   0x00000012   Code   RO         8948    .text.__NVIC_SetVector  BUILD/DISCO_L475VG_IOT01A/ARMC6/mbed-os/targets/TARGET_STM/gpio_irq_api.o
    0x08005862   0x00000002   PAD
    0x08005864   0x00000012   Code   RO         9014    .text.__NVIC_SetVector  BUILD/DISCO_L475VG_IOT01A/ARMC6/mbed-os/targets/TARGET_STM/i2c_api.o
    0x08005876   0x00000002   PAD
    0x08005878   0x00000018   Code   RO         9122    .text.__NVIC_SetVector  BUILD/DISCO_L475VG_IOT01A/ARMC6/mbed-os/targets/TARGET_STM/lp_ticker.o
    0x08005890   0x00000018   Code   RO         9596    .text.__NVIC_SetVector  BUILD/DISCO_L475VG_IOT01A/ARMC6/mbed-os/targets/TARGET_STM/us_ticker.o
    0x080058a8   0x00000024   Code   RO         2608    .text.__NVIC_SystemReset  BUILD/DISCO_L475VG_IOT01A/ARMC6/mbed-os/platform/source/mbed_error.o
    0x080058cc   0x0000005c   Code   RO         2877    .text.__cxa_guard_acquire  BUILD/DISCO_L475VG_IOT01A/ARMC6/mbed-os/platform/source/mbed_retarget.o
    0x08005928   0x00000032   Code   RO         2879    .text.__cxa_guard_release  BUILD/DISCO_L475VG_IOT01A/ARMC6/mbed-os/platform/source/mbed_retarget.o
    0x0800595a   0x00000002   PAD
    0x0800595c   0x00000028   Code   RO         9718    .text.__cxa_pure_virtual  /home/dogfetus/.config/Mbed Studio/mbed-studio-tools/ac6/bin/../lib/libcxx/libcppabi_w.l(cxa_virtual.cpp.o)
    0x08005984   0x00000010   Code   RO          109    .text.__cxx_global_var_init  BUILD/DISCO_L475VG_IOT01A/ARMC6/main.o
    0x08005994   0x00000012   Code   RO          111    .text.__cxx_global_var_init.1  BUILD/DISCO_L475VG_IOT01A/ARMC6/main.o
    0x080059a6   0x00000002   PAD
    0x080059a8   0x00000012   Code   RO          113    .text.__cxx_global_var_init.2  BUILD/DISCO_L475VG_IOT01A/ARMC6/main.o
    0x080059ba   0x00000002   PAD
    0x080059bc   0x00000014   Code   RO          115    .text.__cxx_global_var_init.3  BUILD/DISCO_L475VG_IOT01A/ARMC6/main.o
    0x080059d0   0x00000014   Code   RO          117    .text.__cxx_global_var_init.4  BUILD/DISCO_L475VG_IOT01A/ARMC6/main.o
    0x080059e4   0x00000014   Code   RO          119    .text.__cxx_global_var_init.5  BUILD/DISCO_L475VG_IOT01A/ARMC6/main.o
    0x080059f8   0x00000014   Code   RO          121    .text.__cxx_global_var_init.6  BUILD/DISCO_L475VG_IOT01A/ARMC6/main.o
    0x08005a0c   0x0000002a   Code   RO          123    .text.__cxx_global_var_init.7  BUILD/DISCO_L475VG_IOT01A/ARMC6/main.o
    0x08005a36   0x00000002   PAD
    0x08005a38   0x00000008   Code   RO         2837    .text.__user_setup_stackheap  BUILD/DISCO_L475VG_IOT01A/ARMC6/mbed-os/platform/source/mbed_retarget.o
    0x08005a40   0x00000024   Code   RO         1648    .text._gpio_init_in  BUILD/DISCO_L475VG_IOT01A/ARMC6/mbed-os/hal/source/mbed_gpio.o
    0x08005a64   0x00000030   Code   RO         1654    .text._gpio_init_out  BUILD/DISCO_L475VG_IOT01A/ARMC6/mbed-os/hal/source/mbed_gpio.o
    0x08005a94   0x00000032   Code   RO         2835    .text._mbed_user_setup_stackheap  BUILD/DISCO_L475VG_IOT01A/ARMC6/mbed-os/platform/source/mbed_retarget.o
    0x08005ac6   0x00000002   PAD
    0x08005ac8   0x00000008   Code   RO         2995    .text._platform_post_stackheap_init  BUILD/DISCO_L475VG_IOT01A/ARMC6/mbed-os/platform/source/mbed_sdk_boot.o
    0x08005ad0   0x00000028   Code   RO         2803    .text._sys_open     BUILD/DISCO_L475VG_IOT01A/ARMC6/mbed-os/platform/source/mbed_retarget.o
    0x08005af8   0x00000006   Code   RO         2829    .text._sys_seek     BUILD/DISCO_L475VG_IOT01A/ARMC6/mbed-os/platform/source/mbed_retarget.o
    0x08005afe   0x00000002   PAD
    0x08005b00   0x000000fc   Code   RO         2807    .text._sys_write    BUILD/DISCO_L475VG_IOT01A/ARMC6/mbed-os/platform/source/mbed_retarget.o
    0x08005bfc   0x00000030   Code   RO         1759    .text._ticker_match_interval_passed  BUILD/DISCO_L475VG_IOT01A/ARMC6/mbed-os/hal/source/mbed_ticker_api.o
    0x08005c2c   0x00000008   Code   RO         3046    .text._wait_us_inline  BUILD/DISCO_L475VG_IOT01A/ARMC6/mbed-os/platform/source/mbed_wait_api_no_rtos.o
    0x08005c34   0x00000016   Code   RO         3048    .text._wait_us_ticks  BUILD/DISCO_L475VG_IOT01A/ARMC6/mbed-os/platform/source/mbed_wait_api_no_rtos.o
    0x08005c4a   0x00000004   Code   RO        10115    .text.abort_message  /home/dogfetus/.config/Mbed Studio/mbed-studio-tools/ac6/bin/../lib/libcxx/libcppabi_w.l(abort_message.cpp.o)
    0x08005c4e   0x00000002   PAD
    0x08005c50   0x0000000c   Code   RO         1617    .text.are_interrupts_enabled  BUILD/DISCO_L475VG_IOT01A/ARMC6/mbed-os/hal/source/mbed_critical_section_api.o
    0x08005c5c   0x00000002   Code   RO         1815    .text.block_us_ticker_free  BUILD/DISCO_L475VG_IOT01A/ARMC6/mbed-os/hal/source/mbed_us_ticker_api.o
    0x08005c5e   0x00000002   PAD
    0x08005c60   0x00000144   Code   RO         8881    .text.can_irq       BUILD/DISCO_L475VG_IOT01A/ARMC6/mbed-os/targets/TARGET_STM/can_api.o
    0x08005da4   0x0000006c   Code   RO         1799    .text.compute_tick_round_up  BUILD/DISCO_L475VG_IOT01A/ARMC6/mbed-os/hal/source/mbed_ticker_api.o
    0x08005e10   0x0000000c   Code   RO         2543    .text.core_util_are_interrupts_enabled  BUILD/DISCO_L475VG_IOT01A/ARMC6/mbed-os/platform/source/mbed_critical.o
    0x08005e1c   0x00000012   Code   RO         2438    .text.core_util_atomic_decr_u16  BUILD/DISCO_L475VG_IOT01A/ARMC6/mbed-os/platform/source/mbed_atomic_impl.o
    0x08005e2e   0x00000002   PAD
    0x08005e30   0x00000010   Code   RO         2424    .text.core_util_atomic_exchange_u8  BUILD/DISCO_L475VG_IOT01A/ARMC6/mbed-os/platform/source/mbed_atomic_impl.o
    0x08005e40   0x00000016   Code   RO         2422    .text.core_util_atomic_flag_test_and_set  BUILD/DISCO_L475VG_IOT01A/ARMC6/mbed-os/platform/source/mbed_atomic_impl.o
    0x08005e56   0x00000002   PAD
    0x08005e58   0x00000012   Code   RO         2432    .text.core_util_atomic_incr_u16  BUILD/DISCO_L475VG_IOT01A/ARMC6/mbed-os/platform/source/mbed_atomic_impl.o
    0x08005e6a   0x00000002   PAD
    0x08005e6c   0x00000016   Code   RO         2484    .text.core_util_atomic_load_u64  BUILD/DISCO_L475VG_IOT01A/ARMC6/mbed-os/platform/source/mbed_atomic_impl.o
    0x08005e82   0x00000002   PAD
    0x08005e84   0x00000088   Code   RO         2549    .text.core_util_critical_section_enter  BUILD/DISCO_L475VG_IOT01A/ARMC6/mbed-os/platform/source/mbed_critical.o
    0x08005f0c   0x0000001e   Code   RO         2551    .text.core_util_critical_section_exit  BUILD/DISCO_L475VG_IOT01A/ARMC6/mbed-os/platform/source/mbed_critical.o
    0x08005f2a   0x00000002   PAD
    0x08005f2c   0x0000000c   Code   RO         2545    .text.core_util_is_isr_active  BUILD/DISCO_L475VG_IOT01A/ARMC6/mbed-os/platform/source/mbed_critical.o
    0x08005f38   0x00000054   Code   RO         9383    .text.debug         BUILD/DISCO_L475VG_IOT01A/ARMC6/mbed-os/targets/TARGET_STM/serial_api.o
    0x08005f8c   0x00000064   Code   RO         2562    .text.error         BUILD/DISCO_L475VG_IOT01A/ARMC6/mbed-os/platform/source/mbed_error.o
    0x08005ff0   0x00000018   Code   RO         1797    .text.exact_log2    BUILD/DISCO_L475VG_IOT01A/ARMC6/mbed-os/hal/source/mbed_ticker_api.o
    0x08006008   0x00000022   Code   RO         2849    .text.exit          BUILD/DISCO_L475VG_IOT01A/ARMC6/mbed-os/platform/source/mbed_retarget.o
    0x0800602a   0x00000002   PAD
    0x0800602c   0x0000001a   Code   RO         1795    .text.gcd           BUILD/DISCO_L475VG_IOT01A/ARMC6/mbed-os/hal/source/mbed_ticker_api.o
    0x08006046   0x00000002   PAD
    0x08006048   0x00000004   Code   RO         9048    .text.get_i2c_obj   BUILD/DISCO_L475VG_IOT01A/ARMC6/mbed-os/targets/TARGET_STM/i2c_api.o
    0x0800604c   0x0000000a   Code   RO         1680    .text.get_lp_ticker_data  BUILD/DISCO_L475VG_IOT01A/ARMC6/mbed-os/hal/source/mbed_lp_ticker_api.o
    0x08006056   0x00000002   PAD
    0x08006058   0x00000080   Code   RO         9373    .text.get_uart_index  BUILD/DISCO_L475VG_IOT01A/ARMC6/mbed-os/targets/TARGET_STM/serial_api.o
    0x080060d8   0x0000000a   Code   RO         1809    .text.get_us_ticker_data  BUILD/DISCO_L475VG_IOT01A/ARMC6/mbed-os/hal/source/mbed_us_ticker_api.o
    0x080060e2   0x00000002   PAD
    0x080060e4   0x00000016   Code   RO         8916    .text.gpio_dir      BUILD/DISCO_L475VG_IOT01A/ARMC6/mbed-os/targets/TARGET_STM/gpio_api.o
    0x080060fa   0x00000002   PAD
    0x080060fc   0x0000004a   Code   RO         8912    .text.gpio_init     BUILD/DISCO_L475VG_IOT01A/ARMC6/mbed-os/targets/TARGET_STM/gpio_api.o
    0x08006146   0x00000002   PAD
    0x08006148   0x00000008   Code   RO         1646    .text.gpio_init_in_ex  BUILD/DISCO_L475VG_IOT01A/ARMC6/mbed-os/hal/source/mbed_gpio.o
    0x08006150   0x00000032   Code   RO         1656    .text.gpio_init_inout  BUILD/DISCO_L475VG_IOT01A/ARMC6/mbed-os/hal/source/mbed_gpio.o
    0x08006182   0x00000002   PAD
    0x08006184   0x0000000a   Code   RO         1650    .text.gpio_init_out  BUILD/DISCO_L475VG_IOT01A/ARMC6/mbed-os/hal/source/mbed_gpio.o
    0x0800618e   0x00000002   PAD
    0x08006190   0x0000000c   Code   RO         1652    .text.gpio_init_out_ex  BUILD/DISCO_L475VG_IOT01A/ARMC6/mbed-os/hal/source/mbed_gpio.o
    0x0800619c   0x0000000c   Code   RO         8934    .text.gpio_irq0     BUILD/DISCO_L475VG_IOT01A/ARMC6/mbed-os/targets/TARGET_STM/gpio_irq_api.o
    0x080061a8   0x0000000c   Code   RO         8936    .text.gpio_irq1     BUILD/DISCO_L475VG_IOT01A/ARMC6/mbed-os/targets/TARGET_STM/gpio_irq_api.o
    0x080061b4   0x0000000c   Code   RO         8938    .text.gpio_irq2     BUILD/DISCO_L475VG_IOT01A/ARMC6/mbed-os/targets/TARGET_STM/gpio_irq_api.o
    0x080061c0   0x0000000c   Code   RO         8940    .text.gpio_irq3     BUILD/DISCO_L475VG_IOT01A/ARMC6/mbed-os/targets/TARGET_STM/gpio_irq_api.o
    0x080061cc   0x0000000c   Code   RO         8942    .text.gpio_irq4     BUILD/DISCO_L475VG_IOT01A/ARMC6/mbed-os/targets/TARGET_STM/gpio_irq_api.o
    0x080061d8   0x0000000c   Code   RO         8944    .text.gpio_irq5     BUILD/DISCO_L475VG_IOT01A/ARMC6/mbed-os/targets/TARGET_STM/gpio_irq_api.o
    0x080061e4   0x0000000c   Code   RO         8946    .text.gpio_irq6     BUILD/DISCO_L475VG_IOT01A/ARMC6/mbed-os/targets/TARGET_STM/gpio_irq_api.o
    0x080061f0   0x0000008e   Code   RO         8954    .text.gpio_irq_disable  BUILD/DISCO_L475VG_IOT01A/ARMC6/mbed-os/targets/TARGET_STM/gpio_irq_api.o
    0x0800627e   0x00000002   PAD
    0x08006280   0x00000076   Code   RO         8950    .text.gpio_irq_enable  BUILD/DISCO_L475VG_IOT01A/ARMC6/mbed-os/targets/TARGET_STM/gpio_irq_api.o
    0x080062f6   0x00000002   PAD
    0x080062f8   0x00000072   Code   RO         8952    .text.gpio_irq_free  BUILD/DISCO_L475VG_IOT01A/ARMC6/mbed-os/targets/TARGET_STM/gpio_irq_api.o
    0x0800636a   0x00000002   PAD
    0x0800636c   0x00000198   Code   RO         8932    .text.gpio_irq_init  BUILD/DISCO_L475VG_IOT01A/ARMC6/mbed-os/targets/TARGET_STM/gpio_irq_api.o
    0x08006504   0x00000066   Code   RO         8956    .text.gpio_irq_set  BUILD/DISCO_L475VG_IOT01A/ARMC6/mbed-os/targets/TARGET_STM/gpio_irq_api.o
    0x0800656a   0x00000002   PAD
    0x0800656c   0x0000000c   Code   RO         8914    .text.gpio_mode     BUILD/DISCO_L475VG_IOT01A/ARMC6/mbed-os/targets/TARGET_STM/gpio_api.o
    0x08006578   0x00000068   Code   RO         8910    .text.gpio_set      BUILD/DISCO_L475VG_IOT01A/ARMC6/mbed-os/targets/TARGET_STM/gpio_api.o
    0x080065e0   0x00000010   Code   RO         1642    .text.gpio_write    BUILD/DISCO_L475VG_IOT01A/ARMC6/mbed-os/hal/source/mbed_gpio.o
    0x080065f0   0x00000010   Code   RO         2524    .text.gpio_write    BUILD/DISCO_L475VG_IOT01A/ARMC6/mbed-os/platform/source/mbed_board.o
    0x08006600   0x00000028   Code   RO         1615    .text.hal_critical_section_enter  BUILD/DISCO_L475VG_IOT01A/ARMC6/mbed-os/hal/source/mbed_critical_section_api.o
    0x08006628   0x00000088   Code   RO         1619    .text.hal_critical_section_exit  BUILD/DISCO_L475VG_IOT01A/ARMC6/mbed-os/hal/source/mbed_critical_section_api.o
    0x080066b0   0x0000001e   Code   RO         9420    .text.hal_sleep     BUILD/DISCO_L475VG_IOT01A/ARMC6/mbed-os/targets/TARGET_STM/sleep.o
    0x080066ce   0x00000002   PAD
    0x080066d0   0x000000f0   Code   RO         2564    .text.handle_error  BUILD/DISCO_L475VG_IOT01A/ARMC6/mbed-os/platform/source/mbed_error.o
    0x080067c0   0x000000f4   Code   RO         8976    .text.handle_interrupt_in  BUILD/DISCO_L475VG_IOT01A/ARMC6/mbed-os/targets/TARGET_STM/gpio_irq_api.o
    0x080068b4   0x0000001a   Code   RO         9024    .text.i2c1_irq      BUILD/DISCO_L475VG_IOT01A/ARMC6/mbed-os/targets/TARGET_STM/i2c_api.o
    0x080068ce   0x00000002   PAD
    0x080068d0   0x0000001a   Code   RO         9026    .text.i2c2_irq      BUILD/DISCO_L475VG_IOT01A/ARMC6/mbed-os/targets/TARGET_STM/i2c_api.o
    0x080068ea   0x00000002   PAD
    0x080068ec   0x0000001a   Code   RO         9028    .text.i2c3_irq      BUILD/DISCO_L475VG_IOT01A/ARMC6/mbed-os/targets/TARGET_STM/i2c_api.o
    0x08006906   0x00000002   PAD
    0x08006908   0x00000018   Code   RO         9020    .text.i2c_ev_err_disable  BUILD/DISCO_L475VG_IOT01A/ARMC6/mbed-os/targets/TARGET_STM/i2c_api.o
    0x08006920   0x0000004a   Code   RO         9012    .text.i2c_ev_err_enable  BUILD/DISCO_L475VG_IOT01A/ARMC6/mbed-os/targets/TARGET_STM/i2c_api.o
    0x0800696a   0x00000002   PAD
    0x0800696c   0x00000164   Code   RO         9036    .text.i2c_frequency  BUILD/DISCO_L475VG_IOT01A/ARMC6/mbed-os/targets/TARGET_STM/i2c_api.o
    0x08006ad0   0x00000040   Code   RO         9022    .text.i2c_get_irq_handler  BUILD/DISCO_L475VG_IOT01A/ARMC6/mbed-os/targets/TARGET_STM/i2c_api.o
    0x08006b10   0x000000c4   Code   RO         8592    .text.i2c_get_pclk  BUILD/DISCO_L475VG_IOT01A/ARMC6/mbed-os/targets/TARGET_STM/TARGET_STM32L4/i2c_device.o
    0x08006bd4   0x000001a8   Code   RO         9046    .text.i2c_get_timing  BUILD/DISCO_L475VG_IOT01A/ARMC6/mbed-os/targets/TARGET_STM/i2c_api.o
    0x08006d7c   0x00000080   Code   RO         9030    .text.i2c_hw_reset  BUILD/DISCO_L475VG_IOT01A/ARMC6/mbed-os/targets/TARGET_STM/i2c_api.o
    0x08006dfc   0x00000066   Code   RO         9042    .text.i2c_init      BUILD/DISCO_L475VG_IOT01A/ARMC6/mbed-os/targets/TARGET_STM/i2c_api.o
    0x08006e62   0x00000002   PAD
    0x08006e64   0x00000016   Code   RO         9040    .text.i2c_init_direct  BUILD/DISCO_L475VG_IOT01A/ARMC6/mbed-os/targets/TARGET_STM/i2c_api.o
    0x08006e7a   0x00000002   PAD
    0x08006e7c   0x00000164   Code   RO         9034    .text.i2c_init_internal  BUILD/DISCO_L475VG_IOT01A/ARMC6/mbed-os/targets/TARGET_STM/i2c_api.o
    0x08006fe0   0x00000024   Code   RO         9074    .text.i2c_slave_address  BUILD/DISCO_L475VG_IOT01A/ARMC6/mbed-os/targets/TARGET_STM/i2c_api.o
    0x08007004   0x000000ca   Code   RO         9066    .text.i2c_write     BUILD/DISCO_L475VG_IOT01A/ARMC6/mbed-os/targets/TARGET_STM/i2c_api.o
    0x080070ce   0x00000002   PAD
    0x080070d0   0x0000009c   Code   RO         9594    .text.init_32bit_timer  BUILD/DISCO_L475VG_IOT01A/ARMC6/mbed-os/targets/TARGET_STM/us_ticker.o
    0x0800716c   0x00000090   Code   RO         9375    .text.init_uart     BUILD/DISCO_L475VG_IOT01A/ARMC6/mbed-os/targets/TARGET_STM/serial_api.o
    0x080071fc   0x00000150   Code   RO         1763    .text.initialize    BUILD/DISCO_L475VG_IOT01A/ARMC6/mbed-os/hal/source/mbed_ticker_api.o
    0x0800734c   0x0000006a   Code   RO         1777    .text.insert_event  BUILD/DISCO_L475VG_IOT01A/ARMC6/mbed-os/hal/source/mbed_ticker_api.o
    0x080073b6   0x00000002   PAD
    0x080073b8   0x0000001e   Code   RO         9132    .text.lp_ticker_clear_interrupt  BUILD/DISCO_L475VG_IOT01A/ARMC6/mbed-os/targets/TARGET_STM/lp_ticker.o
    0x080073d6   0x00000002   PAD
    0x080073d8   0x00000062   Code   RO         9120    .text.lp_ticker_disable_interrupt  BUILD/DISCO_L475VG_IOT01A/ARMC6/mbed-os/targets/TARGET_STM/lp_ticker.o
    0x0800743a   0x00000002   PAD
    0x0800743c   0x0000002c   Code   RO         9134    .text.lp_ticker_fire_interrupt  BUILD/DISCO_L475VG_IOT01A/ARMC6/mbed-os/targets/TARGET_STM/lp_ticker.o
    0x08007468   0x00000008   Code   RO         9142    .text.lp_ticker_free  BUILD/DISCO_L475VG_IOT01A/ARMC6/mbed-os/targets/TARGET_STM/lp_ticker.o
    0x08007470   0x0000000a   Code   RO         9116    .text.lp_ticker_get_info  BUILD/DISCO_L475VG_IOT01A/ARMC6/mbed-os/targets/TARGET_STM/lp_ticker.o
    0x0800747a   0x00000002   PAD
    0x0800747c   0x00000180   Code   RO         9118    .text.lp_ticker_init  BUILD/DISCO_L475VG_IOT01A/ARMC6/mbed-os/targets/TARGET_STM/lp_ticker.o
    0x080075fc   0x0000001e   Code   RO         1684    .text.lp_ticker_irq_handler  BUILD/DISCO_L475VG_IOT01A/ARMC6/mbed-os/hal/source/mbed_lp_ticker_api.o
    0x0800761a   0x00000002   PAD
    0x0800761c   0x00000012   Code   RO         9126    .text.lp_ticker_read  BUILD/DISCO_L475VG_IOT01A/ARMC6/mbed-os/targets/TARGET_STM/lp_ticker.o
    0x0800762e   0x00000002   PAD
    0x08007630   0x000000e8   Code   RO         9128    .text.lp_ticker_set_interrupt  BUILD/DISCO_L475VG_IOT01A/ARMC6/mbed-os/targets/TARGET_STM/lp_ticker.o
    0x08007718   0x00000184   Code   RO          133    .text.main          BUILD/DISCO_L475VG_IOT01A/ARMC6/main.o
    0x0800789c   0x0000001a   Code   RO         2413    .text.mbed_assert_internal  BUILD/DISCO_L475VG_IOT01A/ARMC6/mbed-os/platform/source/mbed_assert.o
    0x080078b6   0x00000002   PAD
    0x080078b8   0x0000002c   Code   RO         2987    .text.mbed_copy_nvic  BUILD/DISCO_L475VG_IOT01A/ARMC6/mbed-os/platform/source/mbed_sdk_boot.o
    0x080078e4   0x0000006c   Code   RO         2526    .text.mbed_die      BUILD/DISCO_L475VG_IOT01A/ARMC6/mbed-os/platform/source/mbed_board.o
    0x08007950   0x00000120   Code   RO         2586    .text.mbed_error    BUILD/DISCO_L475VG_IOT01A/ARMC6/mbed-os/platform/source/mbed_error.o
    0x08007a70   0x00000002   Code   RO         2570    .text.mbed_error_hook  BUILD/DISCO_L475VG_IOT01A/ARMC6/mbed-os/platform/source/mbed_error.o
    0x08007a72   0x00000002   PAD
    0x08007a74   0x0000006a   Code   RO         2574    .text.mbed_error_initialize  BUILD/DISCO_L475VG_IOT01A/ARMC6/mbed-os/platform/source/mbed_error.o
    0x08007ade   0x00000002   PAD
    0x08007ae0   0x00000014   Code   RO         2606    .text.mbed_error_is_hw_fault  BUILD/DISCO_L475VG_IOT01A/ARMC6/mbed-os/platform/source/mbed_error.o
    0x08007af4   0x00000020   Code   RO         2528    .text.mbed_error_printf  BUILD/DISCO_L475VG_IOT01A/ARMC6/mbed-os/platform/source/mbed_board.o
    0x08007b14   0x00000052   Code   RO         2532    .text.mbed_error_puts  BUILD/DISCO_L475VG_IOT01A/ARMC6/mbed-os/platform/source/mbed_board.o
    0x08007b66   0x00000002   PAD
    0x08007b68   0x00000002   Code   RO         2572    .text.mbed_error_reboot_callback  BUILD/DISCO_L475VG_IOT01A/ARMC6/mbed-os/platform/source/mbed_error.o
    0x08007b6a   0x00000002   PAD
    0x08007b6c   0x00000034   Code   RO         2530    .text.mbed_error_vprintf  BUILD/DISCO_L475VG_IOT01A/ARMC6/mbed-os/platform/source/mbed_board.o
    0x08007ba0   0x000000f8   Code   RO         2374    .text.mbed_fault_handler  BUILD/DISCO_L475VG_IOT01A/ARMC6/mbed-os/platform/source/TARGET_CORTEX_M/mbed_fault_handler.o
    0x08007c98   0x00000038   Code   RO         2568    .text.mbed_halt_system  BUILD/DISCO_L475VG_IOT01A/ARMC6/mbed-os/platform/source/mbed_error.o
    0x08007cd0   0x00000020   Code   RO         2989    .text.mbed_init     BUILD/DISCO_L475VG_IOT01A/ARMC6/mbed-os/platform/source/mbed_sdk_boot.o
    0x08007cf0   0x00000002   Code   RO         2981    .text.mbed_main     BUILD/DISCO_L475VG_IOT01A/ARMC6/mbed-os/platform/source/mbed_sdk_boot.o
    0x08007cf2   0x00000002   PAD
    0x08007cf4   0x00000030   Code   RO         9185    .text.mbed_sdk_init  BUILD/DISCO_L475VG_IOT01A/ARMC6/mbed-os/targets/TARGET_STM/mbed_overrides.o
    0x08007d24   0x0000002c   Code   RO          815    .text.mbed_tiny_compute_crc32  BUILD/DISCO_L475VG_IOT01A/ARMC6/mbed-os/drivers/source/MbedCRC.o
    0x08007d50   0x00000008   Code   RO         2993    .text.mbed_toolchain_init  BUILD/DISCO_L475VG_IOT01A/ARMC6/mbed-os/platform/source/mbed_sdk_boot.o
    0x08007d58   0x000000e4   Code   RO         9200    .text.pin_function  BUILD/DISCO_L475VG_IOT01A/ARMC6/mbed-os/targets/TARGET_STM/pinmap.o
    0x08007e3c   0x0000007c   Code   RO         9216    .text.pin_mode      BUILD/DISCO_L475VG_IOT01A/ARMC6/mbed-os/targets/TARGET_STM/pinmap.o
    0x08007eb8   0x00000026   Code   RO         1711    .text.pinmap_find_function  BUILD/DISCO_L475VG_IOT01A/ARMC6/mbed-os/hal/source/mbed_pinmap_common.o
    0x08007ede   0x00000002   PAD
    0x08007ee0   0x00000028   Code   RO         1707    .text.pinmap_find_peripheral  BUILD/DISCO_L475VG_IOT01A/ARMC6/mbed-os/hal/source/mbed_pinmap_common.o
    0x08007f08   0x00000048   Code   RO         1705    .text.pinmap_merge  BUILD/DISCO_L475VG_IOT01A/ARMC6/mbed-os/hal/source/mbed_pinmap_common.o
    0x08007f50   0x0000005c   Code   RO         1709    .text.pinmap_peripheral  BUILD/DISCO_L475VG_IOT01A/ARMC6/mbed-os/hal/source/mbed_pinmap_common.o
    0x08007fac   0x00000164   Code   RO         2376    .text.print_context_info  BUILD/DISCO_L475VG_IOT01A/ARMC6/mbed-os/platform/source/TARGET_CORTEX_M/mbed_fault_handler.o
    0x08008110   0x000001ac   Code   RO         2566    .text.print_error_report  BUILD/DISCO_L475VG_IOT01A/ARMC6/mbed-os/platform/source/mbed_error.o
    0x080082bc   0x00000036   Code   RO         9261    .text.pwmout_init   BUILD/DISCO_L475VG_IOT01A/ARMC6/mbed-os/targets/TARGET_STM/pwmout_api.o
    0x080082f2   0x00000002   PAD
    0x080082f4   0x00000248   Code   RO         9257    .text.pwmout_init_direct  BUILD/DISCO_L475VG_IOT01A/ARMC6/mbed-os/targets/TARGET_STM/pwmout_api.o
    0x0800853c   0x00000148   Code   RO         9259    .text.pwmout_period_us  BUILD/DISCO_L475VG_IOT01A/ARMC6/mbed-os/targets/TARGET_STM/pwmout_api.o
    0x08008684   0x00000038   Code   RO         9269    .text.pwmout_read   BUILD/DISCO_L475VG_IOT01A/ARMC6/mbed-os/targets/TARGET_STM/pwmout_api.o
    0x080086bc   0x00000004   PAD
    0x080086c0   0x00000164   Code   RO         9265    .text.pwmout_write  BUILD/DISCO_L475VG_IOT01A/ARMC6/mbed-os/targets/TARGET_STM/pwmout_api.o
    0x08008824   0x000000d4   Code   RO         1771    .text.schedule_interrupt  BUILD/DISCO_L475VG_IOT01A/ARMC6/mbed-os/hal/source/mbed_ticker_api.o
    0x080088f8   0x0000008c   Code   RO         9381    .text.serial_baud   BUILD/DISCO_L475VG_IOT01A/ARMC6/mbed-os/targets/TARGET_STM/serial_api.o
    0x08008984   0x000001dc   Code   RO         9371    .text.serial_init_direct  BUILD/DISCO_L475VG_IOT01A/ARMC6/mbed-os/targets/TARGET_STM/serial_api.o
    0x08008b60   0x0000002a   Code   RO         8635    .text.serial_putc   BUILD/DISCO_L475VG_IOT01A/ARMC6/mbed-os/targets/TARGET_STM/TARGET_STM32L4/serial_device.o
    0x08008b8a   0x00000002   PAD
    0x08008b8c   0x0000001a   Code   RO         9397    .text.serial_writable  BUILD/DISCO_L475VG_IOT01A/ARMC6/mbed-os/targets/TARGET_STM/serial_api.o
    0x08008ba6   0x00000002   PAD
    0x08008ba8   0x00000006   Code   RO         1765    .text.set_handler   BUILD/DISCO_L475VG_IOT01A/ARMC6/mbed-os/hal/source/mbed_ticker_api.o
    0x08008bae   0x00000002   PAD
    0x08008bb0   0x00000058   Code   RO         2766    .text.sleep_manager_lock_deep_sleep_internal  BUILD/DISCO_L475VG_IOT01A/ARMC6/mbed-os/platform/source/mbed_power_mgmt.o
    0x08008c08   0x00000010   Code   RO         2774    .text.sleep_manager_sleep_auto  BUILD/DISCO_L475VG_IOT01A/ARMC6/mbed-os/platform/source/mbed_power_mgmt.o
    0x08008c18   0x00000058   Code   RO         2768    .text.sleep_manager_unlock_deep_sleep_internal  BUILD/DISCO_L475VG_IOT01A/ARMC6/mbed-os/platform/source/mbed_power_mgmt.o
    0x08008c70   0x00000016   Code   RO         9214    .text.stm_pin_PullConfig  BUILD/DISCO_L475VG_IOT01A/ARMC6/mbed-os/targets/TARGET_STM/pinmap.o
    0x08008c86   0x00000002   PAD
    0x08008c88   0x00000022   Code   RO         9204    .text.stm_pin_SetAFPin  BUILD/DISCO_L475VG_IOT01A/ARMC6/mbed-os/targets/TARGET_STM/pinmap.o
    0x08008caa   0x00000002   PAD
    0x08008cac   0x00000004   Code   RO         2588    .text.system_reset  BUILD/DISCO_L475VG_IOT01A/ARMC6/mbed-os/platform/source/mbed_error.o
    0x08008cb0   0x0000000c   Code   RO         3032    .text.thread_sleep_for  BUILD/DISCO_L475VG_IOT01A/ARMC6/mbed-os/platform/source/mbed_thread.o
    0x08008cbc   0x00000036   Code   RO         1779    .text.ticker_insert_event_us  BUILD/DISCO_L475VG_IOT01A/ARMC6/mbed-os/hal/source/mbed_ticker_api.o
    0x08008cf2   0x00000002   PAD
    0x08008cf4   0x0000006a   Code   RO         1767    .text.ticker_irq_handler  BUILD/DISCO_L475VG_IOT01A/ARMC6/mbed-os/hal/source/mbed_ticker_api.o
    0x08008d5e   0x00000002   PAD
    0x08008d60   0x00000022   Code   RO         1785    .text.ticker_read_us  BUILD/DISCO_L475VG_IOT01A/ARMC6/mbed-os/hal/source/mbed_ticker_api.o
    0x08008d82   0x00000002   PAD
    0x08008d84   0x00000038   Code   RO         1781    .text.ticker_remove_event  BUILD/DISCO_L475VG_IOT01A/ARMC6/mbed-os/hal/source/mbed_ticker_api.o
    0x08008dbc   0x0000001c   Code   RO         1761    .text.ticker_set_handler  BUILD/DISCO_L475VG_IOT01A/ARMC6/mbed-os/hal/source/mbed_ticker_api.o
    0x08008dd8   0x00000036   Code   RO         9592    .text.timer_irq_handler  BUILD/DISCO_L475VG_IOT01A/ARMC6/mbed-os/targets/TARGET_STM/us_ticker.o
    0x08008e0e   0x00000002   PAD
    0x08008e10   0x00000088   Code   RO         1769    .text.update_present_time  BUILD/DISCO_L475VG_IOT01A/ARMC6/mbed-os/hal/source/mbed_ticker_api.o
    0x08008e98   0x00000012   Code   RO         9612    .text.us_ticker_clear_interrupt  BUILD/DISCO_L475VG_IOT01A/ARMC6/mbed-os/targets/TARGET_STM/us_ticker.o
    0x08008eaa   0x00000002   PAD
    0x08008eac   0x00000014   Code   RO         9610    .text.us_ticker_disable_interrupt  BUILD/DISCO_L475VG_IOT01A/ARMC6/mbed-os/targets/TARGET_STM/us_ticker.o
    0x08008ec0   0x00000022   Code   RO         9606    .text.us_ticker_fire_interrupt  BUILD/DISCO_L475VG_IOT01A/ARMC6/mbed-os/targets/TARGET_STM/us_ticker.o
    0x08008ee2   0x00000002   PAD
    0x08008ee4   0x0000000a   Code   RO         9590    .text.us_ticker_get_info  BUILD/DISCO_L475VG_IOT01A/ARMC6/mbed-os/targets/TARGET_STM/us_ticker.o
    0x08008eee   0x00000002   PAD
    0x08008ef0   0x0000001c   Code   RO         9600    .text.us_ticker_init  BUILD/DISCO_L475VG_IOT01A/ARMC6/mbed-os/targets/TARGET_STM/us_ticker.o
    0x08008f0c   0x0000001e   Code   RO         1813    .text.us_ticker_irq_handler  BUILD/DISCO_L475VG_IOT01A/ARMC6/mbed-os/hal/source/mbed_us_ticker_api.o
    0x08008f2a   0x00000002   PAD
    0x08008f2c   0x0000000c   Code   RO         9602    .text.us_ticker_read  BUILD/DISCO_L475VG_IOT01A/ARMC6/mbed-os/targets/TARGET_STM/us_ticker.o
    0x08008f38   0x0000001c   Code   RO         9604    .text.us_ticker_set_interrupt  BUILD/DISCO_L475VG_IOT01A/ARMC6/mbed-os/targets/TARGET_STM/us_ticker.o
    0x08008f54   0x0000003c   Code   RO         2809    .text.write         BUILD/DISCO_L475VG_IOT01A/ARMC6/mbed-os/platform/source/mbed_retarget.o
    0x08008f90   0x00000018   Code   RO        10010    i.__0vfprintf       /home/dogfetus/.config/Mbed Studio/mbed-studio-tools/ac6/bin/../lib/armlib/mc_w.l(printfa.o)
    0x08008fa8   0x00000034   Code   RO        10012    i.__0vsnprintf      /home/dogfetus/.config/Mbed Studio/mbed-studio-tools/ac6/bin/../lib/armlib/mc_w.l(printfa.o)
    0x08008fdc   0x00000024   Code   RO        10013    i.__0vsprintf       /home/dogfetus/.config/Mbed Studio/mbed-studio-tools/ac6/bin/../lib/armlib/mc_w.l(printfa.o)
    0x08009000   0x00000008   Code   RO        10063    i.__aeabi_errno_addr  /home/dogfetus/.config/Mbed Studio/mbed-studio-tools/ac6/bin/../lib/armlib/mc_w.l(errno.o)
    0x08009008   0x00000050   Code   RO        10048    i.__free$memalign$2region  /home/dogfetus/.config/Mbed Studio/mbed-studio-tools/ac6/bin/../lib/armlib/mc_w.l(malloca2.o)
    0x08009058   0x0000000e   Code   RO        10206    i.__scatterload_copy  /home/dogfetus/.config/Mbed Studio/mbed-studio-tools/ac6/bin/../lib/armlib/mc_w.l(handlers.o)
    0x08009066   0x00000002   Code   RO        10207    i.__scatterload_null  /home/dogfetus/.config/Mbed Studio/mbed-studio-tools/ac6/bin/../lib/armlib/mc_w.l(handlers.o)
    0x08009068   0x0000000e   Code   RO        10208    i.__scatterload_zeroinit  /home/dogfetus/.config/Mbed Studio/mbed-studio-tools/ac6/bin/../lib/armlib/mc_w.l(handlers.o)
    0x08009076   0x00000018   Code   RO         9732    i._fflush$full      /home/dogfetus/.config/Mbed Studio/mbed-studio-tools/ac6/bin/../lib/armlib/mc_w.l(fflush_f.o)
    0x0800908e   0x00000002   PAD
    0x08009090   0x00000184   Code   RO        10014    i._fp_digits        /home/dogfetus/.config/Mbed Studio/mbed-studio-tools/ac6/bin/../lib/armlib/mc_w.l(printfa.o)
    0x08009214   0x000006dc   Code   RO        10015    i._printf_core      /home/dogfetus/.config/Mbed Studio/mbed-studio-tools/ac6/bin/../lib/armlib/mc_w.l(printfa.o)
    0x080098f0   0x00000024   Code   RO        10016    i._printf_post_padding  /home/dogfetus/.config/Mbed Studio/mbed-studio-tools/ac6/bin/../lib/armlib/mc_w.l(printfa.o)
    0x08009914   0x0000002e   Code   RO        10017    i._printf_pre_padding  /home/dogfetus/.config/Mbed Studio/mbed-studio-tools/ac6/bin/../lib/armlib/mc_w.l(printfa.o)
    0x08009942   0x00000016   Code   RO        10018    i._snputc           /home/dogfetus/.config/Mbed Studio/mbed-studio-tools/ac6/bin/../lib/armlib/mc_w.l(printfa.o)
    0x08009958   0x0000000a   Code   RO        10019    i._sputc            /home/dogfetus/.config/Mbed Studio/mbed-studio-tools/ac6/bin/../lib/armlib/mc_w.l(printfa.o)
    0x08009962   0x00000002   PAD
    0x08009964   0x00000000   Data   RO         3001    .rodata             BUILD/DISCO_L475VG_IOT01A/ARMC6/mbed-os/platform/source/mbed_sdk_boot.o
    0x08009964   0x00000010   Data   RO         8464    .rodata.AHBPrescTable  BUILD/DISCO_L475VG_IOT01A/ARMC6/mbed-os/targets/TARGET_STM/TARGET_STM32L4/STM32Cube_FW/system_stm32l4xx.o
    0x08009974   0x00000008   Data   RO         8465    .rodata.APBPrescTable  BUILD/DISCO_L475VG_IOT01A/ARMC6/mbed-os/targets/TARGET_STM/TARGET_STM32L4/STM32Cube_FW/system_stm32l4xx.o
    0x0800997c   0x00000030   Data   RO         8466    .rodata.MSIRangeTable  BUILD/DISCO_L475VG_IOT01A/ARMC6/mbed-os/targets/TARGET_STM/TARGET_STM32L4/STM32Cube_FW/system_stm32l4xx.o
    0x080099ac   0x0000003c   Data   RO         8480    .rodata.PinMap_I2C_SCL  BUILD/DISCO_L475VG_IOT01A/ARMC6/mbed-os/targets/TARGET_STM/TARGET_STM32L4/TARGET_STM32L475xG/TARGET_DISCO_L475VG_IOT01A/PeripheralPins.o
    0x080099e8   0x0000003c   Data   RO         8479    .rodata.PinMap_I2C_SDA  BUILD/DISCO_L475VG_IOT01A/ARMC6/mbed-os/targets/TARGET_STM/TARGET_STM32L4/TARGET_STM32L475xG/TARGET_DISCO_L475VG_IOT01A/PeripheralPins.o
    0x08009a24   0x0000033c   Data   RO         8481    .rodata.PinMap_PWM  BUILD/DISCO_L475VG_IOT01A/ARMC6/mbed-os/targets/TARGET_STM/TARGET_STM32L4/TARGET_STM32L475xG/TARGET_DISCO_L475VG_IOT01A/PeripheralPins.o
    0x08009d60   0x0000000c   Data   RO          107    .rodata._ZTV14DFRobot_RGBLCD  BUILD/DISCO_L475VG_IOT01A/ARMC6/DFRobot_RGBLCD.o
    0x08009d6c   0x0000000c   Data   RO         1420    .rodata._ZTVN4mbed10TimerEventE  BUILD/DISCO_L475VG_IOT01A/ARMC6/mbed-os/drivers/source/TimerEvent.o
    0x08009d78   0x00000010   Data   RO          806    .rodata._ZTVN4mbed11InterruptInE  BUILD/DISCO_L475VG_IOT01A/ARMC6/mbed-os/drivers/source/InterruptIn.o
    0x08009d88   0x00000018   Data   RO          709    .rodata._ZTVN4mbed3I2CE  BUILD/DISCO_L475VG_IOT01A/ARMC6/mbed-os/drivers/source/I2C.o
    0x08009da0   0x0000000c   Data   RO         2368    .rodata._ZTVN4mbed8internal8SysTimerINSt3__25ratioILx1ELx1000EEELb1EEE  BUILD/DISCO_L475VG_IOT01A/ARMC6/mbed-os/platform/source/SysTimer.o
    0x08009dac   0x00000018   Data   RO         2920    .rodata._ZZL14do_serial_initvE14console_pinmap  BUILD/DISCO_L475VG_IOT01A/ARMC6/mbed-os/platform/source/mbed_retarget.o
    0x08009dc4   0x00000040   Data   RO         9226    .rodata.ll_pin_defines  BUILD/DISCO_L475VG_IOT01A/ARMC6/mbed-os/targets/TARGET_STM/pinmap.o
    0x08009e04   0x00000008   Data   RO         1686    .rodata.lp_data     BUILD/DISCO_L475VG_IOT01A/ARMC6/mbed-os/hal/source/mbed_lp_ticker_api.o
    0x08009e0c   0x00000024   Data   RO         1688    .rodata.lp_interface  BUILD/DISCO_L475VG_IOT01A/ARMC6/mbed-os/hal/source/mbed_lp_ticker_api.o
    0x08009e30   0x00000008   Data   RO         9144    .rodata.lp_ticker_get_info.info  BUILD/DISCO_L475VG_IOT01A/ARMC6/mbed-os/targets/TARGET_STM/lp_ticker.o
    0x08009e38   0x000000c0   Data   RO         8586    .rodata.pin_lines_desc  BUILD/DISCO_L475VG_IOT01A/ARMC6/mbed-os/targets/TARGET_STM/TARGET_STM32L4/gpio_irq_device.o
    0x08009ef8   0x00000050   Data   RO         8601    .rodata.pwm_apb_map_table  BUILD/DISCO_L475VG_IOT01A/ARMC6/mbed-os/targets/TARGET_STM/TARGET_STM32L4/pwmout_device.o
    0x08009f48   0x00000006   Data   RO          148    .rodata.str1.1      BUILD/DISCO_L475VG_IOT01A/ARMC6/main.o
    0x08009f4e   0x00000056   Data   RO         1092    .rodata.str1.1      BUILD/DISCO_L475VG_IOT01A/ARMC6/mbed-os/drivers/source/SPI.o
    0x08009fa4   0x0000003b   Data   RO         1248    .rodata.str1.1      BUILD/DISCO_L475VG_IOT01A/ARMC6/mbed-os/drivers/source/SerialBase.o
    0x08009fdf   0x0000004e   Data   RO         2218    .rodata.str1.1      BUILD/DISCO_L475VG_IOT01A/ARMC6/mbed-os/platform/source/SysTimer.o
    0x0800a02d   0x000000e0   Data   RO         2380    .rodata.str1.1      BUILD/DISCO_L475VG_IOT01A/ARMC6/mbed-os/platform/source/TARGET_CORTEX_M/mbed_fault_handler.o
    0x0800a10d   0x00000141   Data   RO         2615    .rodata.str1.1      BUILD/DISCO_L475VG_IOT01A/ARMC6/mbed-os/platform/source/mbed_error.o
    0x0800a24e   0x000000b0   Data   RO         2915    .rodata.str1.1      BUILD/DISCO_L475VG_IOT01A/ARMC6/mbed-os/platform/source/mbed_retarget.o
    0x0800a2fe   0x00000081   Data   RO         9107    .rodata.str1.1      BUILD/DISCO_L475VG_IOT01A/ARMC6/mbed-os/targets/TARGET_STM/i2c_api.o
    0x0800a37f   0x00000041   Data   RO         9287    .rodata.str1.1      BUILD/DISCO_L475VG_IOT01A/ARMC6/mbed-os/targets/TARGET_STM/pwmout_api.o
    0x0800a3c0   0x0000002a   Data   RO         9410    .rodata.str1.1      BUILD/DISCO_L475VG_IOT01A/ARMC6/mbed-os/targets/TARGET_STM/serial_api.o
    0x0800a3ea   0x00000002   PAD
    0x0800a3ec   0x00000008   Data   RO         1817    .rodata.us_data     BUILD/DISCO_L475VG_IOT01A/ARMC6/mbed-os/hal/source/mbed_us_ticker_api.o
    0x0800a3f4   0x00000024   Data   RO         1819    .rodata.us_interface  BUILD/DISCO_L475VG_IOT01A/ARMC6/mbed-os/hal/source/mbed_us_ticker_api.o
    0x0800a418   0x00000008   Data   RO         9620    .rodata.us_ticker_get_info.info  BUILD/DISCO_L475VG_IOT01A/ARMC6/mbed-os/targets/TARGET_STM/us_ticker.o
    0x0800a420   0x00000020   Data   RO        10205    Region$$Table       anon$$obj.o
    0x0800a440   0x00000004   Data   RO          149    .init_array         BUILD/DISCO_L475VG_IOT01A/ARMC6/main.o
    0x0800a444   0x00000000   Data   RO        10077    .init_array         /home/dogfetus/.config/Mbed Studio/mbed-studio-tools/ac6/bin/../lib/armlib/mc_w.l(cpp_init.o)


    Execution Region RW_m_crash_data (Base: 0x10000188, Size: 0x00000100, Max: 0x00000100, ABSOLUTE)

    Base Addr    Size         Type   Attr      Idx    E Section Name        Object

    0x10000188   0x00000100   Zero   RW            1    RW_m_crash_data.bss  anon$$obj.o


    Execution Region RW_IRAM2 (Base: 0x10000288, Size: 0x00000b2c, Max: 0x00007d78, ABSOLUTE)

    Base Addr    Size         Type   Attr      Idx    E Section Name        Object

    0x10000288   0x00000004   Data   RW        10066    .data               /home/dogfetus/.config/Mbed Studio/mbed-studio-tools/ac6/bin/../lib/armlib/mc_w.l(errno.o)
    0x1000028c   0x00000004   Data   RW        10154    .data               /home/dogfetus/.config/Mbed Studio/mbed-studio-tools/ac6/bin/../lib/armlib/mc_w.l(mvars.o)
    0x10000290   0x00000004   Data   RW         8463    .data.SystemCoreClock  BUILD/DISCO_L475VG_IOT01A/ARMC6/mbed-os/targets/TARGET_STM/TARGET_STM32L4/STM32Cube_FW/system_stm32l4xx.o
    0x10000294   0x00000004   Data   RW          145    .data.TIME          BUILD/DISCO_L475VG_IOT01A/ARMC6/main.o
    0x10000298   0x00000001   Data   RW          147    .data._ZZ10pause_playvE5state  BUILD/DISCO_L475VG_IOT01A/ARMC6/main.o
    0x10000299   0x00000003   PAD
    0x1000029c   0x00000004   Data   RW         1687    .data.irq_handler   BUILD/DISCO_L475VG_IOT01A/ARMC6/mbed-os/hal/source/mbed_lp_ticker_api.o
    0x100002a0   0x00000004   Data   RW         1818    .data.irq_handler   BUILD/DISCO_L475VG_IOT01A/ARMC6/mbed-os/hal/source/mbed_us_ticker_api.o
    0x100002a4   0x00000004   Data   RW         3897    .data.uwTickPrio    BUILD/DISCO_L475VG_IOT01A/ARMC6/mbed-os/targets/TARGET_STM/TARGET_STM32L4/STM32Cube_FW/STM32L4xx_HAL_Driver/stm32l4xx_hal.o
    0x100002a8   0x00000014   Zero   RW         9750    .bss                /home/dogfetus/.config/Mbed Studio/mbed-studio-tools/ac6/bin/../lib/armlib/mc_w.l(stdout_f.o)
    0x100002bc   0x00000014   Zero   RW         9751    .bss                /home/dogfetus/.config/Mbed Studio/mbed-studio-tools/ac6/bin/../lib/armlib/mc_w.l(stderr_f.o)
    0x100002d0   0x00000001   Zero   RW         9152    .bss.LPTICKER_inited  BUILD/DISCO_L475VG_IOT01A/ARMC6/mbed-os/targets/TARGET_STM/lp_ticker.o
    0x100002d1   0x00000003   PAD
    0x100002d4   0x00000038   Zero   RW         9153    .bss.LptimHandle    BUILD/DISCO_L475VG_IOT01A/ARMC6/mbed-os/targets/TARGET_STM/lp_ticker.o
    0x1000030c   0x0000004c   Zero   RW         9288    .bss.TimHandle      BUILD/DISCO_L475VG_IOT01A/ARMC6/mbed-os/targets/TARGET_STM/pwmout_api.o
    0x10000358   0x0000004c   Zero   RW         9621    .bss.TimMasterHandle  BUILD/DISCO_L475VG_IOT01A/ARMC6/mbed-os/targets/TARGET_STM/us_ticker.o
    0x100003a4   0x00000003   Zero   RW         2913    .bss._ZL14stdio_out_prev  BUILD/DISCO_L475VG_IOT01A/ARMC6/mbed-os/platform/source/mbed_retarget.o
    0x100003a7   0x00000001   PAD
    0x100003a8   0x00000004   Zero   RW         2004    .bss._ZN10CThunkBase17_cthunk_free_realE  BUILD/DISCO_L475VG_IOT01A/ARMC6/mbed-os/platform/source/CThunkBase.o
    0x100003ac   0x00000004   PAD
    0x100003b0   0x00000048   Zero   RW         2711    .bss._ZN4mbed8internal12_GLOBAL__N_113os_timer_dataE  BUILD/DISCO_L475VG_IOT01A/ARMC6/mbed-os/platform/source/mbed_os_timer.o
    0x100003f8   0x00000004   Zero   RW         2710    .bss._ZN4mbed8internal8os_timerE  BUILD/DISCO_L475VG_IOT01A/ARMC6/mbed-os/platform/source/mbed_os_timer.o
    0x100003fc   0x00000004   Zero   RW         2919    .bss._ZZL19do_serial_init_oncevE4once  BUILD/DISCO_L475VG_IOT01A/ARMC6/mbed-os/platform/source/mbed_retarget.o
    0x10000400   0x00000032   Zero   RW           90    .bss._ZZN14DFRobot_RGBLCD6printfEPKczE6buffer  BUILD/DISCO_L475VG_IOT01A/ARMC6/DFRobot_RGBLCD.o
    0x10000432   0x00000002   PAD
    0x10000434   0x00000004   Zero   RW         9664    .bss._millis        BUILD/DISCO_L475VG_IOT01A/ARMC6/millis.o
    0x10000438   0x00000024   Zero   RW          139    .bss.buzzer         BUILD/DISCO_L475VG_IOT01A/ARMC6/main.o
    0x1000045c   0x00000004   Zero   RW         8898    .bss.can_irq_contexts  BUILD/DISCO_L475VG_IOT01A/ARMC6/mbed-os/targets/TARGET_STM/can_api.o
    0x10000460   0x00000214   Zero   RW         8983    .bss.channels       BUILD/DISCO_L475VG_IOT01A/ARMC6/mbed-os/targets/TARGET_STM/gpio_irq_api.o
    0x10000674   0x00000001   Zero   RW         1624    .bss.critical_interrupts_enabled  BUILD/DISCO_L475VG_IOT01A/ARMC6/mbed-os/hal/source/mbed_critical_section_api.o
    0x10000675   0x00000003   PAD
    0x10000678   0x00000004   Zero   RW         2553    .bss.critical_section_reentrancy_counter  BUILD/DISCO_L475VG_IOT01A/ARMC6/mbed-os/platform/source/mbed_critical.o
    0x1000067c   0x00000002   Zero   RW         2776    .bss.deep_sleep_lock  BUILD/DISCO_L475VG_IOT01A/ARMC6/mbed-os/platform/source/mbed_power_mgmt.o
    0x1000067e   0x00000002   PAD
    0x10000680   0x00000004   Zero   RW          146    .bss.displaytime    BUILD/DISCO_L475VG_IOT01A/ARMC6/main.o
    0x10000684   0x00000004   Zero   RW         2614    .bss.error_count    BUILD/DISCO_L475VG_IOT01A/ARMC6/mbed-os/platform/source/mbed_error.o
    0x10000688   0x00000004   Zero   RW         2616    .bss.error_hook     BUILD/DISCO_L475VG_IOT01A/ARMC6/mbed-os/platform/source/mbed_error.o
    0x1000068c   0x00000004   PAD
    0x10000690   0x00000038   Zero   RW         1689    .bss.events         BUILD/DISCO_L475VG_IOT01A/ARMC6/mbed-os/hal/source/mbed_lp_ticker_api.o
    0x100006c8   0x00000038   Zero   RW         1820    .bss.events         BUILD/DISCO_L475VG_IOT01A/ARMC6/mbed-os/hal/source/mbed_us_ticker_api.o
    0x10000700   0x00000040   Zero   RW         2613    .bss.first_error_ctx  BUILD/DISCO_L475VG_IOT01A/ARMC6/mbed-os/platform/source/mbed_error.o
    0x10000740   0x00000001   Zero   RW         9147    .bss.future_event_flag  BUILD/DISCO_L475VG_IOT01A/ARMC6/mbed-os/targets/TARGET_STM/lp_ticker.o
    0x10000741   0x00000001   Zero   RW         2617    .bss.halt_in_progress  BUILD/DISCO_L475VG_IOT01A/ARMC6/mbed-os/platform/source/mbed_error.o
    0x10000742   0x00000002   PAD
    0x10000744   0x00000014   Zero   RW         9106    .bss.i2c_handles    BUILD/DISCO_L475VG_IOT01A/ARMC6/mbed-os/targets/TARGET_STM/i2c_api.o
    0x10000758   0x00000002   Zero   RW         8982    .bss.irq_channel_used  BUILD/DISCO_L475VG_IOT01A/ARMC6/mbed-os/targets/TARGET_STM/gpio_irq_api.o
    0x1000075a   0x00000002   PAD
    0x1000075c   0x00000004   Zero   RW         8897    .bss.irq_handler    BUILD/DISCO_L475VG_IOT01A/ARMC6/mbed-os/targets/TARGET_STM/can_api.o
    0x10000760   0x00000004   Zero   RW         8984    .bss.irq_handler    BUILD/DISCO_L475VG_IOT01A/ARMC6/mbed-os/targets/TARGET_STM/gpio_irq_api.o
    0x10000764   0x00000001   Zero   RW         2612    .bss.is_reboot_error_valid  BUILD/DISCO_L475VG_IOT01A/ARMC6/mbed-os/platform/source/mbed_error.o
    0x10000765   0x00000003   PAD
    0x10000768   0x00000050   Zero   RW          140    .bss.knapp1         BUILD/DISCO_L475VG_IOT01A/ARMC6/main.o
    0x100007b8   0x00000050   Zero   RW          141    .bss.knapp2         BUILD/DISCO_L475VG_IOT01A/ARMC6/main.o
    0x10000808   0x00000050   Zero   RW          142    .bss.knapp3         BUILD/DISCO_L475VG_IOT01A/ARMC6/main.o
    0x10000858   0x00000050   Zero   RW          143    .bss.knapp4         BUILD/DISCO_L475VG_IOT01A/ARMC6/main.o
    0x100008a8   0x00000040   Zero   RW         2611    .bss.last_error_ctx  BUILD/DISCO_L475VG_IOT01A/ARMC6/mbed-os/platform/source/mbed_error.o
    0x100008e8   0x000000fc   Zero   RW          144    .bss.lcd            BUILD/DISCO_L475VG_IOT01A/ARMC6/main.o
    0x100009e4   0x0000001c   Zero   RW          138    .bss.led1           BUILD/DISCO_L475VG_IOT01A/ARMC6/main.o
    0x10000a00   0x00000001   Zero   RW         9145    .bss.lp_Fired       BUILD/DISCO_L475VG_IOT01A/ARMC6/mbed-os/targets/TARGET_STM/lp_ticker.o
    0x10000a01   0x00000001   Zero   RW         9149    .bss.lp_cmpok       BUILD/DISCO_L475VG_IOT01A/ARMC6/mbed-os/targets/TARGET_STM/lp_ticker.o
    0x10000a02   0x00000002   PAD
    0x10000a04   0x00000004   Zero   RW         9150    .bss.lp_delayed_counter  BUILD/DISCO_L475VG_IOT01A/ARMC6/mbed-os/targets/TARGET_STM/lp_ticker.o
    0x10000a08   0x00000001   Zero   RW         9146    .bss.lp_delayed_prog  BUILD/DISCO_L475VG_IOT01A/ARMC6/mbed-os/targets/TARGET_STM/lp_ticker.o
    0x10000a09   0x00000001   Zero   RW         2610    .bss.mbed_error_in_progress  BUILD/DISCO_L475VG_IOT01A/ARMC6/mbed-os/platform/source/mbed_error.o
    0x10000a0a   0x00000002   PAD
    0x10000a0c   0x00000004   Zero   RW         2910    .bss.mbed_heap_size  BUILD/DISCO_L475VG_IOT01A/ARMC6/mbed-os/platform/source/mbed_retarget.o
    0x10000a10   0x00000004   Zero   RW         2909    .bss.mbed_heap_start  BUILD/DISCO_L475VG_IOT01A/ARMC6/mbed-os/platform/source/mbed_retarget.o
    0x10000a14   0x00000004   Zero   RW         9191    .bss.mbed_sdk_inited  BUILD/DISCO_L475VG_IOT01A/ARMC6/mbed-os/targets/TARGET_STM/mbed_overrides.o
    0x10000a18   0x00000004   Zero   RW         3000    .bss.mbed_stack_isr_size  BUILD/DISCO_L475VG_IOT01A/ARMC6/mbed-os/platform/source/mbed_sdk_boot.o
    0x10000a1c   0x00000004   Zero   RW         2999    .bss.mbed_stack_isr_start  BUILD/DISCO_L475VG_IOT01A/ARMC6/mbed-os/platform/source/mbed_sdk_boot.o
    0x10000a20   0x00000002   Zero   RW         9002    .bss.prev_tick_remainder  BUILD/DISCO_L475VG_IOT01A/ARMC6/mbed-os/targets/TARGET_STM/hal_tick_overrides.o
    0x10000a22   0x00000002   PAD
    0x10000a24   0x00000004   Zero   RW         9001    .bss.prev_time      BUILD/DISCO_L475VG_IOT01A/ARMC6/mbed-os/targets/TARGET_STM/hal_tick_overrides.o
    0x10000a28   0x00000001   Zero   RW         9148    .bss.roll_over_flag  BUILD/DISCO_L475VG_IOT01A/ARMC6/mbed-os/targets/TARGET_STM/lp_ticker.o
    0x10000a29   0x00000001   Zero   RW         9151    .bss.sleep_manager_locked  BUILD/DISCO_L475VG_IOT01A/ARMC6/mbed-os/targets/TARGET_STM/lp_ticker.o
    0x10000a2a   0x00000001   Zero   RW         1623    .bss.state_saved    BUILD/DISCO_L475VG_IOT01A/ARMC6/mbed-os/hal/source/mbed_critical_section_api.o
    0x10000a2b   0x00000001   PAD
    0x10000a2c   0x0000004c   Zero   RW         9411    .bss.stdio_uart     BUILD/DISCO_L475VG_IOT01A/ARMC6/mbed-os/targets/TARGET_STM/serial_api.o
    0x10000a78   0x00000004   Zero   RW         9409    .bss.stdio_uart_inited  BUILD/DISCO_L475VG_IOT01A/ARMC6/mbed-os/targets/TARGET_STM/serial_api.o
    0x10000a7c   0x00000004   PAD
    0x10000a80   0x00000018   Zero   RW          137    .bss.t              BUILD/DISCO_L475VG_IOT01A/ARMC6/main.o
    0x10000a98   0x00000004   Zero   RW         9003    .bss.total_ticks    BUILD/DISCO_L475VG_IOT01A/ARMC6/mbed-os/targets/TARGET_STM/hal_tick_overrides.o
    0x10000a9c   0x00000318   Zero   RW         8677    .bss.uart_handlers  BUILD/DISCO_L475VG_IOT01A/ARMC6/mbed-os/targets/TARGET_STM/TARGET_STM32L4/serial_device.o


    Execution Region RW_IRAM1 (Base: 0x20000000, Size: 0x00000000, Max: 0x00006000, ABSOLUTE)

    **** No section assigned to this execution region ****


    Execution Region ARM_LIB_HEAP (Base: 0x20000000, Size: 0x00017000, Max: 0x00017000, ABSOLUTE)

    Base Addr    Size         Type   Attr      Idx    E Section Name        Object

    0x20000000   0x00017000   Zero   RW            2    ARM_LIB_HEAP.bss    anon$$obj.o


    Execution Region ARM_LIB_STACK (Base: 0x20017000, Size: 0x00001000, Max: 0x00001000, ABSOLUTE)

    Base Addr    Size         Type   Attr      Idx    E Section Name        Object

    0x20017000   0x00001000   Zero   RW            3    ARM_LIB_STACK.bss   anon$$obj.o


==============================================================================

Image component sizes


      Code (inc. data)   RO Data    RW Data    ZI Data      Debug   

     34330       1974       3176         24     101348    1485690   Object Totals
         0          0         32          0      98560          0   (incl. Generated)
       410          4          2          3         37          0   (incl. Padding)
      4546        172          0          8         40       3268   Library Totals
        10          0          0          0          0          0   (incl. Padding)

==============================================================================


      Code (inc. data)   RO Data    RW Data    ZI Data      Debug   

     38876       2146       3176         32     101388    1485946   Grand Totals
     38876       2146       3176         32     101388    1485946   ELF Image Totals
     38876       2146       3176         32          0          0   ROM Totals

==============================================================================

    Total RO  Size (Code + RO Data)                42052 (  41.07kB)
    Total RW  Size (RW Data + ZI Data)            101420 (  99.04kB)
    Total ROM Size (Code + RO Data + RW Data)      42084 (  41.10kB)

==============================================================================

