Component: ARM Compiler 6.16 Tool: armlink [5dfea500]

==============================================================================

Loading Objects.

Loading object BUILD/DISCO_L475VG_IOT01A/ARMC6/DFRobot_RGBLCD.o.
              definition:  DFRobot_RGBLCD::autoscroll()
              definition:  DFRobot_RGBLCD::cursor_off()
              definition:  DFRobot_RGBLCD::noBlinkLED()
              definition:  DFRobot_RGBLCD::leftToRight()
              definition:  DFRobot_RGBLCD::rightToLeft()
              definition:  DFRobot_RGBLCD::setContrast(unsigned char)
              definition:  DFRobot_RGBLCD::customSymbol(unsigned char, unsigned char*)
              definition:  DFRobot_RGBLCD::noAutoscroll()
              definition:  DFRobot_RGBLCD::setBacklight(unsigned char)
              definition:  DFRobot_RGBLCD::init_bargraph(unsigned char)
              weak defn :  DFRobot_RGBLCD::setColorWhite()
              definition:  DFRobot_RGBLCD::scrollDisplayLeft()
              definition:  DFRobot_RGBLCD::scrollDisplayRight()
              definition:  DFRobot_RGBLCD::draw_vertical_graph(unsigned char, unsigned char, unsigned char, unsigned char)
              definition:  DFRobot_RGBLCD::draw_horizontal_graph(unsigned char, unsigned char, unsigned char, unsigned char)
              definition:  DFRobot_RGBLCD::load_custom_character(unsigned char, unsigned char*)
              definition:  DFRobot_RGBLCD::on()
              definition:  DFRobot_RGBLCD::off()
              definition:  DFRobot_RGBLCD::home()
              definition:  DFRobot_RGBLCD::init()
              definition:  DFRobot_RGBLCD::send(unsigned char*, unsigned char)
              definition:  DFRobot_RGBLCD::begin(unsigned char, unsigned char, unsigned char)
              definition:  DFRobot_RGBLCD::blink()
              definition:  DFRobot_RGBLCD::clear()
              weak defn :  DFRobot_RGBLCD::write(unsigned char)
              definition:  DFRobot_RGBLCD::cursor()
              definition:  DFRobot_RGBLCD::keypad()
              definition:  DFRobot_RGBLCD::printf(char const*, ...)
              definition:  DFRobot_RGBLCD::setRGB(unsigned char, unsigned char, unsigned char)
              definition:  DFRobot_RGBLCD::setReg(unsigned char, unsigned char)
              definition:  DFRobot_RGBLCD::status()
              weak defn :  DFRobot_RGBLCD::command(unsigned char)
              definition:  DFRobot_RGBLCD::display()
              definition:  DFRobot_RGBLCD::blinkLED()
              definition:  DFRobot_RGBLCD::blink_on()
              definition:  DFRobot_RGBLCD::noCursor()
              definition:  DFRobot_RGBLCD::printstr(char const*)
              definition:  DFRobot_RGBLCD::setColor(unsigned char)
              definition:  DFRobot_RGBLCD::setDelay(int, int)
              definition:  DFRobot_RGBLCD::blink_off()
              definition:  DFRobot_RGBLCD::cursor_on()
              definition:  DFRobot_RGBLCD::noDisplay()
              definition:  DFRobot_RGBLCD::setCursor(unsigned char, unsigned char)
              definition:  DFRobot_RGBLCD::stopBlink()
              definition:  DFRobot_RGBLCD::DFRobot_RGBLCD(unsigned char, unsigned char, PinName, PinName, unsigned char, unsigned char)
              definition:  DFRobot_RGBLCD::DFRobot_RGBLCD__sub_object(unsigned char, unsigned char, PinName, PinName, unsigned char, unsigned char)
              reference :  mbed::I2C::write(int, char const*, int, bool)
              reference :  mbed::I2C::I2C(PinName, PinName)
              reference :  rtos::ThisThread::sleep_for(std::__2::chrono::duration<unsigned int, std::__2::ratio<1ll, 1000ll> >)
              weak defn :  std::__2::literals::chrono_literals::operator"" ms(unsigned long long)
              weak defn :  vtable for DFRobot_RGBLCD
              reference :  __aeabi_memclr4
              reference :  strlen
              reference :  vsprintf
Loading object BUILD/DISCO_L475VG_IOT01A/ARMC6/HTS221/HTS221Sensor.o.
              reference :  HTS221_Activate
              reference :  HTS221_DeActivate
              reference :  HTS221_Get_DeviceID
              reference :  HTS221_Get_Humidity
              reference :  HTS221_Get_Odr
              reference :  HTS221_Get_Temperature
              reference :  HTS221_Set_BduMode
              reference :  HTS221_Set_Odr
              definition:  HTS221_io_read
              definition:  HTS221_io_write
              reference :  HTS221_read_reg
              reference :  HTS221_write_reg
              weak defn :  TempSensor::get_fahrenheit(float*)
              weak defn :  TempSensor::TempSensor__sub_object()
              weak defn :  TempSensor::~TempSensor__deallocating()
              definition:  HTS221Sensor::get_humidity(float*)
              definition:  HTS221Sensor::get_temperature(float*)
              definition:  HTS221Sensor::init(void*)
              definition:  HTS221Sensor::reset()
              definition:  HTS221Sensor::enable()
[...]
    0x08002f9c   0x00000030   Code   RO         5193    .text.I2C_TransferConfig  BUILD/DISCO_L475VG_IOT01A/ARMC6/mbed-os/targets/TARGET_STM/TARGET_STM32L4/STM32Cube_FW/STM32L4xx_HAL_Driver/stm32l4xx_hal_i2c.o
    0x08002fcc   0x0000002c   Code   RO         5335    .text.I2C_TreatErrorCallback  BUILD/DISCO_L475VG_IOT01A/ARMC6/mbed-os/targets/TARGET_STM/TARGET_STM32L4/STM32Cube_FW/STM32L4xx_HAL_Driver/stm32l4xx_hal_i2c.o
    0x08002ff8   0x00000012   Code   RO         9330    .text.LL_EXTI_DisableFallingTrig_0_31  BUILD/DISCO_L475VG_IOT01A/ARMC6/mbed-os/targets/TARGET_STM/gpio_irq_api.o
    0x0800300a   0x00000002   PAD
    0x0800300c   0x00000012   Code   RO         9336    .text.LL_EXTI_DisableIT_0_31  BUILD/DISCO_L475VG_IOT01A/ARMC6/mbed-os/targets/TARGET_STM/gpio_irq_api.o
    0x0800301e   0x00000002   PAD
    0x08003020   0x00000012   Code   RO         9326    .text.LL_EXTI_DisableRisingTrig_0_31  BUILD/DISCO_L475VG_IOT01A/ARMC6/mbed-os/targets/TARGET_STM/gpio_irq_api.o
    0x08003032   0x00000002   PAD
    0x08003034   0x00000010   Code   RO         9328    .text.LL_EXTI_EnableFallingTrig_0_31  BUILD/DISCO_L475VG_IOT01A/ARMC6/mbed-os/targets/TARGET_STM/gpio_irq_api.o
    0x08003044   0x00000010   Code   RO         9332    .text.LL_EXTI_EnableIT_0_31  BUILD/DISCO_L475VG_IOT01A/ARMC6/mbed-os/targets/TARGET_STM/gpio_irq_api.o
    0x08003054   0x00000010   Code   RO         9324    .text.LL_EXTI_EnableRisingTrig_0_31  BUILD/DISCO_L475VG_IOT01A/ARMC6/mbed-os/targets/TARGET_STM/gpio_irq_api.o
    0x08003064   0x00000016   Code   RO         9344    .text.LL_EXTI_IsEnabledFallingTrig_0_31  BUILD/DISCO_L475VG_IOT01A/ARMC6/mbed-os/targets/TARGET_STM/gpio_irq_api.o
    0x0800307a   0x00000002   PAD
    0x0800307c   0x00000016   Code   RO         9346    .text.LL_EXTI_IsEnabledRisingTrig_0_31  BUILD/DISCO_L475VG_IOT01A/ARMC6/mbed-os/targets/TARGET_STM/gpio_irq_api.o
    0x08003092   0x00000002   PAD
    0x08003094   0x0000000a   Code   RO         9576    .text.LL_GPIO_DisablePinAnalogControl  BUILD/DISCO_L475VG_IOT01A/ARMC6/mbed-os/targets/TARGET_STM/pinmap.o
    0x0800309e   0x00000002   PAD
    0x080030a0   0x00000008   Code   RO         9574    .text.LL_GPIO_EnablePinAnalogControl  BUILD/DISCO_L475VG_IOT01A/ARMC6/mbed-os/targets/TARGET_STM/pinmap.o
    0x080030a8   0x00000016   Code   RO         9584    .text.LL_GPIO_GetPinMode  BUILD/DISCO_L475VG_IOT01A/ARMC6/mbed-os/targets/TARGET_STM/pinmap.o
    0x080030be   0x00000002   PAD
    0x080030c0   0x00000020   Code   RO         9588    .text.LL_GPIO_SetAFPin_0_7  BUILD/DISCO_L475VG_IOT01A/ARMC6/mbed-os/targets/TARGET_STM/pinmap.o
    0x080030e0   0x00000022   Code   RO         9586    .text.LL_GPIO_SetAFPin_8_15  BUILD/DISCO_L475VG_IOT01A/ARMC6/mbed-os/targets/TARGET_STM/pinmap.o
    0x08003102   0x00000002   PAD
    0x08003104   0x00000020   Code   RO         9284    .text.LL_GPIO_SetPinMode  BUILD/DISCO_L475VG_IOT01A/ARMC6/mbed-os/targets/TARGET_STM/gpio_api.o
    0x08003124   0x00000020   Code   RO         9572    .text.LL_GPIO_SetPinMode  BUILD/DISCO_L475VG_IOT01A/ARMC6/mbed-os/targets/TARGET_STM/pinmap.o
    0x08003144   0x0000000c   Code   RO         9578    .text.LL_GPIO_SetPinOutputType  BUILD/DISCO_L475VG_IOT01A/ARMC6/mbed-os/targets/TARGET_STM/pinmap.o
    0x08003150   0x00000020   Code   RO         9590    .text.LL_GPIO_SetPinPull  BUILD/DISCO_L475VG_IOT01A/ARMC6/mbed-os/targets/TARGET_STM/pinmap.o
    0x08003170   0x00000020   Code   RO         9568    .text.LL_GPIO_SetPinSpeed  BUILD/DISCO_L475VG_IOT01A/ARMC6/mbed-os/targets/TARGET_STM/pinmap.o
    0x08003190   0x00000010   Code   RO         9788    .text.LL_PWR_IsEnabledLowPowerRunMode  BUILD/DISCO_L475VG_IOT01A/ARMC6/mbed-os/targets/TARGET_STM/sleep.o
    0x080031a0   0x00000010   Code   RO         9553    .text.LL_RCC_LSE_IsReady  BUILD/DISCO_L475VG_IOT01A/ARMC6/mbed-os/targets/TARGET_STM/mbed_overrides.o
    0x080031b0   0x0000000a   Code   RO         9974    .text.LL_TIM_GenerateEvent_CC1  BUILD/DISCO_L475VG_IOT01A/ARMC6/mbed-os/targets/TARGET_STM/us_ticker.o
    0x080031ba   0x00000002   PAD
    0x080031bc   0x000000fc   Code   RO         9490    .text.LPTIM_IRQHandler  BUILD/DISCO_L475VG_IOT01A/ARMC6/mbed-os/targets/TARGET_STM/lp_ticker.o
    0x080032b8   0x00000048   Code   RO         5498    .text.LPTIM_WaitForFlag  BUILD/DISCO_L475VG_IOT01A/ARMC6/mbed-os/targets/TARGET_STM/TARGET_STM32L4/STM32Cube_FW/STM32L4xx_HAL_Driver/stm32l4xx_hal_lptim.o
    0x08003300   0x00000018   Code   RO         9555    .text.LSEDriveConfig  BUILD/DISCO_L475VG_IOT01A/ARMC6/mbed-os/targets/TARGET_STM/mbed_overrides.o
    0x08003318   0x0000018e   Code   RO         6169    .text.RCCEx_PLLSAI1_Config  BUILD/DISCO_L475VG_IOT01A/ARMC6/mbed-os/targets/TARGET_STM/TARGET_STM32L4/STM32Cube_FW/STM32L4xx_HAL_Driver/stm32l4xx_hal_rcc_ex.o
    0x080034a6   0x00000002   PAD
    0x080034a8   0x0000015e   Code   RO         6171    .text.RCCEx_PLLSAI2_Config  BUILD/DISCO_L475VG_IOT01A/ARMC6/mbed-os/targets/TARGET_STM/TARGET_STM32L4/STM32Cube_FW/STM32L4xx_HAL_Driver/stm32l4xx_hal_rcc_ex.o
    0x08003606   0x00000002   PAD
    0x08003608   0x0000008e   Code   RO         6135    .text.RCC_SetFlashLatencyFromMSIRange  BUILD/DISCO_L475VG_IOT01A/ARMC6/mbed-os/targets/TARGET_STM/TARGET_STM32L4/STM32Cube_FW/STM32L4xx_HAL_Driver/stm32l4xx_hal_rcc.o
    0x08003696   0x00000002   PAD
    0x08003698   0x00000028   Code   RO         8873    .text.SetSysClock   BUILD/DISCO_L475VG_IOT01A/ARMC6/mbed-os/targets/TARGET_STM/TARGET_STM32L4/TARGET_STM32L475xG/system_clock.o
    0x080036c0   0x00000098   Code   RO         8875    .text.SetSysClock_PLL_MSI  BUILD/DISCO_L475VG_IOT01A/ARMC6/mbed-os/targets/TARGET_STM/TARGET_STM32L4/TARGET_STM32L475xG/system_clock.o
    0x08003758   0x0000019c   Code   RO         9274    .text.Set_GPIO_Clock  BUILD/DISCO_L475VG_IOT01A/ARMC6/mbed-os/targets/TARGET_STM/gpio_api.o
    0x080038f4   0x00000010   Code   RO        10024    .text.SysTick_Handler  BUILD/DISCO_L475VG_IOT01A/ARMC6/millis/millis.o
    0x08003904   0x000000be   Code   RO         8827    .text.SystemCoreClockUpdate  BUILD/DISCO_L475VG_IOT01A/ARMC6/mbed-os/targets/TARGET_STM/TARGET_STM32L4/STM32Cube_FW/system_stm32l4xx.o
    0x080039c2   0x00000002   PAD
    0x080039c4   0x00000050   Code   RO         8825    .text.SystemInit    BUILD/DISCO_L475VG_IOT01A/ARMC6/mbed-os/targets/TARGET_STM/TARGET_STM32L4/STM32Cube_FW/system_stm32l4xx.o
    0x08003a14   0x00000122   Code   RO         7047    .text.TIM_Base_SetConfig  BUILD/DISCO_L475VG_IOT01A/ARMC6/mbed-os/targets/TARGET_STM/TARGET_STM32L4/STM32Cube_FW/STM32L4xx_HAL_Driver/stm32l4xx_hal_tim.o
    0x08003b36   0x00000002   PAD
    0x08003b38   0x00000024   Code   RO         7081    .text.TIM_CCxChannelCmd  BUILD/DISCO_L475VG_IOT01A/ARMC6/mbed-os/targets/TARGET_STM/TARGET_STM32L4/STM32Cube_FW/STM32L4xx_HAL_Driver/stm32l4xx_hal_tim.o
    0x08003b5c   0x00000002   Code   RO         9549    .text.TargetBSP_Init  BUILD/DISCO_L475VG_IOT01A/ARMC6/mbed-os/targets/TARGET_STM/mbed_overrides.o
    0x08003b5e   0x00000002   PAD
    0x08003b60   0x000000e6   Code   RO         7441    .text.UART_AdvFeatureConfig  BUILD/DISCO_L475VG_IOT01A/ARMC6/mbed-os/targets/TARGET_STM/TARGET_STM32L4/STM32Cube_FW/STM32L4xx_HAL_Driver/stm32l4xx_hal_uart.o
    0x08003c46   0x00000002   PAD
    0x08003c48   0x0000006a   Code   RO         7443    .text.UART_CheckIdleState  BUILD/DISCO_L475VG_IOT01A/ARMC6/mbed-os/targets/TARGET_STM/TARGET_STM32L4/STM32Cube_FW/STM32L4xx_HAL_Driver/stm32l4xx_hal_uart.o
    0x08003cb2   0x00000002   PAD
    0x08003cb4   0x00000260   Code   RO         7439    .text.UART_SetConfig  BUILD/DISCO_L475VG_IOT01A/ARMC6/mbed-os/targets/TARGET_STM/TARGET_STM32L4/STM32Cube_FW/STM32L4xx_HAL_Driver/stm32l4xx_hal_uart.o
    0x08003f14   0x000000b0   Code   RO         7457    .text.UART_WaitOnFlagUntilTimeout  BUILD/DISCO_L475VG_IOT01A/ARMC6/mbed-os/targets/TARGET_STM/TARGET_STM32L4/STM32Cube_FW/STM32L4xx_HAL_Driver/stm32l4xx_hal_uart.o
    0x08003fc4   0x00000014   Code   RO          295    .text._GLOBAL__sub_I_main.cpp  BUILD/DISCO_L475VG_IOT01A/ARMC6/main.o
    0x08003fd8   0x00000020   Code   RO        10020    .text._Z11millisStartv  BUILD/DISCO_L475VG_IOT01A/ARMC6/millis/millis.o
    0x08003ff8   0x00000004   Code   RO          363    .text._Z21core_util_atomic_loadIN4rtos5MutexEEPT_PKS3_  BUILD/DISCO_L475VG_IOT01A/ARMC6/mbed-os/drivers/source/AnalogIn.o
    0x08003ffc   0x00000004   Code   RO          367    .text._Z22core_util_atomic_storeIN4rtos5MutexEEvPPT_S3_  BUILD/DISCO_L475VG_IOT01A/ARMC6/mbed-os/drivers/source/AnalogIn.o
    0x08004000   0x0000000c   Code   RO        10026    .text._Z6millisv    BUILD/DISCO_L475VG_IOT01A/ARMC6/millis/millis.o
    0x0800400c   0x00000010   Code   RO          145    .text._ZL10gpio_writeP6gpio_ti  BUILD/DISCO_L475VG_IOT01A/ARMC6/HTS221/HTS221Sensor.o
    0x0800401c   0x00000010   Code   RO          621    .text._ZL10gpio_writeP6gpio_ti  BUILD/DISCO_L475VG_IOT01A/ARMC6/mbed-os/drivers/source/BusInOut.o
    0x0800402c   0x00000026   Code   RO         2966    .text._ZL11get_consolei  BUILD/DISCO_L475VG_IOT01A/ARMC6/mbed-os/platform/source/mbed_retarget.o
    0x08004052   0x00000002   PAD
    0x08004054   0x0000000e   Code   RO         2996    .text._ZL12convert_crlfi  BUILD/DISCO_L475VG_IOT01A/ARMC6/mbed-os/platform/source/mbed_retarget.o
    0x08004062   0x00000002   PAD
    0x08004064   0x00000024   Code   RO        10022    .text._ZL14SysTick_Configj  BUILD/DISCO_L475VG_IOT01A/ARMC6/millis/millis.o
    0x08004088   0x0000004e   Code   RO         3116    .text._ZL15default_consolev  BUILD/DISCO_L475VG_IOT01A/ARMC6/mbed-os/platform/source/mbed_retarget.o
    0x080040d6   0x00000002   PAD
    0x080040d8   0x0000000e   Code   RO        10028    .text._ZL18__NVIC_SetPriority9IRQn_Typej  BUILD/DISCO_L475VG_IOT01A/ARMC6/millis/millis.o
    0x080040e6   0x00000002   PAD
    0x080040e8   0x0000001c   Code   RO         2988    .text._ZL18handle_open_errorsij  BUILD/DISCO_L475VG_IOT01A/ARMC6/mbed-os/platform/source/mbed_retarget.o
    0x08004104   0x0000002a   Code   RO         2986    .text._ZL18openflags_to_posixi  BUILD/DISCO_L475VG_IOT01A/ARMC6/mbed-os/platform/source/mbed_retarget.o
    0x0800412e   0x00000002   PAD
    0x08004130   0x0000005a   Code   RO         2970    .text._ZL18reserve_filehandlev  BUILD/DISCO_L475VG_IOT01A/ARMC6/mbed-os/platform/source/mbed_retarget.o
    0x0800418a   0x00000002   PAD
    0x0800418c   0x00000008   Code   RO         2867    .text._ZL5sleepv    BUILD/DISCO_L475VG_IOT01A/ARMC6/mbed-os/platform/source/mbed_os_timer.o
    0x08004194   0x0000000e   Code   RO          293    .text._ZL9gpio_readP6gpio_t  BUILD/DISCO_L475VG_IOT01A/ARMC6/main.o
    0x080041a2   0x00000002   PAD
    0x080041a4   0x0000000e   Code   RO          623    .text._ZL9gpio_readP6gpio_t  BUILD/DISCO_L475VG_IOT01A/ARMC6/mbed-os/drivers/source/BusInOut.o
    0x080041b2   0x00000002   PAD
    0x080041b4   0x00000014   Code   RO         2143    .text._ZN10CThunkBase11cthunk_freeEPFvvE  BUILD/DISCO_L475VG_IOT01A/ARMC6/mbed-os/platform/source/CThunkBase.o
    0x080041c8   0x0000003c   Code   RO          174    .text._ZN10TempSensor14get_fahrenheitEPf  BUILD/DISCO_L475VG_IOT01A/ARMC6/HTS221/HTS221Sensor.o
    0x08004204   0x00000014   Code   RO          158    .text._ZN10TempSensorC2Ev  BUILD/DISCO_L475VG_IOT01A/ARMC6/HTS221/HTS221Sensor.o
    0x08004218   0x00000002   Code   RO          184    .text._ZN10TempSensorD0Ev  BUILD/DISCO_L475VG_IOT01A/ARMC6/HTS221/HTS221Sensor.o
    0x0800421a   0x00000002   PAD
    0x0800421c   0x0000001e   Code   RO         2952    .text._ZN12DirectSerial4readEPvj  BUILD/DISCO_L475VG_IOT01A/ARMC6/mbed-os/platform/source/mbed_retarget.o
    0x0800423a   0x00000002   PAD
    0x0800423c   0x0000000a   Code   RO         3143    .text._ZN12DirectSerial4seekEli  BUILD/DISCO_L475VG_IOT01A/ARMC6/mbed-os/platform/source/mbed_retarget.o
    0x08004246   0x00000002   PAD
    0x08004248   0x00000006   Code   RO         3149    .text._ZN12DirectSerial4sizeEv  BUILD/DISCO_L475VG_IOT01A/ARMC6/mbed-os/platform/source/mbed_retarget.o
    0x0800424e   0x00000002   PAD
    0x08004250   0x00000004   Code   RO         3145    .text._ZN12DirectSerial5closeEv  BUILD/DISCO_L475VG_IOT01A/ARMC6/mbed-os/platform/source/mbed_retarget.o
    0x08004254   0x00000028   Code   RO         2950    .text._ZN12DirectSerial5writeEPKvj  BUILD/DISCO_L475VG_IOT01A/ARMC6/mbed-os/platform/source/mbed_retarget.o
    0x0800427c   0x00000004   Code   RO         3147    .text._ZN12DirectSerial6isattyEv  BUILD/DISCO_L475VG_IOT01A/ARMC6/mbed-os/platform/source/mbed_retarget.o
    0x08004280   0x00000044   Code   RO         2948    .text._ZN12DirectSerialC2ERK15serial_pinmap_ti  BUILD/DISCO_L475VG_IOT01A/ARMC6/mbed-os/platform/source/mbed_retarget.o
    0x080042c4   0x0000000c   Code   RO         3141    .text._ZN12DirectSerialD0Ev  BUILD/DISCO_L475VG_IOT01A/ARMC6/mbed-os/platform/source/mbed_retarget.o
    0x080042d0   0x0000003c   Code   RO          133    .text._ZN12HTS221Sensor12get_humidityEPf  BUILD/DISCO_L475VG_IOT01A/ARMC6/HTS221/HTS221Sensor.o
    0x0800430c   0x0000003c   Code   RO          135    .text._ZN12HTS221Sensor15get_temperatureEPf  BUILD/DISCO_L475VG_IOT01A/ARMC6/HTS221/HTS221Sensor.o
    0x08004348   0x00000030   Code   RO          113    .text._ZN12HTS221Sensor4initEPv  BUILD/DISCO_L475VG_IOT01A/ARMC6/HTS221/HTS221Sensor.o
    0x08004378   0x00000010   Code   RO          119    .text._ZN12HTS221Sensor6enableEv  BUILD/DISCO_L475VG_IOT01A/ARMC6/HTS221/HTS221Sensor.o
    0x08004388   0x00000074   Code   RO          164    .text._ZN12HTS221Sensor7io_readEPhht  BUILD/DISCO_L475VG_IOT01A/ARMC6/HTS221/HTS221Sensor.o
    0x080043fc   0x00000018   Code   RO          123    .text._ZN12HTS221Sensor7read_idEPh  BUILD/DISCO_L475VG_IOT01A/ARMC6/HTS221/HTS221Sensor.o
    0x08004414   0x00000032   Code   RO          115    .text._ZN12HTS221Sensor7set_odrEf  BUILD/DISCO_L475VG_IOT01A/ARMC6/HTS221/HTS221Sensor.o
    0x08004446   0x00000002   PAD
    0x08004448   0x00000072   Code   RO          162    .text._ZN12HTS221Sensor8io_writeEPhht  BUILD/DISCO_L475VG_IOT01A/ARMC6/HTS221/HTS221Sensor.o
    0x080044ba   0x00000002   PAD
    0x080044bc   0x00000068   Code   RO          111    .text._ZN12HTS221SensorC2EP6DevI2Ch7PinName  BUILD/DISCO_L475VG_IOT01A/ARMC6/HTS221/HTS221Sensor.o
    0x08004524   0x0000000c   Code   RO          168    .text._ZN12HTS221SensorD0Ev  BUILD/DISCO_L475VG_IOT01A/ARMC6/HTS221/HTS221Sensor.o
    0x08004530   0x0000002e   Code   RO          166    .text._ZN12HTS221SensorD2Ev  BUILD/DISCO_L475VG_IOT01A/ARMC6/HTS221/HTS221Sensor.o
    0x0800455e   0x00000002   PAD
    0x08004560   0x00000008   Code   RO          870    .text._ZN12SingletonPtrIN4rtos5MutexEEC2Ev  BUILD/DISCO_L475VG_IOT01A/ARMC6/mbed-os/drivers/source/I2C.o
    0x08004568   0x0000000e   Code   RO          103    .text._ZN14DFRobot_RGBLCD13setColorWhiteEv  BUILD/DISCO_L475VG_IOT01A/ARMC6/DFRobot_RGBLCD.o
    0x08004576   0x00000002   PAD
    0x08004578   0x00000012   Code   RO            7    .text._ZN14DFRobot_RGBLCD4initEv  BUILD/DISCO_L475VG_IOT01A/ARMC6/DFRobot_RGBLCD.o
    0x0800458a   0x00000002   PAD
    0x0800458c   0x0000002c   Code   RO           41    .text._ZN14DFRobot_RGBLCD4sendEPhh  BUILD/DISCO_L475VG_IOT01A/ARMC6/DFRobot_RGBLCD.o
    0x080045b8   0x000000be   Code   RO            9    .text._ZN14DFRobot_RGBLCD5beginEhhh  BUILD/DISCO_L475VG_IOT01A/ARMC6/DFRobot_RGBLCD.o
    0x08004676   0x00000002   PAD
    0x08004678   0x0000001e   Code   RO           11    .text._ZN14DFRobot_RGBLCD5clearEv  BUILD/DISCO_L475VG_IOT01A/ARMC6/DFRobot_RGBLCD.o
    0x08004696   0x00000002   PAD
    0x08004698   0x00000024   Code   RO          105    .text._ZN14DFRobot_RGBLCD5writeEh  BUILD/DISCO_L475VG_IOT01A/ARMC6/DFRobot_RGBLCD.o
    0x080046bc   0x00000050   Code   RO           69    .text._ZN14DFRobot_RGBLCD6printfEPKcz  BUILD/DISCO_L475VG_IOT01A/ARMC6/DFRobot_RGBLCD.o
    0x0800470c   0x00000026   Code   RO           45    .text._ZN14DFRobot_RGBLCD6setRGBEhhh  BUILD/DISCO_L475VG_IOT01A/ARMC6/DFRobot_RGBLCD.o
    0x08004732   0x00000002   PAD
    0x08004734   0x00000026   Code   RO           47    .text._ZN14DFRobot_RGBLCD6setRegEhh  BUILD/DISCO_L475VG_IOT01A/ARMC6/DFRobot_RGBLCD.o
    0x0800475a   0x00000002   PAD
    0x0800475c   0x00000022   Code   RO           99    .text._ZN14DFRobot_RGBLCD7commandEh  BUILD/DISCO_L475VG_IOT01A/ARMC6/DFRobot_RGBLCD.o
    0x0800477e   0x00000002   PAD
    0x08004780   0x00000016   Code   RO           17    .text._ZN14DFRobot_RGBLCD7displayEv  BUILD/DISCO_L475VG_IOT01A/ARMC6/DFRobot_RGBLCD.o
    0x08004796   0x00000002   PAD
    0x08004798   0x00000038   Code   RO            5    .text._ZN14DFRobot_RGBLCDC2Ehh7PinNameS0_hh  BUILD/DISCO_L475VG_IOT01A/ARMC6/DFRobot_RGBLCD.o
    0x080047d0   0x00000014   Code   RO          156    .text._ZN14HumiditySensorC2Ev  BUILD/DISCO_L475VG_IOT01A/ARMC6/HTS221/HTS221Sensor.o
    0x080047e4   0x00000002   Code   RO          178    .text._ZN14HumiditySensorD0Ev  BUILD/DISCO_L475VG_IOT01A/ARMC6/HTS221/HTS221Sensor.o
    0x080047e6   0x00000002   PAD
    0x080047e8   0x00000008   Code   RO          190    .text._ZN4mbed10DigitalOut5writeEi  BUILD/DISCO_L475VG_IOT01A/ARMC6/HTS221/HTS221Sensor.o
    0x080047f0   0x0000001e   Code   RO          160    .text._ZN4mbed10DigitalOutC2E7PinName  BUILD/DISCO_L475VG_IOT01A/ARMC6/HTS221/HTS221Sensor.o
    0x0800480e   0x00000002   PAD
    0x08004810   0x0000000c   Code   RO          186    .text._ZN4mbed10DigitalOutaSEi  BUILD/DISCO_L475VG_IOT01A/ARMC6/HTS221/HTS221Sensor.o
    0x0800481c   0x00000006   Code   RO         2251    .text._ZN4mbed10FileHandle12enable_inputEb  BUILD/DISCO_L475VG_IOT01A/ARMC6/mbed-os/platform/source/FileHandle.o
    0x08004822   0x00000002   PAD
    0x08004824   0x00000010   Code   RO         1625    .text._ZN4mbed10FileHandle12set_blockingEb  BUILD/DISCO_L475VG_IOT01A/ARMC6/mbed-os/drivers/source/UnbufferedSerial.o
    0x08004834   0x00000006   Code   RO         2253    .text._ZN4mbed10FileHandle13enable_outputEb  BUILD/DISCO_L475VG_IOT01A/ARMC6/mbed-os/platform/source/FileHandle.o
    0x0800483a   0x00000002   PAD
    0x0800483c   0x00000036   Code   RO         2237    .text._ZN4mbed10FileHandle4sizeEv  BUILD/DISCO_L475VG_IOT01A/ARMC6/mbed-os/platform/source/FileHandle.o
    0x08004872   0x00000002   PAD
    0x08004874   0x00000004   Code   RO         1619    .text._ZN4mbed10FileHandle4syncEv  BUILD/DISCO_L475VG_IOT01A/ARMC6/mbed-os/drivers/source/UnbufferedSerial.o
    0x08004878   0x0000000e   Code   RO          511    .text._ZN4mbed10FileHandle4tellEv  BUILD/DISCO_L475VG_IOT01A/ARMC6/mbed-os/drivers/source/BufferedSerial.o
    0x08004886   0x00000002   PAD
    0x08004888   0x00000002   Code   RO         1629    .text._ZN4mbed10FileHandle5sigioENS_8CallbackIFvvEEE  BUILD/DISCO_L475VG_IOT01A/ARMC6/mbed-os/drivers/source/UnbufferedSerial.o
    0x0800488a   0x00000002   PAD
    0x0800488c   0x00000004   Code   RO         2249    .text._ZN4mbed10FileHandle6isattyEv  BUILD/DISCO_L475VG_IOT01A/ARMC6/mbed-os/platform/source/FileHandle.o
    0x08004890   0x0000000e   Code   RO          513    .text._ZN4mbed10FileHandle6rewindEv  BUILD/DISCO_L475VG_IOT01A/ARMC6/mbed-os/drivers/source/BufferedSerial.o
    0x0800489e   0x00000002   PAD
    0x080048a0   0x00000006   Code   RO          515    .text._ZN4mbed10FileHandle8truncateEl  BUILD/DISCO_L475VG_IOT01A/ARMC6/mbed-os/drivers/source/BufferedSerial.o
    0x080048a6   0x00000002   PAD
    0x080048a8   0x0000000e   Code   RO          479    .text._ZN4mbed10FileHandleC2Ev  BUILD/DISCO_L475VG_IOT01A/ARMC6/mbed-os/drivers/source/BufferedSerial.o
    0x080048b6   0x00000002   PAD
    0x080048b8   0x00000002   Code   RO         2247    .text._ZN4mbed10FileHandleD0Ev  BUILD/DISCO_L475VG_IOT01A/ARMC6/mbed-os/platform/source/FileHandle.o
    0x080048ba   0x00000002   PAD
    0x080048bc   0x00000002   Code   RO          489    .text._ZN4mbed10FileHandleD2Ev  BUILD/DISCO_L475VG_IOT01A/ARMC6/mbed-os/drivers/source/BufferedSerial.o
    0x080048be   0x00000002   PAD
    0x080048c0   0x00000018   Code   RO         1544    .text._ZN4mbed10TimerEvent15insert_absoluteENSt3__26chrono10time_pointINS_15TickerDataClockENS2_8durationIxNS1_5ratioILx1ELx1000000EEEEEEE  BUILD/DISCO_L475VG_IOT01A/ARMC6/mbed-os/drivers/source/TimerEvent.o
    0x080048d8   0x0000000a   Code   RO         1534    .text._ZN4mbed10TimerEvent3irqEj  BUILD/DISCO_L475VG_IOT01A/ARMC6/mbed-os/drivers/source/TimerEvent.o
    0x080048e2   0x00000002   PAD
    0x080048e4   0x00000012   Code   RO         1538    .text._ZN4mbed10TimerEvent6removeEv  BUILD/DISCO_L475VG_IOT01A/ARMC6/mbed-os/drivers/source/TimerEvent.o
    0x080048f6   0x00000002   PAD
    0x080048f8   0x00000032   Code   RO         1532    .text._ZN4mbed10TimerEventC2EPK13ticker_data_t  BUILD/DISCO_L475VG_IOT01A/ARMC6/mbed-os/drivers/source/TimerEvent.o
    0x0800492a   0x00000002   PAD
    0x0800492c   0x00000036   Code   RO          929    .text._ZN4mbed11InterruptIn12_irq_handlerEj14gpio_irq_event  BUILD/DISCO_L475VG_IOT01A/ARMC6/mbed-os/drivers/source/InterruptIn.o
    0x08004962   0x00000002   PAD
    0x08004964   0x00000014   Code   RO          925    .text._ZN4mbed11InterruptIn8irq_initE7PinName  BUILD/DISCO_L475VG_IOT01A/ARMC6/mbed-os/drivers/source/InterruptIn.o
    0x08004978   0x00000048   Code   RO          923    .text._ZN4mbed11InterruptInC2E7PinName  BUILD/DISCO_L475VG_IOT01A/ARMC6/mbed-os/drivers/source/InterruptIn.o
    0x080049c0   0x0000000c   Code   RO          933    .text._ZN4mbed11InterruptInD0Ev  BUILD/DISCO_L475VG_IOT01A/ARMC6/mbed-os/drivers/source/InterruptIn.o
    0x080049cc   0x0000001e   Code   RO          931    .text._ZN4mbed11InterruptInD2Ev  BUILD/DISCO_L475VG_IOT01A/ARMC6/mbed-os/drivers/source/InterruptIn.o
    0x080049ea   0x00000002   PAD
    0x080049ec   0x00000018   Code   RO          749    .text._ZN4mbed12DigitalInOut4modeE7PinMode  BUILD/DISCO_L475VG_IOT01A/ARMC6/mbed-os/drivers/source/DigitalInOut.o
    0x08004a04   0x00000008   Code   RO          638    .text._ZN4mbed12DigitalInOut4readEv  BUILD/DISCO_L475VG_IOT01A/ARMC6/mbed-os/drivers/source/BusInOut.o
    0x08004a0c   0x00000016   Code   RO          747    .text._ZN4mbed12DigitalInOut5inputEv  BUILD/DISCO_L475VG_IOT01A/ARMC6/mbed-os/drivers/source/DigitalInOut.o
    0x08004a22   0x00000002   PAD
    0x08004a24   0x00000008   Code   RO          636    .text._ZN4mbed12DigitalInOut5writeEi  BUILD/DISCO_L475VG_IOT01A/ARMC6/mbed-os/drivers/source/BusInOut.o
    0x08004a2c   0x00000016   Code   RO          745    .text._ZN4mbed12DigitalInOut6outputEv  BUILD/DISCO_L475VG_IOT01A/ARMC6/mbed-os/drivers/source/DigitalInOut.o
    0x08004a42   0x00000002   PAD
    0x08004a44   0x0000002a   Code   RO          872    .text._ZN4mbed12DigitalInOutC2E7PinName12PinDirection7PinModei  BUILD/DISCO_L475VG_IOT01A/ARMC6/mbed-os/drivers/source/I2C.o
    0x08004a6e   0x00000002   PAD
    0x08004a70   0x0000000c   Code   RO          876    .text._ZN4mbed12DigitalInOutaSEi  BUILD/DISCO_L475VG_IOT01A/ARMC6/mbed-os/drivers/source/I2C.o
    0x08004a7c   0x00000008   Code   RO          874    .text._ZN4mbed12DigitalInOutcviEv  BUILD/DISCO_L475VG_IOT01A/ARMC6/mbed-os/drivers/source/I2C.o
    0x08004a84   0x0000000a   Code   RO         1555    .text._ZN4mbed15TickerDataClock11set_handlerEPFvjE  BUILD/DISCO_L475VG_IOT01A/ARMC6/mbed-os/drivers/source/TimerEvent.o
    0x08004a8e   0x00000002   PAD
    0x08004a90   0x00000016   Code   RO         1559    .text._ZN4mbed15TickerDataClock12insert_eventEP14ticker_event_sNSt3__26chrono10time_pointIS0_NS4_8durationIxNS3_5ratioILx1ELx1000000EEEEEEEj  BUILD/DISCO_L475VG_IOT01A/ARMC6/mbed-os/drivers/source/TimerEvent.o
    0x08004aa6   0x00000002   PAD
    0x08004aa8   0x0000000a   Code   RO         1561    .text._ZN4mbed15TickerDataClock12remove_eventEP14ticker_event_s  BUILD/DISCO_L475VG_IOT01A/ARMC6/mbed-os/drivers/source/TimerEvent.o
    0x08004ab2   0x00000002   PAD
    0x08004ab4   0x00000004   Code   RO         1523    .text._ZN4mbed15TickerDataClockC2EPK13ticker_data_t  BUILD/DISCO_L475VG_IOT01A/ARMC6/mbed-os/drivers/source/Timer.o
    0x08004ab8   0x0000002e   Code   RO         2964    .text._ZN4mbed16mbed_file_handleEi  BUILD/DISCO_L475VG_IOT01A/ARMC6/mbed-os/platform/source/mbed_retarget.o
    0x08004ae6   0x00000002   PAD
    0x08004ae8   0x0000000c   Code   RO         2173    .text._ZN4mbed19CriticalSectionLockC2Ev  BUILD/DISCO_L475VG_IOT01A/ARMC6/mbed-os/platform/source/CriticalSectionLock.o
    0x08004af4   0x0000000c   Code   RO         2175    .text._ZN4mbed19CriticalSectionLockD2Ev  BUILD/DISCO_L475VG_IOT01A/ARMC6/mbed-os/platform/source/CriticalSectionLock.o
    0x08004b00   0x00000004   Code   RO         2962    .text._ZN4mbed21mbed_override_consoleEi  BUILD/DISCO_L475VG_IOT01A/ARMC6/mbed-os/platform/source/mbed_retarget.o
    0x08004b04   0x00000004   Code   RO         2960    .text._ZN4mbed28mbed_target_override_consoleEi  BUILD/DISCO_L475VG_IOT01A/ARMC6/mbed-os/platform/source/mbed_retarget.o
    0x08004b08   0x0000000e   Code   RO          840    .text._ZN4mbed3I2C4lockEv  BUILD/DISCO_L475VG_IOT01A/ARMC6/mbed-os/drivers/source/I2C.o
    0x08004b16   0x00000002   PAD
    0x08004b18   0x00000044   Code   RO          832    .text._ZN4mbed3I2C4readEiPcib  BUILD/DISCO_L475VG_IOT01A/ARMC6/mbed-os/drivers/source/I2C.o
    0x08004b5c   0x00000044   Code   RO          828    .text._ZN4mbed3I2C5writeEiPKcib  BUILD/DISCO_L475VG_IOT01A/ARMC6/mbed-os/drivers/source/I2C.o
    0x08004ba0   0x0000000e   Code   RO          842    .text._ZN4mbed3I2C6unlockEv  BUILD/DISCO_L475VG_IOT01A/ARMC6/mbed-os/drivers/source/I2C.o
    0x08004bae   0x00000002   PAD
    0x08004bb0   0x000000e4   Code   RO          822    .text._ZN4mbed3I2C7recoverE7PinNameS1_  BUILD/DISCO_L475VG_IOT01A/ARMC6/mbed-os/drivers/source/I2C.o
    0x08004c94   0x0000007e   Code   RO          820    .text._ZN4mbed3I2CC2E7PinNameS1_  BUILD/DISCO_L475VG_IOT01A/ARMC6/mbed-os/drivers/source/I2C.o
    0x08004d12   0x00000002   PAD
    0x08004d14   0x0000000c   Code   RO          888    .text._ZN4mbed3I2CD0Ev  BUILD/DISCO_L475VG_IOT01A/ARMC6/mbed-os/drivers/source/I2C.o
    0x08004d20   0x0000001e   Code   RO          316    .text._ZN4mbed3I2CD2Ev  BUILD/DISCO_L475VG_IOT01A/ARMC6/main.o
    0x08004d3e   0x00000002   PAD
    0x08004d40   0x00000002   Code   RO          985    .text._ZN4mbed4impl7MbedCRCILj79764919ELh32ELNS_7CrcModeE2EE10shift_leftEj  BUILD/DISCO_L475VG_IOT01A/ARMC6/mbed-os/drivers/source/MbedCRC.o
    0x08004d42   0x00000002   PAD
    0x08004d44   0x00000008   Code   RO          983    .text._ZN4mbed4impl7MbedCRCILj79764919ELh32ELNS_7CrcModeE2EE11reflect_crcEj  BUILD/DISCO_L475VG_IOT01A/ARMC6/mbed-os/drivers/source/MbedCRC.o
    0x08004d4c   0x00000002   Code   RO         1005    .text._ZN4mbed4impl7MbedCRCILj79764919ELh32ELNS_7CrcModeE2EE11shift_rightEj  BUILD/DISCO_L475VG_IOT01A/ARMC6/mbed-os/drivers/source/MbedCRC.o
    0x08004d4e   0x00000002   PAD
    0x08004d50   0x00000006   Code   RO         1011    .text._ZN4mbed4impl7MbedCRCILj79764919ELh32ELNS_7CrcModeE2EE12get_crc_maskEv  BUILD/DISCO_L475VG_IOT01A/ARMC6/mbed-os/drivers/source/MbedCRC.o
    0x08004d56   0x00000002   PAD
    0x08004d58   0x00000008   Code   RO          993    .text._ZN4mbed4impl7MbedCRCILj79764919ELh32ELNS_7CrcModeE2EE15compute_partialEPKvjPj  BUILD/DISCO_L475VG_IOT01A/ARMC6/mbed-os/drivers/source/MbedCRC.o
    0x08004d60   0x00000012   Code   RO         1001    .text._ZN4mbed4impl7MbedCRCILj79764919ELh32ELNS_7CrcModeE2EE15do_1_bit_normalEj  BUILD/DISCO_L475VG_IOT01A/ARMC6/mbed-os/drivers/source/MbedCRC.o
    0x08004d72   0x00000002   PAD
    0x08004d74   0x00000006   Code   RO         1007    .text._ZN4mbed4impl7MbedCRCILj79764919ELh32ELNS_7CrcModeE2EE16reflect_constantEj  BUILD/DISCO_L475VG_IOT01A/ARMC6/mbed-os/drivers/source/MbedCRC.o
    0x08004d7a   0x00000002   PAD
    0x08004d7c   0x00000012   Code   RO          999    .text._ZN4mbed4impl7MbedCRCILj79764919ELh32ELNS_7CrcModeE2EE18do_1_bit_reflectedEj  BUILD/DISCO_L475VG_IOT01A/ARMC6/mbed-os/drivers/source/MbedCRC.o
    0x08004d8e   0x00000002   PAD
    0x08004d90   0x00000010   Code   RO         1009    .text._ZN4mbed4impl7MbedCRCILj79764919ELh32ELNS_7CrcModeE2EE18get_top_polynomialEv  BUILD/DISCO_L475VG_IOT01A/ARMC6/mbed-os/drivers/source/MbedCRC.o
    0x08004da0   0x00000010   Code   RO          981    .text._ZN4mbed4impl7MbedCRCILj79764919ELh32ELNS_7CrcModeE2EE20adjust_initial_valueEjb  BUILD/DISCO_L475VG_IOT01A/ARMC6/mbed-os/drivers/source/MbedCRC.o
    0x08004db0   0x00000036   Code   RO          995    .text._ZN4mbed4impl7MbedCRCILj79764919ELh32ELNS_7CrcModeE2EE20compute_partial_stopEPj  BUILD/DISCO_L475VG_IOT01A/ARMC6/mbed-os/drivers/source/MbedCRC.o
    0x08004de6   0x00000002   PAD
    0x08004de8   0x00000008   Code   RO          991    .text._ZN4mbed4impl7MbedCRCILj79764919ELh32ELNS_7CrcModeE2EE21compute_partial_startEPj  BUILD/DISCO_L475VG_IOT01A/ARMC6/mbed-os/drivers/source/MbedCRC.o
    0x08004df0   0x00000014   Code   RO         1003    .text._ZN4mbed4impl7MbedCRCILj79764919ELh32ELNS_7CrcModeE2EE24get_reflected_polynomialEv  BUILD/DISCO_L475VG_IOT01A/ARMC6/mbed-os/drivers/source/MbedCRC.o
    0x08004e04   0x00000034   Code   RO          989    .text._ZN4mbed4impl7MbedCRCILj79764919ELh32ELNS_7CrcModeE2EE7computeEPKvjPj  BUILD/DISCO_L475VG_IOT01A/ARMC6/mbed-os/drivers/source/MbedCRC.o
    0x08004e38   0x00000006   Code   RO          987    .text._ZN4mbed4impl7MbedCRCILj79764919ELh32ELNS_7CrcModeE2EE7reflectEj  BUILD/DISCO_L475VG_IOT01A/ARMC6/mbed-os/drivers/source/MbedCRC.o
    0x08004e3e   0x00000002   PAD
    0x08004e40   0x00000022   Code   RO          979    .text._ZN4mbed4impl7MbedCRCILj79764919ELh32ELNS_7CrcModeE2EEC2Ejjbb  BUILD/DISCO_L475VG_IOT01A/ARMC6/mbed-os/drivers/source/MbedCRC.o
    0x08004e62   0x00000002   PAD
    0x08004e64   0x00000006   Code   RO          521    .text._ZN4mbed6detail12CallbackBaseC2EDn  BUILD/DISCO_L475VG_IOT01A/ARMC6/mbed-os/drivers/source/BufferedSerial.o
    0x08004e6a   0x00000002   PAD
    0x08004e6c   0x00000008   Code   RO          977    .text._ZN4mbed7MbedCRCILj79764919ELh32ELNS_7CrcModeE2EE7computeEPKvjPj  BUILD/DISCO_L475VG_IOT01A/ARMC6/mbed-os/drivers/source/MbedCRC.o
    0x08004e74   0x00000014   Code   RO          975    .text._ZN4mbed7MbedCRCILj79764919ELh32ELNS_7CrcModeE2EEC2Ejjbb  BUILD/DISCO_L475VG_IOT01A/ARMC6/mbed-os/drivers/source/MbedCRC.o
    0x08004e88   0x0000000a   Code   RO          866    .text._ZN4mbed8CallbackIFviEEC2Ev  BUILD/DISCO_L475VG_IOT01A/ARMC6/mbed-os/drivers/source/I2C.o
    0x08004e92   0x00000002   PAD
    0x08004e94   0x0000000a   Code   RO          483    .text._ZN4mbed8CallbackIFvvEEC2Ev  BUILD/DISCO_L475VG_IOT01A/ARMC6/mbed-os/drivers/source/BufferedSerial.o
    0x08004e9e   0x00000002   PAD
    0x08004ea0   0x00000004   Code   RO         2213    .text._ZN4mbed8FileBase11getPathTypeEv  BUILD/DISCO_L475VG_IOT01A/ARMC6/mbed-os/platform/source/FileBase.o
    0x08004ea4   0x000000a4   Code   RO         2219    .text._ZN4mbed8FileBase6lookupEPKcj  BUILD/DISCO_L475VG_IOT01A/ARMC6/mbed-os/platform/source/FileBase.o
    0x08004f48   0x0000001a   Code   RO         2264    .text._ZN4mbed8FilePath10fileSystemEv  BUILD/DISCO_L475VG_IOT01A/ARMC6/mbed-os/platform/source/FilePath.o
    0x08004f62   0x00000002   PAD
    0x08004f64   0x00000018   Code   RO         2262    .text._ZN4mbed8FilePath12isFileSystemEv  BUILD/DISCO_L475VG_IOT01A/ARMC6/mbed-os/platform/source/FilePath.o
    0x08004f7c   0x0000001a   Code   RO         2268    .text._ZN4mbed8FilePath4fileEv  BUILD/DISCO_L475VG_IOT01A/ARMC6/mbed-os/platform/source/FilePath.o
    0x08004f96   0x00000002   PAD
    0x08004f98   0x0000000a   Code   RO         2270    .text._ZN4mbed8FilePath6existsEv  BUILD/DISCO_L475VG_IOT01A/ARMC6/mbed-os/platform/source/FilePath.o
    0x08004fa2   0x00000002   PAD
    0x08004fa4   0x00000016   Code   RO         2266    .text._ZN4mbed8FilePath6isFileEv  BUILD/DISCO_L475VG_IOT01A/ARMC6/mbed-os/platform/source/FilePath.o
    0x08004fba   0x00000002   PAD
    0x08004fbc   0x00000004   Code   RO         2260    .text._ZN4mbed8FilePath8fileNameEv  BUILD/DISCO_L475VG_IOT01A/ARMC6/mbed-os/platform/source/FilePath.o
    0x08004fc0   0x0000008c   Code   RO         2258    .text._ZN4mbed8FilePathC2EPKc  BUILD/DISCO_L475VG_IOT01A/ARMC6/mbed-os/platform/source/FilePath.o
    0x0800504c   0x0000002a   Code   RO         2859    .text._ZN4mbed8internal13init_os_timerEv  BUILD/DISCO_L475VG_IOT01A/ARMC6/mbed-os/platform/source/mbed_os_timer.o
    0x08005076   0x00000002   PAD
    0x08005078   0x00000058   Code   RO         2880    .text._ZN4mbed8internal18do_sleep_operationINS0_18timed_predicate_opEEEvRT_  BUILD/DISCO_L475VG_IOT01A/ARMC6/mbed-os/platform/source/mbed_os_timer.o
    0x080050d0   0x00000020   Code   RO         2894    .text._ZN4mbed8internal18timed_predicate_op13sleep_prepareEv  BUILD/DISCO_L475VG_IOT01A/ARMC6/mbed-os/platform/source/mbed_os_timer.o
    0x080050f0   0x00000028   Code   RO         2896    .text._ZN4mbed8internal18timed_predicate_op14sleep_preparedEv  BUILD/DISCO_L475VG_IOT01A/ARMC6/mbed-os/platform/source/mbed_os_timer.o
    0x08005118   0x00000018   Code   RO         2878    .text._ZN4mbed8internal18timed_predicate_opC2ENSt3__26chrono10time_pointINS0_7OsClockENS3_8durationIxNS2_5ratioILx1ELx1000EEEEEEEPFbPvESB_  BUILD/DISCO_L475VG_IOT01A/ARMC6/mbed-os/platform/source/mbed_os_timer.o
    0x08005130   0x00000018   Code   RO         2882    .text._ZN4mbed8internal18timed_predicate_opD2Ev  BUILD/DISCO_L475VG_IOT01A/ARMC6/mbed-os/platform/source/mbed_os_timer.o
    0x08005148   0x0000004e   Code   RO         2865    .text._ZN4mbed8internal34do_timed_sleep_relative_or_foreverENSt3__26chrono8durationIjNS1_5ratioILx1ELx1000EEEEEPFbPvES7_  BUILD/DISCO_L475VG_IOT01A/ARMC6/mbed-os/platform/source/mbed_os_timer.o
    0x08005196   0x00000002   PAD
    0x08005198   0x0000001a   Code   RO         2898    .text._ZN4mbed8internal7OsClock13set_wake_timeENSt3__26chrono10time_pointIS1_NS3_8durationIxNS2_5ratioILx1ELx1000EEEEEEE  BUILD/DISCO_L475VG_IOT01A/ARMC6/mbed-os/platform/source/mbed_os_timer.o
    0x080051b2   0x00000002   PAD
    0x080051b4   0x0000001e   Code   RO         2890    .text._ZN4mbed8internal7OsClock3nowEv  BUILD/DISCO_L475VG_IOT01A/ARMC6/mbed-os/platform/source/mbed_os_timer.o
    0x080051d2   0x00000002   PAD
    0x080051d4   0x00000042   Code   RO         2393    .text._ZN4mbed8internal8SysTimerINSt3__25ratioILx1ELx1000EEELb1EE11cancel_wakeEv  BUILD/DISCO_L475VG_IOT01A/ARMC6/mbed-os/platform/source/SysTimer.o
    0x08005216   0x00000002   PAD
    0x08005218   0x000000ec   Code   RO         2397    .text._ZN4mbed8internal8SysTimerINSt3__25ratioILx1ELx1000EEELb1EE13set_wake_timeENS2_6chrono10time_pointIS5_NS6_8durationIyS4_EEEE  BUILD/DISCO_L475VG_IOT01A/ARMC6/mbed-os/platform/source/SysTimer.o
    0x08005304   0x00000014   Code   RO         2413    .text._ZN4mbed8internal8SysTimerINSt3__25ratioILx1ELx1000EEELb1EE14_schedule_tickEv  BUILD/DISCO_L475VG_IOT01A/ARMC6/mbed-os/platform/source/SysTimer.o
    0x08005318   0x00000022   Code   RO         2433    .text._ZN4mbed8internal8SysTimerINSt3__25ratioILx1ELx1000EEELb1EE15_increment_tickEv  BUILD/DISCO_L475VG_IOT01A/ARMC6/mbed-os/platform/source/SysTimer.o
    0x0800533a   0x00000002   PAD
    0x0800533c   0x00000010   Code   RO         2411    .text._ZN4mbed8internal8SysTimerINSt3__25ratioILx1ELx1000EEELb1EE16_set_irq_pendingEv  BUILD/DISCO_L475VG_IOT01A/ARMC6/mbed-os/platform/source/SysTimer.o
    0x0800534c   0x00000070   Code   RO         2399    .text._ZN4mbed8internal8SysTimerINSt3__25ratioILx1ELx1000EEELb1EE19update_and_get_tickEv  BUILD/DISCO_L475VG_IOT01A/ARMC6/mbed-os/platform/source/SysTimer.o
    0x080053bc   0x00000042   Code   RO         2431    .text._ZN4mbed8internal8SysTimerINSt3__25ratioILx1ELx1000EEELb1EE7handlerEv  BUILD/DISCO_L475VG_IOT01A/ARMC6/mbed-os/platform/source/SysTimer.o
    0x080053fe   0x00000002   PAD
    0x08005400   0x0000003a   Code   RO         2387    .text._ZN4mbed8internal8SysTimerINSt3__25ratioILx1ELx1000EEELb1EEC2EPK13ticker_data_t  BUILD/DISCO_L475VG_IOT01A/ARMC6/mbed-os/platform/source/SysTimer.o
    0x0800543a   0x00000002   PAD
    0x0800543c   0x00000008   Code   RO          322    .text._ZN4mbed9DigitalIn4readEv  BUILD/DISCO_L475VG_IOT01A/ARMC6/main.o
    0x08005444   0x0000001e   Code   RO          310    .text._ZN4mbed9DigitalInC2E7PinName7PinMode  BUILD/DISCO_L475VG_IOT01A/ARMC6/main.o
    0x08005462   0x00000002   PAD
    0x08005464   0x00000008   Code   RO          314    .text._ZN4mbed9DigitalIncviEv  BUILD/DISCO_L475VG_IOT01A/ARMC6/main.o
    0x0800546c   0x00000008   Code   RO         3588    .text._ZN4rtos10ThisThread9sleep_forENSt3__26chrono8durationIjNS1_5ratioILx1ELx1000EEEEE  BUILD/DISCO_L475VG_IOT01A/ARMC6/mbed-os/rtos/source/ThisThread.o
    0x08005474   0x00000002   Code   RO          359    .text._ZN4rtos5Mutex4lockEv  BUILD/DISCO_L475VG_IOT01A/ARMC6/mbed-os/drivers/source/AnalogIn.o
    0x08005476   0x00000002   PAD
    0x08005478   0x00000002   Code   RO          369    .text._ZN4rtos5Mutex6unlockEv  BUILD/DISCO_L475VG_IOT01A/ARMC6/mbed-os/drivers/source/AnalogIn.o
    0x0800547a   0x00000002   PAD
    0x0800547c   0x00000002   Code   RO          365    .text._ZN4rtos5MutexC2Ev  BUILD/DISCO_L475VG_IOT01A/ARMC6/mbed-os/drivers/source/AnalogIn.o
    0x0800547e   0x00000002   PAD
    0x08005480   0x00000028   Code   RO          892    .text._ZN6CThunkIN4mbed3I2CEE10trampolineEP10CThunkBase  BUILD/DISCO_L475VG_IOT01A/ARMC6/mbed-os/drivers/source/I2C.o
    0x080054a8   0x0000001e   Code   RO          890    .text._ZN6CThunkIN4mbed3I2CEE4initEPS1_MS1_FvPvES4_  BUILD/DISCO_L475VG_IOT01A/ARMC6/mbed-os/drivers/source/I2C.o
    0x080054c6   0x00000002   PAD
    0x080054c8   0x0000001c   Code   RO          868    .text._ZN6CThunkIN4mbed3I2CEEC2EPS1_  BUILD/DISCO_L475VG_IOT01A/ARMC6/mbed-os/drivers/source/I2C.o
    0x080054e4   0x00000014   Code   RO          320    .text._ZN6CThunkIN4mbed3I2CEED2Ev  BUILD/DISCO_L475VG_IOT01A/ARMC6/main.o
    0x080054f8   0x0000003c   Code   RO          192    .text._ZN6DevI2C8i2c_readEPhhht  BUILD/DISCO_L475VG_IOT01A/ARMC6/HTS221/HTS221Sensor.o
    0x08005534   0x00000040   Code   RO          188    .text._ZN6DevI2C9i2c_writeEPhhht  BUILD/DISCO_L475VG_IOT01A/ARMC6/HTS221/HTS221Sensor.o
    0x08005574   0x00000014   Code   RO          312    .text._ZN6DevI2CC2E7PinNameS0_  BUILD/DISCO_L475VG_IOT01A/ARMC6/main.o
    0x08005588   0x0000000c   Code   RO          318    .text._ZN6DevI2CD0Ev  BUILD/DISCO_L475VG_IOT01A/ARMC6/main.o
    0x08005594   0x0000000e   Code   RO          176    .text._ZN9ComponentC2Ev  BUILD/DISCO_L475VG_IOT01A/ARMC6/HTS221/HTS221Sensor.o
    0x080055a2   0x00000002   PAD
    0x080055a4   0x00000002   Code   RO          180    .text._ZN9ComponentD0Ev  BUILD/DISCO_L475VG_IOT01A/ARMC6/HTS221/HTS221Sensor.o
    0x080055a6   0x00000002   PAD
    0x080055a8   0x00000002   Code   RO          182    .text._ZN9ComponentD2Ev  BUILD/DISCO_L475VG_IOT01A/ARMC6/HTS221/HTS221Sensor.o
    0x080055aa   0x00000002   PAD
    0x080055ac   0x0000003e   Code   RO         2954    .text._ZNK12DirectSerial4pollEs  BUILD/DISCO_L475VG_IOT01A/ARMC6/mbed-os/platform/source/mbed_retarget.o
    0x080055ea   0x00000002   PAD
    0x080055ec   0x00000044   Code   RO         1291    .text._ZNK12SingletonPtrIN4rtos5MutexEE3getEv  BUILD/DISCO_L475VG_IOT01A/ARMC6/mbed-os/drivers/source/SPI.o
    0x08005630   0x00000008   Code   RO          357    .text._ZNK12SingletonPtrIN4rtos5MutexEEptEv  BUILD/DISCO_L475VG_IOT01A/ARMC6/mbed-os/drivers/source/AnalogIn.o
    0x08005638   0x00000004   Code   RO         1627    .text._ZNK4mbed10FileHandle11is_blockingEv  BUILD/DISCO_L475VG_IOT01A/ARMC6/mbed-os/drivers/source/UnbufferedSerial.o
    0x0800563c   0x00000004   Code   RO         2255    .text._ZNK4mbed10FileHandle4pollEs  BUILD/DISCO_L475VG_IOT01A/ARMC6/mbed-os/platform/source/FileHandle.o
    0x08005640   0x00000012   Code   RO         1453    .text._ZNK4mbed15TickerDataClock3nowEv  BUILD/DISCO_L475VG_IOT01A/ARMC6/mbed-os/drivers/source/Ticker.o
    0x08005652   0x00000002   PAD
    0x08005654   0x00000004   Code   RO         2403    .text._ZNK4mbed15TickerDataClockptEv  BUILD/DISCO_L475VG_IOT01A/ARMC6/mbed-os/platform/source/SysTimer.o
    0x08005658   0x0000005c   Code   RO          997    .text._ZNK4mbed4impl7MbedCRCILj79764919ELh32ELNS_7CrcModeE2EE18do_compute_partialILS2_2EEENSt3__29enable_ifIXeqT_LS2_2EEiE4typeEPKhjPj  BUILD/DISCO_L475VG_IOT01A/ARMC6/mbed-os/drivers/source/MbedCRC.o
    0x080056b4   0x00000004   Code   RO          549    .text._ZNK4mbed6detail12CallbackBase7call_fnEv  BUILD/DISCO_L475VG_IOT01A/ARMC6/mbed-os/drivers/source/BufferedSerial.o
    0x080056b8   0x00000004   Code   RO          545    .text._ZNK4mbed6detail12CallbackBase7controlEv  BUILD/DISCO_L475VG_IOT01A/ARMC6/mbed-os/drivers/source/BufferedSerial.o
    0x080056bc   0x00000034   Code   RO         1401    .text._ZNK4mbed8CallbackIFvvEE4callEv  BUILD/DISCO_L475VG_IOT01A/ARMC6/mbed-os/drivers/source/SerialBase.o
    0x080056f0   0x00000008   Code   RO          497    .text._ZNK4mbed8CallbackIFvvEEclEv  BUILD/DISCO_L475VG_IOT01A/ARMC6/mbed-os/drivers/source/BufferedSerial.o
    0x080056f8   0x00000010   Code   RO          495    .text._ZNK4mbed8CallbackIFvvEEcvbEv  BUILD/DISCO_L475VG_IOT01A/ARMC6/mbed-os/drivers/source/BufferedSerial.o
    0x08005708   0x00000022   Code   RO         2892    .text._ZNK4mbed8internal18timed_predicate_op14wake_conditionEv  BUILD/DISCO_L475VG_IOT01A/ARMC6/mbed-os/platform/source/mbed_os_timer.o
    0x0800572a   0x00000002   PAD
    0x0800572c   0x00000006   Code   RO         2407    .text._ZNK4mbed8internal8SysTimerINSt3__25ratioILx1ELx1000EEELb1EE13wake_time_setEv  BUILD/DISCO_L475VG_IOT01A/ARMC6/mbed-os/platform/source/SysTimer.o
    0x08005732   0x00000002   PAD
    0x08005734   0x00000066   Code   RO         2425    .text._ZNK4mbed8internal8SysTimerINSt3__25ratioILx1ELx1000EEELb1EE14_elapsed_ticksEv  BUILD/DISCO_L475VG_IOT01A/ARMC6/mbed-os/platform/source/SysTimer.o
    0x0800579a   0x00000002   PAD
    0x0800579c   0x00000006   Code   RO         2405    .text._ZNK4mbed8internal8SysTimerINSt3__25ratioILx1ELx1000EEELb1EE16wake_time_passedEv  BUILD/DISCO_L475VG_IOT01A/ARMC6/mbed-os/platform/source/SysTimer.o
    0x080057a2   0x00000002   PAD
    0x080057a4   0x00000012   Code   RO         2401    .text._ZNK4mbed8internal8SysTimerINSt3__25ratioILx1ELx1000EEELb1EE8get_tickEv  BUILD/DISCO_L475VG_IOT01A/ARMC6/mbed-os/platform/source/SysTimer.o
    0x080057b6   0x00000002   PAD
    0x080057b8   0x00000006   Code   RO          101    .text._ZNSt3__28literals15chrono_literalsli2msEy  BUILD/DISCO_L475VG_IOT01A/ARMC6/DFRobot_RGBLCD.o
    0x080057be   0x00000002   PAD
    0x080057c0   0x00000006   Code   RO          137    .text._ZThn4_N12HTS221Sensor15get_temperatureEPf  BUILD/DISCO_L475VG_IOT01A/ARMC6/HTS221/HTS221Sensor.o
    0x080057c6   0x00000002   PAD
    0x080057c8   0x00000006   Code   RO          117    .text._ZThn4_N12HTS221Sensor4initEPv  BUILD/DISCO_L475VG_IOT01A/ARMC6/HTS221/HTS221Sensor.o
    0x080057ce   0x00000002   PAD
    0x080057d0   0x00000006   Code   RO          125    .text._ZThn4_N12HTS221Sensor7read_idEPh  BUILD/DISCO_L475VG_IOT01A/ARMC6/HTS221/HTS221Sensor.o
    0x080057d6   0x00000002   PAD
    0x080057d8   0x00000006   Code   RO          172    .text._ZThn4_N12HTS221SensorD0Ev  BUILD/DISCO_L475VG_IOT01A/ARMC6/HTS221/HTS221Sensor.o
    0x080057de   0x00000002   PAD
    0x080057e0   0x00000006   Code   RO          170    .text._ZThn4_N12HTS221SensorD1Ev  BUILD/DISCO_L475VG_IOT01A/ARMC6/HTS221/HTS221Sensor.o
    0x080057e6   0x00000002   PAD
    0x080057e8   0x00000008   Code   RO         3046    .text._ZdlPv        BUILD/DISCO_L475VG_IOT01A/ARMC6/mbed-os/platform/source/mbed_retarget.o
    0x080057f0   0x00000020   Code   RO         9340    .text.__NVIC_ClearPendingIRQ  BUILD/DISCO_L475VG_IOT01A/ARMC6/mbed-os/targets/TARGET_STM/gpio_irq_api.o
    0x08005810   0x0000000e   Code   RO         9506    .text.__NVIC_ClearPendingIRQ  BUILD/DISCO_L475VG_IOT01A/ARMC6/mbed-os/targets/TARGET_STM/lp_ticker.o
    0x0800581e   0x00000002   PAD
    0x08005820   0x00000028   Code   RO         4591    .text.__NVIC_DisableIRQ  BUILD/DISCO_L475VG_IOT01A/ARMC6/mbed-os/targets/TARGET_STM/TARGET_STM32L4/STM32Cube_FW/STM32L4xx_HAL_Driver/stm32l4xx_hal_cortex.o
    0x08005848   0x00000028   Code   RO         9338    .text.__NVIC_DisableIRQ  BUILD/DISCO_L475VG_IOT01A/ARMC6/mbed-os/targets/TARGET_STM/gpio_irq_api.o
    0x08005870   0x00000016   Code   RO         9504    .text.__NVIC_DisableIRQ  BUILD/DISCO_L475VG_IOT01A/ARMC6/mbed-os/targets/TARGET_STM/lp_ticker.o
    0x08005886   0x00000002   PAD
    0x08005888   0x00000020   Code   RO         9334    .text.__NVIC_EnableIRQ  BUILD/DISCO_L475VG_IOT01A/ARMC6/mbed-os/targets/TARGET_STM/gpio_irq_api.o
    0x080058a8   0x00000020   Code   RO         9384    .text.__NVIC_EnableIRQ  BUILD/DISCO_L475VG_IOT01A/ARMC6/mbed-os/targets/TARGET_STM/i2c_api.o
    0x080058c8   0x0000000e   Code   RO         9496    .text.__NVIC_EnableIRQ  BUILD/DISCO_L475VG_IOT01A/ARMC6/mbed-os/targets/TARGET_STM/lp_ticker.o
    0x080058d6   0x00000002   PAD
    0x080058d8   0x00000010   Code   RO         9964    .text.__NVIC_EnableIRQ  BUILD/DISCO_L475VG_IOT01A/ARMC6/mbed-os/targets/TARGET_STM/us_ticker.o
    0x080058e8   0x0000000e   Code   RO         9502    .text.__NVIC_SetPendingIRQ  BUILD/DISCO_L475VG_IOT01A/ARMC6/mbed-os/targets/TARGET_STM/lp_ticker.o
    0x080058f6   0x00000002   PAD
    0x080058f8   0x00000022   Code   RO         9382    .text.__NVIC_SetPriority  BUILD/DISCO_L475VG_IOT01A/ARMC6/mbed-os/targets/TARGET_STM/i2c_api.o
    0x0800591a   0x00000002   PAD
    0x0800591c   0x00000020   Code   RO         4575    .text.__NVIC_SetPriorityGrouping  BUILD/DISCO_L475VG_IOT01A/ARMC6/mbed-os/targets/TARGET_STM/TARGET_STM32L4/STM32Cube_FW/STM32L4xx_HAL_Driver/stm32l4xx_hal_cortex.o
    0x0800593c   0x00000012   Code   RO         9314    .text.__NVIC_SetVector  BUILD/DISCO_L475VG_IOT01A/ARMC6/mbed-os/targets/TARGET_STM/gpio_irq_api.o
    0x0800594e   0x00000002   PAD
    0x08005950   0x00000012   Code   RO         9380    .text.__NVIC_SetVector  BUILD/DISCO_L475VG_IOT01A/ARMC6/mbed-os/targets/TARGET_STM/i2c_api.o
    0x08005962   0x00000002   PAD
    0x08005964   0x00000018   Code   RO         9488    .text.__NVIC_SetVector  BUILD/DISCO_L475VG_IOT01A/ARMC6/mbed-os/targets/TARGET_STM/lp_ticker.o
    0x0800597c   0x00000018   Code   RO         9962    .text.__NVIC_SetVector  BUILD/DISCO_L475VG_IOT01A/ARMC6/mbed-os/targets/TARGET_STM/us_ticker.o
    0x08005994   0x00000024   Code   RO         2767    .text.__NVIC_SystemReset  BUILD/DISCO_L475VG_IOT01A/ARMC6/mbed-os/platform/source/mbed_error.o
    0x080059b8   0x00000004   Code   RO         3072    .text.__aeabi_assert  BUILD/DISCO_L475VG_IOT01A/ARMC6/mbed-os/platform/source/mbed_retarget.o
    0x080059bc   0x0000005c   Code   RO         3090    .text.__cxa_guard_acquire  BUILD/DISCO_L475VG_IOT01A/ARMC6/mbed-os/platform/source/mbed_retarget.o
    0x08005a18   0x00000032   Code   RO         3092    .text.__cxa_guard_release  BUILD/DISCO_L475VG_IOT01A/ARMC6/mbed-os/platform/source/mbed_retarget.o
    0x08005a4a   0x00000002   PAD
    0x08005a4c   0x00000028   Code   RO        10084    .text.__cxa_pure_virtual  /home/dogfetus/.config/Mbed Studio/mbed-studio-tools/ac6/bin/../lib/libcxx/libcppabi_w.l(cxa_virtual.cpp.o)
    0x08005a74   0x00000014   Code   RO          283    .text.__cxx_global_var_init  BUILD/DISCO_L475VG_IOT01A/ARMC6/main.o
    0x08005a88   0x00000014   Code   RO          285    .text.__cxx_global_var_init.1  BUILD/DISCO_L475VG_IOT01A/ARMC6/main.o
    0x08005a9c   0x0000001e   Code   RO          287    .text.__cxx_global_var_init.2  BUILD/DISCO_L475VG_IOT01A/ARMC6/main.o
    0x08005aba   0x00000002   PAD
    0x08005abc   0x0000002a   Code   RO          289    .text.__cxx_global_var_init.3  BUILD/DISCO_L475VG_IOT01A/ARMC6/main.o
    0x08005ae6   0x00000002   PAD
    0x08005ae8   0x00000008   Code   RO         3024    .text.__user_setup_stackheap  BUILD/DISCO_L475VG_IOT01A/ARMC6/mbed-os/platform/source/mbed_retarget.o
    0x08005af0   0x00000024   Code   RO         1791    .text._gpio_init_in  BUILD/DISCO_L475VG_IOT01A/ARMC6/mbed-os/hal/source/mbed_gpio.o
    0x08005b14   0x00000030   Code   RO         1797    .text._gpio_init_out  BUILD/DISCO_L475VG_IOT01A/ARMC6/mbed-os/hal/source/mbed_gpio.o
    0x08005b44   0x00000032   Code   RO         3022    .text._mbed_user_setup_stackheap  BUILD/DISCO_L475VG_IOT01A/ARMC6/mbed-os/platform/source/mbed_retarget.o
    0x08005b76   0x00000002   PAD
    0x08005b78   0x00000008   Code   RO         3199    .text._platform_post_stackheap_init  BUILD/DISCO_L475VG_IOT01A/ARMC6/mbed-os/platform/source/mbed_sdk_boot.o
    0x08005b80   0x0000003c   Code   RO         2982    .text._sys_open     BUILD/DISCO_L475VG_IOT01A/ARMC6/mbed-os/platform/source/mbed_retarget.o
    0x08005bbc   0x0000000a   Code   RO         3010    .text._sys_seek     BUILD/DISCO_L475VG_IOT01A/ARMC6/mbed-os/platform/source/mbed_retarget.o
    0x08005bc6   0x00000002   PAD
    0x08005bc8   0x00000114   Code   RO         2994    .text._sys_write    BUILD/DISCO_L475VG_IOT01A/ARMC6/mbed-os/platform/source/mbed_retarget.o
    0x08005cdc   0x00000030   Code   RO         1902    .text._ticker_match_interval_passed  BUILD/DISCO_L475VG_IOT01A/ARMC6/mbed-os/hal/source/mbed_ticker_api.o
    0x08005d0c   0x00000008   Code   RO         3250    .text._wait_us_inline  BUILD/DISCO_L475VG_IOT01A/ARMC6/mbed-os/platform/source/mbed_wait_api_no_rtos.o
    0x08005d14   0x00000016   Code   RO         3252    .text._wait_us_ticks  BUILD/DISCO_L475VG_IOT01A/ARMC6/mbed-os/platform/source/mbed_wait_api_no_rtos.o
    0x08005d2a   0x00000004   Code   RO        10288    .text.abort_message  /home/dogfetus/.config/Mbed Studio/mbed-studio-tools/ac6/bin/../lib/libcxx/libcppabi_w.l(abort_message.cpp.o)
    0x08005d2e   0x00000002   PAD
    0x08005d30   0x0000000c   Code   RO         1760    .text.are_interrupts_enabled  BUILD/DISCO_L475VG_IOT01A/ARMC6/mbed-os/hal/source/mbed_critical_section_api.o
    0x08005d3c   0x00000002   Code   RO         1958    .text.block_us_ticker_free  BUILD/DISCO_L475VG_IOT01A/ARMC6/mbed-os/hal/source/mbed_us_ticker_api.o
    0x08005d3e   0x00000002   PAD
    0x08005d40   0x00000144   Code   RO         9247    .text.can_irq       BUILD/DISCO_L475VG_IOT01A/ARMC6/mbed-os/targets/TARGET_STM/can_api.o
    0x08005e84   0x0000006c   Code   RO         1942    .text.compute_tick_round_up  BUILD/DISCO_L475VG_IOT01A/ARMC6/mbed-os/hal/source/mbed_ticker_api.o
    0x08005ef0   0x0000000c   Code   RO         2702    .text.core_util_are_interrupts_enabled  BUILD/DISCO_L475VG_IOT01A/ARMC6/mbed-os/platform/source/mbed_critical.o
    0x08005efc   0x00000012   Code   RO         2597    .text.core_util_atomic_decr_u16  BUILD/DISCO_L475VG_IOT01A/ARMC6/mbed-os/platform/source/mbed_atomic_impl.o
    0x08005f0e   0x00000002   PAD
    0x08005f10   0x00000010   Code   RO         2583    .text.core_util_atomic_exchange_u8  BUILD/DISCO_L475VG_IOT01A/ARMC6/mbed-os/platform/source/mbed_atomic_impl.o
    0x08005f20   0x00000016   Code   RO         2581    .text.core_util_atomic_flag_test_and_set  BUILD/DISCO_L475VG_IOT01A/ARMC6/mbed-os/platform/source/mbed_atomic_impl.o
    0x08005f36   0x00000002   PAD
    0x08005f38   0x00000012   Code   RO         2591    .text.core_util_atomic_incr_u16  BUILD/DISCO_L475VG_IOT01A/ARMC6/mbed-os/platform/source/mbed_atomic_impl.o
    0x08005f4a   0x00000002   PAD
    0x08005f4c   0x00000016   Code   RO         2643    .text.core_util_atomic_load_u64  BUILD/DISCO_L475VG_IOT01A/ARMC6/mbed-os/platform/source/mbed_atomic_impl.o
    0x08005f62   0x00000002   PAD
    0x08005f64   0x00000088   Code   RO         2708    .text.core_util_critical_section_enter  BUILD/DISCO_L475VG_IOT01A/ARMC6/mbed-os/platform/source/mbed_critical.o
    0x08005fec   0x0000001e   Code   RO         2710    .text.core_util_critical_section_exit  BUILD/DISCO_L475VG_IOT01A/ARMC6/mbed-os/platform/source/mbed_critical.o
    0x0800600a   0x00000002   PAD
    0x0800600c   0x0000000c   Code   RO         2704    .text.core_util_is_isr_active  BUILD/DISCO_L475VG_IOT01A/ARMC6/mbed-os/platform/source/mbed_critical.o
    0x08006018   0x00000054   Code   RO         9749    .text.debug         BUILD/DISCO_L475VG_IOT01A/ARMC6/mbed-os/targets/TARGET_STM/serial_api.o
    0x0800606c   0x00000064   Code   RO         2721    .text.error         BUILD/DISCO_L475VG_IOT01A/ARMC6/mbed-os/platform/source/mbed_error.o
    0x080060d0   0x00000018   Code   RO         1940    .text.exact_log2    BUILD/DISCO_L475VG_IOT01A/ARMC6/mbed-os/hal/source/mbed_ticker_api.o
    0x080060e8   0x0000002e   Code   RO         3064    .text.exit          BUILD/DISCO_L475VG_IOT01A/ARMC6/mbed-os/platform/source/mbed_retarget.o
    0x08006116   0x00000002   PAD
    0x08006118   0x0000002c   Code   RO         3018    .text.fsync         BUILD/DISCO_L475VG_IOT01A/ARMC6/mbed-os/platform/source/mbed_retarget.o
    0x08006144   0x0000001a   Code   RO         1938    .text.gcd           BUILD/DISCO_L475VG_IOT01A/ARMC6/mbed-os/hal/source/mbed_ticker_api.o
    0x0800615e   0x00000002   PAD
    0x08006160   0x00000004   Code   RO         9414    .text.get_i2c_obj   BUILD/DISCO_L475VG_IOT01A/ARMC6/mbed-os/targets/TARGET_STM/i2c_api.o
    0x08006164   0x0000000a   Code   RO         1823    .text.get_lp_ticker_data  BUILD/DISCO_L475VG_IOT01A/ARMC6/mbed-os/hal/source/mbed_lp_ticker_api.o
    0x0800616e   0x00000002   PAD
    0x08006170   0x00000080   Code   RO         9739    .text.get_uart_index  BUILD/DISCO_L475VG_IOT01A/ARMC6/mbed-os/targets/TARGET_STM/serial_api.o
    0x080061f0   0x00000016   Code   RO         9282    .text.gpio_dir      BUILD/DISCO_L475VG_IOT01A/ARMC6/mbed-os/targets/TARGET_STM/gpio_api.o
    0x08006206   0x00000002   PAD
    0x08006208   0x0000004a   Code   RO         9278    .text.gpio_init     BUILD/DISCO_L475VG_IOT01A/ARMC6/mbed-os/targets/TARGET_STM/gpio_api.o
    0x08006252   0x00000002   PAD
    0x08006254   0x0000000a   Code   RO         1787    .text.gpio_init_in  BUILD/DISCO_L475VG_IOT01A/ARMC6/mbed-os/hal/source/mbed_gpio.o
    0x0800625e   0x00000002   PAD
    0x08006260   0x00000008   Code   RO         1789    .text.gpio_init_in_ex  BUILD/DISCO_L475VG_IOT01A/ARMC6/mbed-os/hal/source/mbed_gpio.o
    0x08006268   0x00000032   Code   RO         1799    .text.gpio_init_inout  BUILD/DISCO_L475VG_IOT01A/ARMC6/mbed-os/hal/source/mbed_gpio.o
    0x0800629a   0x00000002   PAD
    0x0800629c   0x0000000a   Code   RO         1793    .text.gpio_init_out  BUILD/DISCO_L475VG_IOT01A/ARMC6/mbed-os/hal/source/mbed_gpio.o
    0x080062a6   0x00000002   PAD
    0x080062a8   0x0000000c   Code   RO         1795    .text.gpio_init_out_ex  BUILD/DISCO_L475VG_IOT01A/ARMC6/mbed-os/hal/source/mbed_gpio.o
    0x080062b4   0x0000000c   Code   RO         9300    .text.gpio_irq0     BUILD/DISCO_L475VG_IOT01A/ARMC6/mbed-os/targets/TARGET_STM/gpio_irq_api.o
    0x080062c0   0x0000000c   Code   RO         9302    .text.gpio_irq1     BUILD/DISCO_L475VG_IOT01A/ARMC6/mbed-os/targets/TARGET_STM/gpio_irq_api.o
    0x080062cc   0x0000000c   Code   RO         9304    .text.gpio_irq2     BUILD/DISCO_L475VG_IOT01A/ARMC6/mbed-os/targets/TARGET_STM/gpio_irq_api.o
    0x080062d8   0x0000000c   Code   RO         9306    .text.gpio_irq3     BUILD/DISCO_L475VG_IOT01A/ARMC6/mbed-os/targets/TARGET_STM/gpio_irq_api.o
    0x080062e4   0x0000000c   Code   RO         9308    .text.gpio_irq4     BUILD/DISCO_L475VG_IOT01A/ARMC6/mbed-os/targets/TARGET_STM/gpio_irq_api.o
    0x080062f0   0x0000000c   Code   RO         9310    .text.gpio_irq5     BUILD/DISCO_L475VG_IOT01A/ARMC6/mbed-os/targets/TARGET_STM/gpio_irq_api.o
    0x080062fc   0x0000000c   Code   RO         9312    .text.gpio_irq6     BUILD/DISCO_L475VG_IOT01A/ARMC6/mbed-os/targets/TARGET_STM/gpio_irq_api.o
    0x08006308   0x0000008e   Code   RO         9320    .text.gpio_irq_disable  BUILD/DISCO_L475VG_IOT01A/ARMC6/mbed-os/targets/TARGET_STM/gpio_irq_api.o
    0x08006396   0x00000002   PAD
    0x08006398   0x00000076   Code   RO         9316    .text.gpio_irq_enable  BUILD/DISCO_L475VG_IOT01A/ARMC6/mbed-os/targets/TARGET_STM/gpio_irq_api.o
    0x0800640e   0x00000002   PAD
    0x08006410   0x00000072   Code   RO         9318    .text.gpio_irq_free  BUILD/DISCO_L475VG_IOT01A/ARMC6/mbed-os/targets/TARGET_STM/gpio_irq_api.o
    0x08006482   0x00000002   PAD
    0x08006484   0x00000198   Code   RO         9298    .text.gpio_irq_init  BUILD/DISCO_L475VG_IOT01A/ARMC6/mbed-os/targets/TARGET_STM/gpio_irq_api.o
    0x0800661c   0x0000000c   Code   RO         9280    .text.gpio_mode     BUILD/DISCO_L475VG_IOT01A/ARMC6/mbed-os/targets/TARGET_STM/gpio_api.o
    0x08006628   0x00000068   Code   RO         9276    .text.gpio_set      BUILD/DISCO_L475VG_IOT01A/ARMC6/mbed-os/targets/TARGET_STM/gpio_api.o
    0x08006690   0x00000010   Code   RO         1785    .text.gpio_write    BUILD/DISCO_L475VG_IOT01A/ARMC6/mbed-os/hal/source/mbed_gpio.o
    0x080066a0   0x00000010   Code   RO         2683    .text.gpio_write    BUILD/DISCO_L475VG_IOT01A/ARMC6/mbed-os/platform/source/mbed_board.o
    0x080066b0   0x00000028   Code   RO         1758    .text.hal_critical_section_enter  BUILD/DISCO_L475VG_IOT01A/ARMC6/mbed-os/hal/source/mbed_critical_section_api.o
    0x080066d8   0x00000088   Code   RO         1762    .text.hal_critical_section_exit  BUILD/DISCO_L475VG_IOT01A/ARMC6/mbed-os/hal/source/mbed_critical_section_api.o
    0x08006760   0x0000001e   Code   RO         9786    .text.hal_sleep     BUILD/DISCO_L475VG_IOT01A/ARMC6/mbed-os/targets/TARGET_STM/sleep.o
    0x0800677e   0x00000002   PAD
    0x08006780   0x000000f0   Code   RO         2723    .text.handle_error  BUILD/DISCO_L475VG_IOT01A/ARMC6/mbed-os/platform/source/mbed_error.o
    0x08006870   0x000000f4   Code   RO         9342    .text.handle_interrupt_in  BUILD/DISCO_L475VG_IOT01A/ARMC6/mbed-os/targets/TARGET_STM/gpio_irq_api.o
    0x08006964   0x0000001a   Code   RO         9390    .text.i2c1_irq      BUILD/DISCO_L475VG_IOT01A/ARMC6/mbed-os/targets/TARGET_STM/i2c_api.o
    0x0800697e   0x00000002   PAD
    0x08006980   0x0000001a   Code   RO         9392    .text.i2c2_irq      BUILD/DISCO_L475VG_IOT01A/ARMC6/mbed-os/targets/TARGET_STM/i2c_api.o
    0x0800699a   0x00000002   PAD
    0x0800699c   0x0000001a   Code   RO         9394    .text.i2c3_irq      BUILD/DISCO_L475VG_IOT01A/ARMC6/mbed-os/targets/TARGET_STM/i2c_api.o
    0x080069b6   0x00000002   PAD
    0x080069b8   0x00000018   Code   RO         9386    .text.i2c_ev_err_disable  BUILD/DISCO_L475VG_IOT01A/ARMC6/mbed-os/targets/TARGET_STM/i2c_api.o
    0x080069d0   0x0000004a   Code   RO         9378    .text.i2c_ev_err_enable  BUILD/DISCO_L475VG_IOT01A/ARMC6/mbed-os/targets/TARGET_STM/i2c_api.o
    0x08006a1a   0x00000002   PAD
    0x08006a1c   0x00000164   Code   RO         9402    .text.i2c_frequency  BUILD/DISCO_L475VG_IOT01A/ARMC6/mbed-os/targets/TARGET_STM/i2c_api.o
    0x08006b80   0x00000040   Code   RO         9388    .text.i2c_get_irq_handler  BUILD/DISCO_L475VG_IOT01A/ARMC6/mbed-os/targets/TARGET_STM/i2c_api.o
    0x08006bc0   0x000000c4   Code   RO         8958    .text.i2c_get_pclk  BUILD/DISCO_L475VG_IOT01A/ARMC6/mbed-os/targets/TARGET_STM/TARGET_STM32L4/i2c_device.o
    0x08006c84   0x000001a8   Code   RO         9412    .text.i2c_get_timing  BUILD/DISCO_L475VG_IOT01A/ARMC6/mbed-os/targets/TARGET_STM/i2c_api.o
    0x08006e2c   0x00000080   Code   RO         9396    .text.i2c_hw_reset  BUILD/DISCO_L475VG_IOT01A/ARMC6/mbed-os/targets/TARGET_STM/i2c_api.o
    0x08006eac   0x00000066   Code   RO         9408    .text.i2c_init      BUILD/DISCO_L475VG_IOT01A/ARMC6/mbed-os/targets/TARGET_STM/i2c_api.o
    0x08006f12   0x00000002   PAD
    0x08006f14   0x00000016   Code   RO         9406    .text.i2c_init_direct  BUILD/DISCO_L475VG_IOT01A/ARMC6/mbed-os/targets/TARGET_STM/i2c_api.o
    0x08006f2a   0x00000002   PAD
    0x08006f2c   0x00000164   Code   RO         9400    .text.i2c_init_internal  BUILD/DISCO_L475VG_IOT01A/ARMC6/mbed-os/targets/TARGET_STM/i2c_api.o
    0x08007090   0x000000ca   Code   RO         9430    .text.i2c_read      BUILD/DISCO_L475VG_IOT01A/ARMC6/mbed-os/targets/TARGET_STM/i2c_api.o
    0x0800715a   0x00000002   PAD
    0x0800715c   0x00000024   Code   RO         9440    .text.i2c_slave_address  BUILD/DISCO_L475VG_IOT01A/ARMC6/mbed-os/targets/TARGET_STM/i2c_api.o
    0x08007180   0x000000ca   Code   RO         9432    .text.i2c_write     BUILD/DISCO_L475VG_IOT01A/ARMC6/mbed-os/targets/TARGET_STM/i2c_api.o
    0x0800724a   0x00000002   PAD
    0x0800724c   0x0000009c   Code   RO         9960    .text.init_32bit_timer  BUILD/DISCO_L475VG_IOT01A/ARMC6/mbed-os/targets/TARGET_STM/us_ticker.o
    0x080072e8   0x00000090   Code   RO         9741    .text.init_uart     BUILD/DISCO_L475VG_IOT01A/ARMC6/mbed-os/targets/TARGET_STM/serial_api.o
    0x08007378   0x00000150   Code   RO         1906    .text.initialize    BUILD/DISCO_L475VG_IOT01A/ARMC6/mbed-os/hal/source/mbed_ticker_api.o
    0x080074c8   0x0000006a   Code   RO         1920    .text.insert_event  BUILD/DISCO_L475VG_IOT01A/ARMC6/mbed-os/hal/source/mbed_ticker_api.o
    0x08007532   0x00000002   PAD
    0x08007534   0x00000028   Code   RO         2974    .text.isatty        BUILD/DISCO_L475VG_IOT01A/ARMC6/mbed-os/platform/source/mbed_retarget.o
    0x0800755c   0x0000001e   Code   RO         9498    .text.lp_ticker_clear_interrupt  BUILD/DISCO_L475VG_IOT01A/ARMC6/mbed-os/targets/TARGET_STM/lp_ticker.o
    0x0800757a   0x00000002   PAD
    0x0800757c   0x00000062   Code   RO         9486    .text.lp_ticker_disable_interrupt  BUILD/DISCO_L475VG_IOT01A/ARMC6/mbed-os/targets/TARGET_STM/lp_ticker.o
    0x080075de   0x00000002   PAD
    0x080075e0   0x0000002c   Code   RO         9500    .text.lp_ticker_fire_interrupt  BUILD/DISCO_L475VG_IOT01A/ARMC6/mbed-os/targets/TARGET_STM/lp_ticker.o
    0x0800760c   0x00000008   Code   RO         9508    .text.lp_ticker_free  BUILD/DISCO_L475VG_IOT01A/ARMC6/mbed-os/targets/TARGET_STM/lp_ticker.o
    0x08007614   0x0000000a   Code   RO         9482    .text.lp_ticker_get_info  BUILD/DISCO_L475VG_IOT01A/ARMC6/mbed-os/targets/TARGET_STM/lp_ticker.o
    0x0800761e   0x00000002   PAD
    0x08007620   0x00000180   Code   RO         9484    .text.lp_ticker_init  BUILD/DISCO_L475VG_IOT01A/ARMC6/mbed-os/targets/TARGET_STM/lp_ticker.o
    0x080077a0   0x0000001e   Code   RO         1827    .text.lp_ticker_irq_handler  BUILD/DISCO_L475VG_IOT01A/ARMC6/mbed-os/hal/source/mbed_lp_ticker_api.o
    0x080077be   0x00000002   PAD
    0x080077c0   0x00000012   Code   RO         9492    .text.lp_ticker_read  BUILD/DISCO_L475VG_IOT01A/ARMC6/mbed-os/targets/TARGET_STM/lp_ticker.o
    0x080077d2   0x00000002   PAD
    0x080077d4   0x000000e8   Code   RO         9494    .text.lp_ticker_set_interrupt  BUILD/DISCO_L475VG_IOT01A/ARMC6/mbed-os/targets/TARGET_STM/lp_ticker.o
    0x080078bc   0x00000032   Code   RO         3012    .text.lseek         BUILD/DISCO_L475VG_IOT01A/ARMC6/mbed-os/platform/source/mbed_retarget.o
    0x080078ee   0x00000002   PAD
    0x080078f0   0x000001e4   Code   RO          291    .text.main          BUILD/DISCO_L475VG_IOT01A/ARMC6/main.o
    0x08007ad4   0x0000001a   Code   RO         2572    .text.mbed_assert_internal  BUILD/DISCO_L475VG_IOT01A/ARMC6/mbed-os/platform/source/mbed_assert.o
    0x08007aee   0x00000002   PAD
    0x08007af0   0x0000002c   Code   RO         3191    .text.mbed_copy_nvic  BUILD/DISCO_L475VG_IOT01A/ARMC6/mbed-os/platform/source/mbed_sdk_boot.o
    0x08007b1c   0x0000006c   Code   RO         2685    .text.mbed_die      BUILD/DISCO_L475VG_IOT01A/ARMC6/mbed-os/platform/source/mbed_board.o
    0x08007b88   0x00000120   Code   RO         2745    .text.mbed_error    BUILD/DISCO_L475VG_IOT01A/ARMC6/mbed-os/platform/source/mbed_error.o
    0x08007ca8   0x00000002   Code   RO         2729    .text.mbed_error_hook  BUILD/DISCO_L475VG_IOT01A/ARMC6/mbed-os/platform/source/mbed_error.o
    0x08007caa   0x00000002   PAD
    0x08007cac   0x0000006a   Code   RO         2733    .text.mbed_error_initialize  BUILD/DISCO_L475VG_IOT01A/ARMC6/mbed-os/platform/source/mbed_error.o
    0x08007d16   0x00000002   PAD
    0x08007d18   0x00000014   Code   RO         2765    .text.mbed_error_is_hw_fault  BUILD/DISCO_L475VG_IOT01A/ARMC6/mbed-os/platform/source/mbed_error.o
    0x08007d2c   0x00000020   Code   RO         2687    .text.mbed_error_printf  BUILD/DISCO_L475VG_IOT01A/ARMC6/mbed-os/platform/source/mbed_board.o
    0x08007d4c   0x00000052   Code   RO         2691    .text.mbed_error_puts  BUILD/DISCO_L475VG_IOT01A/ARMC6/mbed-os/platform/source/mbed_board.o
    0x08007d9e   0x00000002   PAD
    0x08007da0   0x00000002   Code   RO         2731    .text.mbed_error_reboot_callback  BUILD/DISCO_L475VG_IOT01A/ARMC6/mbed-os/platform/source/mbed_error.o
    0x08007da2   0x00000002   PAD
    0x08007da4   0x00000034   Code   RO         2689    .text.mbed_error_vprintf  BUILD/DISCO_L475VG_IOT01A/ARMC6/mbed-os/platform/source/mbed_board.o
    0x08007dd8   0x000000f8   Code   RO         2533    .text.mbed_fault_handler  BUILD/DISCO_L475VG_IOT01A/ARMC6/mbed-os/platform/source/TARGET_CORTEX_M/mbed_fault_handler.o
    0x08007ed0   0x00000038   Code   RO         2727    .text.mbed_halt_system  BUILD/DISCO_L475VG_IOT01A/ARMC6/mbed-os/platform/source/mbed_error.o
    0x08007f08   0x00000020   Code   RO         3193    .text.mbed_init     BUILD/DISCO_L475VG_IOT01A/ARMC6/mbed-os/platform/source/mbed_sdk_boot.o
    0x08007f28   0x00000002   Code   RO         3185    .text.mbed_main     BUILD/DISCO_L475VG_IOT01A/ARMC6/mbed-os/platform/source/mbed_sdk_boot.o
    0x08007f2a   0x00000002   PAD
    0x08007f2c   0x00000420   Code   RO         3405    .text.mbed_minimal_formatted_string  BUILD/DISCO_L475VG_IOT01A/ARMC6/mbed-os/platform/source/minimal-printf/mbed_printf_implementation.o
    0x0800834c   0x00000004   PAD
    0x08008350   0x00000220   Code   RO         3411    .text.mbed_minimal_formatted_string_double  BUILD/DISCO_L475VG_IOT01A/ARMC6/mbed-os/platform/source/minimal-printf/mbed_printf_implementation.o
    0x08008570   0x0000017c   Code   RO         3409    .text.mbed_minimal_formatted_string_integer  BUILD/DISCO_L475VG_IOT01A/ARMC6/mbed-os/platform/source/minimal-printf/mbed_printf_implementation.o
    0x080086ec   0x0000003e   Code   RO         3415    .text.mbed_minimal_formatted_string_string  BUILD/DISCO_L475VG_IOT01A/ARMC6/mbed-os/platform/source/minimal-printf/mbed_printf_implementation.o
    0x0800872a   0x00000002   PAD
    0x0800872c   0x00000050   Code   RO         3417    .text.mbed_minimal_formatted_string_void_pointer  BUILD/DISCO_L475VG_IOT01A/ARMC6/mbed-os/platform/source/minimal-printf/mbed_printf_implementation.o
    0x0800877c   0x00000042   Code   RO         3413    .text.mbed_minimal_putchar  BUILD/DISCO_L475VG_IOT01A/ARMC6/mbed-os/platform/source/minimal-printf/mbed_printf_implementation.o
    0x080087be   0x00000002   PAD
    0x080087c0   0x00000030   Code   RO         9551    .text.mbed_sdk_init  BUILD/DISCO_L475VG_IOT01A/ARMC6/mbed-os/targets/TARGET_STM/mbed_overrides.o
    0x080087f0   0x0000002c   Code   RO          960    .text.mbed_tiny_compute_crc32  BUILD/DISCO_L475VG_IOT01A/ARMC6/mbed-os/drivers/source/MbedCRC.o
    0x0800881c   0x00000008   Code   RO         3197    .text.mbed_toolchain_init  BUILD/DISCO_L475VG_IOT01A/ARMC6/mbed-os/platform/source/mbed_sdk_boot.o
    0x08008824   0x00000096   Code   RO         2984    .text.open          BUILD/DISCO_L475VG_IOT01A/ARMC6/mbed-os/platform/source/mbed_retarget.o
    0x080088ba   0x00000002   PAD
    0x080088bc   0x00000034   Code   RO         3407    .text.parse_string_to_integer  BUILD/DISCO_L475VG_IOT01A/ARMC6/mbed-os/platform/source/minimal-printf/mbed_printf_implementation.o
    0x080088f0   0x000000e4   Code   RO         9566    .text.pin_function  BUILD/DISCO_L475VG_IOT01A/ARMC6/mbed-os/targets/TARGET_STM/pinmap.o
    0x080089d4   0x0000007c   Code   RO         9582    .text.pin_mode      BUILD/DISCO_L475VG_IOT01A/ARMC6/mbed-os/targets/TARGET_STM/pinmap.o
    0x08008a50   0x00000026   Code   RO         1854    .text.pinmap_find_function  BUILD/DISCO_L475VG_IOT01A/ARMC6/mbed-os/hal/source/mbed_pinmap_common.o
    0x08008a76   0x00000002   PAD
    0x08008a78   0x00000028   Code   RO         1850    .text.pinmap_find_peripheral  BUILD/DISCO_L475VG_IOT01A/ARMC6/mbed-os/hal/source/mbed_pinmap_common.o
    0x08008aa0   0x00000048   Code   RO         1848    .text.pinmap_merge  BUILD/DISCO_L475VG_IOT01A/ARMC6/mbed-os/hal/source/mbed_pinmap_common.o
    0x08008ae8   0x0000005c   Code   RO         1852    .text.pinmap_peripheral  BUILD/DISCO_L475VG_IOT01A/ARMC6/mbed-os/hal/source/mbed_pinmap_common.o
    0x08008b44   0x00000164   Code   RO         2535    .text.print_context_info  BUILD/DISCO_L475VG_IOT01A/ARMC6/mbed-os/platform/source/TARGET_CORTEX_M/mbed_fault_handler.o
    0x08008ca8   0x000001ac   Code   RO         2725    .text.print_error_report  BUILD/DISCO_L475VG_IOT01A/ARMC6/mbed-os/platform/source/mbed_error.o
    0x08008e54   0x000000d4   Code   RO         1914    .text.schedule_interrupt  BUILD/DISCO_L475VG_IOT01A/ARMC6/mbed-os/hal/source/mbed_ticker_api.o
    0x08008f28   0x0000008c   Code   RO         9747    .text.serial_baud   BUILD/DISCO_L475VG_IOT01A/ARMC6/mbed-os/targets/TARGET_STM/serial_api.o
    0x08008fb4   0x0000007a   Code   RO         8999    .text.serial_getc   BUILD/DISCO_L475VG_IOT01A/ARMC6/mbed-os/targets/TARGET_STM/TARGET_STM32L4/serial_device.o
    0x0800902e   0x00000002   PAD
    0x08009030   0x000001d0   Code   RO         9737    .text.serial_init_direct  BUILD/DISCO_L475VG_IOT01A/ARMC6/mbed-os/targets/TARGET_STM/serial_api.o
    0x08009200   0x0000002a   Code   RO         9001    .text.serial_putc   BUILD/DISCO_L475VG_IOT01A/ARMC6/mbed-os/targets/TARGET_STM/TARGET_STM32L4/serial_device.o
    0x0800922a   0x00000002   PAD
    0x0800922c   0x00000024   Code   RO         9761    .text.serial_readable  BUILD/DISCO_L475VG_IOT01A/ARMC6/mbed-os/targets/TARGET_STM/serial_api.o
    0x08009250   0x0000001a   Code   RO         9763    .text.serial_writable  BUILD/DISCO_L475VG_IOT01A/ARMC6/mbed-os/targets/TARGET_STM/serial_api.o
    0x0800926a   0x00000002   PAD
    0x0800926c   0x00000006   Code   RO         1908    .text.set_handler   BUILD/DISCO_L475VG_IOT01A/ARMC6/mbed-os/hal/source/mbed_ticker_api.o
    0x08009272   0x00000002   PAD
    0x08009274   0x00000058   Code   RO         2925    .text.sleep_manager_lock_deep_sleep_internal  BUILD/DISCO_L475VG_IOT01A/ARMC6/mbed-os/platform/source/mbed_power_mgmt.o
    0x080092cc   0x00000010   Code   RO         2933    .text.sleep_manager_sleep_auto  BUILD/DISCO_L475VG_IOT01A/ARMC6/mbed-os/platform/source/mbed_power_mgmt.o
    0x080092dc   0x00000058   Code   RO         2927    .text.sleep_manager_unlock_deep_sleep_internal  BUILD/DISCO_L475VG_IOT01A/ARMC6/mbed-os/platform/source/mbed_power_mgmt.o
    0x08009334   0x00000016   Code   RO         9580    .text.stm_pin_PullConfig  BUILD/DISCO_L475VG_IOT01A/ARMC6/mbed-os/targets/TARGET_STM/pinmap.o
    0x0800934a   0x00000002   PAD
    0x0800934c   0x00000022   Code   RO         9570    .text.stm_pin_SetAFPin  BUILD/DISCO_L475VG_IOT01A/ARMC6/mbed-os/targets/TARGET_STM/pinmap.o
    0x0800936e   0x00000002   PAD
    0x08009370   0x00000004   Code   RO         2747    .text.system_reset  BUILD/DISCO_L475VG_IOT01A/ARMC6/mbed-os/platform/source/mbed_error.o
    0x08009374   0x0000000c   Code   RO         3236    .text.thread_sleep_for  BUILD/DISCO_L475VG_IOT01A/ARMC6/mbed-os/platform/source/mbed_thread.o
    0x08009380   0x00000036   Code   RO         1922    .text.ticker_insert_event_us  BUILD/DISCO_L475VG_IOT01A/ARMC6/mbed-os/hal/source/mbed_ticker_api.o
    0x080093b6   0x00000002   PAD
    0x080093b8   0x0000006a   Code   RO         1910    .text.ticker_irq_handler  BUILD/DISCO_L475VG_IOT01A/ARMC6/mbed-os/hal/source/mbed_ticker_api.o
    0x08009422   0x00000002   PAD
    0x08009424   0x00000022   Code   RO         1928    .text.ticker_read_us  BUILD/DISCO_L475VG_IOT01A/ARMC6/mbed-os/hal/source/mbed_ticker_api.o
    0x08009446   0x00000002   PAD
    0x08009448   0x00000038   Code   RO         1924    .text.ticker_remove_event  BUILD/DISCO_L475VG_IOT01A/ARMC6/mbed-os/hal/source/mbed_ticker_api.o
    0x08009480   0x0000001c   Code   RO         1904    .text.ticker_set_handler  BUILD/DISCO_L475VG_IOT01A/ARMC6/mbed-os/hal/source/mbed_ticker_api.o
    0x0800949c   0x00000036   Code   RO         9958    .text.timer_irq_handler  BUILD/DISCO_L475VG_IOT01A/ARMC6/mbed-os/targets/TARGET_STM/us_ticker.o
    0x080094d2   0x00000002   PAD
    0x080094d4   0x00000088   Code   RO         1912    .text.update_present_time  BUILD/DISCO_L475VG_IOT01A/ARMC6/mbed-os/hal/source/mbed_ticker_api.o
    0x0800955c   0x00000012   Code   RO         9978    .text.us_ticker_clear_interrupt  BUILD/DISCO_L475VG_IOT01A/ARMC6/mbed-os/targets/TARGET_STM/us_ticker.o
    0x0800956e   0x00000002   PAD
    0x08009570   0x00000014   Code   RO         9976    .text.us_ticker_disable_interrupt  BUILD/DISCO_L475VG_IOT01A/ARMC6/mbed-os/targets/TARGET_STM/us_ticker.o
    0x08009584   0x00000022   Code   RO         9972    .text.us_ticker_fire_interrupt  BUILD/DISCO_L475VG_IOT01A/ARMC6/mbed-os/targets/TARGET_STM/us_ticker.o
    0x080095a6   0x00000002   PAD
    0x080095a8   0x0000000a   Code   RO         9956    .text.us_ticker_get_info  BUILD/DISCO_L475VG_IOT01A/ARMC6/mbed-os/targets/TARGET_STM/us_ticker.o
    0x080095b2   0x00000002   PAD
    0x080095b4   0x0000001c   Code   RO         9966    .text.us_ticker_init  BUILD/DISCO_L475VG_IOT01A/ARMC6/mbed-os/targets/TARGET_STM/us_ticker.o
    0x080095d0   0x0000001e   Code   RO         1956    .text.us_ticker_irq_handler  BUILD/DISCO_L475VG_IOT01A/ARMC6/mbed-os/hal/source/mbed_us_ticker_api.o
    0x080095ee   0x00000002   PAD
    0x080095f0   0x0000000c   Code   RO         9968    .text.us_ticker_read  BUILD/DISCO_L475VG_IOT01A/ARMC6/mbed-os/targets/TARGET_STM/us_ticker.o
    0x080095fc   0x0000001c   Code   RO         9970    .text.us_ticker_set_interrupt  BUILD/DISCO_L475VG_IOT01A/ARMC6/mbed-os/targets/TARGET_STM/us_ticker.o
    0x08009618   0x00000032   Code   RO         2998    .text.write         BUILD/DISCO_L475VG_IOT01A/ARMC6/mbed-os/platform/source/mbed_retarget.o
    0x0800964a   0x00000002   PAD
    0x0800964c   0x00000008   Code   RO        10226    i.__aeabi_errno_addr  /home/dogfetus/.config/Mbed Studio/mbed-studio-tools/ac6/bin/../lib/armlib/mc_w.l(errno.o)
    0x08009654   0x00000050   Code   RO        10211    i.__free$memalign$2region  /home/dogfetus/.config/Mbed Studio/mbed-studio-tools/ac6/bin/../lib/armlib/mc_w.l(malloca2.o)
    0x080096a4   0x0000000e   Code   RO        10376    i.__scatterload_copy  /home/dogfetus/.config/Mbed Studio/mbed-studio-tools/ac6/bin/../lib/armlib/mc_w.l(handlers.o)
    0x080096b2   0x00000002   Code   RO        10377    i.__scatterload_null  /home/dogfetus/.config/Mbed Studio/mbed-studio-tools/ac6/bin/../lib/armlib/mc_w.l(handlers.o)
    0x080096b4   0x0000000e   Code   RO        10378    i.__scatterload_zeroinit  /home/dogfetus/.config/Mbed Studio/mbed-studio-tools/ac6/bin/../lib/armlib/mc_w.l(handlers.o)
    0x080096c2   0x00000018   Code   RO        10143    i._fflush$full      /home/dogfetus/.config/Mbed Studio/mbed-studio-tools/ac6/bin/../lib/armlib/mc_w.l(fflush_f.o)
    0x080096da   0x00000002   PAD
    0x080096dc   0x00000000   Data   RO         3205    .rodata             BUILD/DISCO_L475VG_IOT01A/ARMC6/mbed-os/platform/source/mbed_sdk_boot.o
    0x080096dc   0x00000010   Data   RO         8830    .rodata.AHBPrescTable  BUILD/DISCO_L475VG_IOT01A/ARMC6/mbed-os/targets/TARGET_STM/TARGET_STM32L4/STM32Cube_FW/system_stm32l4xx.o
    0x080096ec   0x00000008   Data   RO         8831    .rodata.APBPrescTable  BUILD/DISCO_L475VG_IOT01A/ARMC6/mbed-os/targets/TARGET_STM/TARGET_STM32L4/STM32Cube_FW/system_stm32l4xx.o
    0x080096f4   0x00000030   Data   RO         8832    .rodata.MSIRangeTable  BUILD/DISCO_L475VG_IOT01A/ARMC6/mbed-os/targets/TARGET_STM/TARGET_STM32L4/STM32Cube_FW/system_stm32l4xx.o
    0x08009724   0x0000003c   Data   RO         8846    .rodata.PinMap_I2C_SCL  BUILD/DISCO_L475VG_IOT01A/ARMC6/mbed-os/targets/TARGET_STM/TARGET_STM32L4/TARGET_STM32L475xG/TARGET_DISCO_L475VG_IOT01A/PeripheralPins.o
    0x08009760   0x0000003c   Data   RO         8845    .rodata.PinMap_I2C_SDA  BUILD/DISCO_L475VG_IOT01A/ARMC6/mbed-os/targets/TARGET_STM/TARGET_STM32L4/TARGET_STM32L475xG/TARGET_DISCO_L475VG_IOT01A/PeripheralPins.o
    0x0800979c   0x00000020   Data   RO          196    .rodata._ZTV10TempSensor  BUILD/DISCO_L475VG_IOT01A/ARMC6/HTS221/HTS221Sensor.o
    0x080097bc   0x00000050   Data   RO         3120    .rodata._ZTV12DirectSerial  BUILD/DISCO_L475VG_IOT01A/ARMC6/mbed-os/platform/source/mbed_retarget.o
    0x0800980c   0x00000040   Data   RO          147    .rodata._ZTV12HTS221Sensor  BUILD/DISCO_L475VG_IOT01A/ARMC6/HTS221/HTS221Sensor.o
    0x0800984c   0x0000000c   Data   RO          107    .rodata._ZTV14DFRobot_RGBLCD  BUILD/DISCO_L475VG_IOT01A/ARMC6/DFRobot_RGBLCD.o
    0x08009858   0x0000001c   Data   RO          194    .rodata._ZTV14HumiditySensor  BUILD/DISCO_L475VG_IOT01A/ARMC6/HTS221/HTS221Sensor.o
    0x08009874   0x00000018   Data   RO          324    .rodata._ZTV6DevI2C  BUILD/DISCO_L475VG_IOT01A/ARMC6/main.o
    0x0800988c   0x00000018   Data   RO          195    .rodata._ZTV9Component  BUILD/DISCO_L475VG_IOT01A/ARMC6/HTS221/HTS221Sensor.o
    0x080098a4   0x00000050   Data   RO         2239    .rodata._ZTVN4mbed10FileHandleE  BUILD/DISCO_L475VG_IOT01A/ARMC6/mbed-os/platform/source/FileHandle.o
    0x080098f4   0x0000000c   Data   RO         1563    .rodata._ZTVN4mbed10TimerEventE  BUILD/DISCO_L475VG_IOT01A/ARMC6/mbed-os/drivers/source/TimerEvent.o
    0x08009900   0x00000010   Data   RO          951    .rodata._ZTVN4mbed11InterruptInE  BUILD/DISCO_L475VG_IOT01A/ARMC6/mbed-os/drivers/source/InterruptIn.o
    0x08009910   0x00000018   Data   RO          858    .rodata._ZTVN4mbed3I2CE  BUILD/DISCO_L475VG_IOT01A/ARMC6/mbed-os/drivers/source/I2C.o
    0x08009928   0x0000000c   Data   RO         2527    .rodata._ZTVN4mbed8internal8SysTimerINSt3__25ratioILx1ELx1000EEELb1EEE  BUILD/DISCO_L475VG_IOT01A/ARMC6/mbed-os/platform/source/SysTimer.o
    0x08009934   0x00000018   Data   RO         3130    .rodata._ZZL15default_consolevE14console_pinmap  BUILD/DISCO_L475VG_IOT01A/ARMC6/mbed-os/platform/source/mbed_retarget.o
    0x0800994c   0x00000040   Data   RO         9592    .rodata.ll_pin_defines  BUILD/DISCO_L475VG_IOT01A/ARMC6/mbed-os/targets/TARGET_STM/pinmap.o
    0x0800998c   0x00000008   Data   RO         1829    .rodata.lp_data     BUILD/DISCO_L475VG_IOT01A/ARMC6/mbed-os/hal/source/mbed_lp_ticker_api.o
    0x08009994   0x00000024   Data   RO         1831    .rodata.lp_interface  BUILD/DISCO_L475VG_IOT01A/ARMC6/mbed-os/hal/source/mbed_lp_ticker_api.o
    0x080099b8   0x00000008   Data   RO         9510    .rodata.lp_ticker_get_info.info  BUILD/DISCO_L475VG_IOT01A/ARMC6/mbed-os/targets/TARGET_STM/lp_ticker.o
    0x080099c0   0x000000c0   Data   RO         8952    .rodata.pin_lines_desc  BUILD/DISCO_L475VG_IOT01A/ARMC6/mbed-os/targets/TARGET_STM/TARGET_STM32L4/gpio_irq_device.o
    0x08009a80   0x0000001a   Data   RO          148    .rodata.str1.1      BUILD/DISCO_L475VG_IOT01A/ARMC6/HTS221/HTS221Sensor.o
    0x08009a9a   0x00000019   Data   RO          274    .rodata.str1.1      BUILD/DISCO_L475VG_IOT01A/ARMC6/HTS221/HTS221_driver.o
    0x08009ab3   0x00000056   Data   RO         1237    .rodata.str1.1      BUILD/DISCO_L475VG_IOT01A/ARMC6/mbed-os/drivers/source/SPI.o
    0x08009b09   0x0000003b   Data   RO         1391    .rodata.str1.1      BUILD/DISCO_L475VG_IOT01A/ARMC6/mbed-os/drivers/source/SerialBase.o
    0x08009b44   0x0000004e   Data   RO         2377    .rodata.str1.1      BUILD/DISCO_L475VG_IOT01A/ARMC6/mbed-os/platform/source/SysTimer.o
    0x08009b92   0x000000e0   Data   RO         2539    .rodata.str1.1      BUILD/DISCO_L475VG_IOT01A/ARMC6/mbed-os/platform/source/TARGET_CORTEX_M/mbed_fault_handler.o
    0x08009c72   0x00000141   Data   RO         2774    .rodata.str1.1      BUILD/DISCO_L475VG_IOT01A/ARMC6/mbed-os/platform/source/mbed_error.o
    0x08009db3   0x00000063   Data   RO         3124    .rodata.str1.1      BUILD/DISCO_L475VG_IOT01A/ARMC6/mbed-os/platform/source/mbed_retarget.o
    0x08009e16   0x00000081   Data   RO         9473    .rodata.str1.1      BUILD/DISCO_L475VG_IOT01A/ARMC6/mbed-os/targets/TARGET_STM/i2c_api.o
    0x08009e97   0x0000002a   Data   RO         9776    .rodata.str1.1      BUILD/DISCO_L475VG_IOT01A/ARMC6/mbed-os/targets/TARGET_STM/serial_api.o
    0x08009ec1   0x00000003   PAD
    0x08009ec4   0x00000008   Data   RO         1960    .rodata.us_data     BUILD/DISCO_L475VG_IOT01A/ARMC6/mbed-os/hal/source/mbed_us_ticker_api.o
    0x08009ecc   0x00000024   Data   RO         1962    .rodata.us_interface  BUILD/DISCO_L475VG_IOT01A/ARMC6/mbed-os/hal/source/mbed_us_ticker_api.o
    0x08009ef0   0x00000008   Data   RO         9986    .rodata.us_ticker_get_info.info  BUILD/DISCO_L475VG_IOT01A/ARMC6/mbed-os/targets/TARGET_STM/us_ticker.o
    0x08009ef8   0x00000020   Data   RO        10375    Region$$Table       anon$$obj.o
    0x08009f18   0x00000004   Data   RO          301    .init_array         BUILD/DISCO_L475VG_IOT01A/ARMC6/main.o
    0x08009f1c   0x00000000   Data   RO        10242    .init_array         /home/dogfetus/.config/Mbed Studio/mbed-studio-tools/ac6/bin/../lib/armlib/mc_w.l(cpp_init.o)


    Execution Region RW_m_crash_data (Base: 0x10000188, Size: 0x00000100, Max: 0x00000100, ABSOLUTE)

    Base Addr    Size         Type   Attr      Idx    E Section Name        Object

    0x10000188   0x00000100   Zero   RW            1    RW_m_crash_data.bss  anon$$obj.o


    Execution Region RW_IRAM2 (Base: 0x10000288, Size: 0x00000b34, Max: 0x00007d78, ABSOLUTE)

    Base Addr    Size         Type   Attr      Idx    E Section Name        Object

    0x10000288   0x00000004   Data   RW        10229    .data               /home/dogfetus/.config/Mbed Studio/mbed-studio-tools/ac6/bin/../lib/armlib/mc_w.l(errno.o)
    0x1000028c   0x00000004   Data   RW        10322    .data               /home/dogfetus/.config/Mbed Studio/mbed-studio-tools/ac6/bin/../lib/armlib/mc_w.l(mvars.o)
    0x10000290   0x00000004   Data   RW         8829    .data.SystemCoreClock  BUILD/DISCO_L475VG_IOT01A/ARMC6/mbed-os/targets/TARGET_STM/TARGET_STM32L4/STM32Cube_FW/system_stm32l4xx.o
    0x10000294   0x00000040   Data   RW         3129    .data._ZL11filehandles  BUILD/DISCO_L475VG_IOT01A/ARMC6/mbed-os/platform/source/mbed_retarget.o
    0x100002d4   0x00000004   Data   RW         1830    .data.irq_handler   BUILD/DISCO_L475VG_IOT01A/ARMC6/mbed-os/hal/source/mbed_lp_ticker_api.o
    0x100002d8   0x00000004   Data   RW         1961    .data.irq_handler   BUILD/DISCO_L475VG_IOT01A/ARMC6/mbed-os/hal/source/mbed_us_ticker_api.o
    0x100002dc   0x00000004   Data   RW         4263    .data.uwTickPrio    BUILD/DISCO_L475VG_IOT01A/ARMC6/mbed-os/targets/TARGET_STM/TARGET_STM32L4/STM32Cube_FW/STM32L4xx_HAL_Driver/stm32l4xx_hal.o
    0x100002e0   0x00000014   Zero   RW        10173    .bss                /home/dogfetus/.config/Mbed Studio/mbed-studio-tools/ac6/bin/../lib/armlib/mc_w.l(stdout_f.o)
    0x100002f4   0x00000014   Zero   RW        10174    .bss                /home/dogfetus/.config/Mbed Studio/mbed-studio-tools/ac6/bin/../lib/armlib/mc_w.l(stderr_f.o)
    0x10000308   0x00000001   Zero   RW         9518    .bss.LPTICKER_inited  BUILD/DISCO_L475VG_IOT01A/ARMC6/mbed-os/targets/TARGET_STM/lp_ticker.o
    0x10000309   0x00000003   PAD
    0x1000030c   0x00000038   Zero   RW         9519    .bss.LptimHandle    BUILD/DISCO_L475VG_IOT01A/ARMC6/mbed-os/targets/TARGET_STM/lp_ticker.o
    0x10000344   0x0000004c   Zero   RW         9987    .bss.TimMasterHandle  BUILD/DISCO_L475VG_IOT01A/ARMC6/mbed-os/targets/TARGET_STM/us_ticker.o
    0x10000390   0x00000004   Zero   RW         3132    .bss._ZGVZL15default_consolevE7console  BUILD/DISCO_L475VG_IOT01A/ARMC6/mbed-os/platform/source/mbed_retarget.o
    0x10000394   0x00000010   Zero   RW         3122    .bss._ZL13stdio_in_prev  BUILD/DISCO_L475VG_IOT01A/ARMC6/mbed-os/platform/source/mbed_retarget.o
    0x100003a4   0x00000010   Zero   RW         3123    .bss._ZL14stdio_out_prev  BUILD/DISCO_L475VG_IOT01A/ARMC6/mbed-os/platform/source/mbed_retarget.o
    0x100003b4   0x00000008   Zero   RW         3128    .bss._ZL16filehandle_mutex  BUILD/DISCO_L475VG_IOT01A/ARMC6/mbed-os/platform/source/mbed_retarget.o
    0x100003bc   0x00000004   Zero   RW         2147    .bss._ZN10CThunkBase17_cthunk_free_realE  BUILD/DISCO_L475VG_IOT01A/ARMC6/mbed-os/platform/source/CThunkBase.o
    0x100003c0   0x00000004   Zero   RW         2225    .bss._ZN4mbed8FileBase5_headE  BUILD/DISCO_L475VG_IOT01A/ARMC6/mbed-os/platform/source/FileBase.o
    0x100003c4   0x00000008   Zero   RW         2226    .bss._ZN4mbed8FileBase6_mutexE  BUILD/DISCO_L475VG_IOT01A/ARMC6/mbed-os/platform/source/FileBase.o
    0x100003cc   0x00000004   Zero   RW         2227    .bss._ZN4mbed8FileBase8_defaultE  BUILD/DISCO_L475VG_IOT01A/ARMC6/mbed-os/platform/source/FileBase.o
    0x100003d0   0x00000048   Zero   RW         2870    .bss._ZN4mbed8internal12_GLOBAL__N_113os_timer_dataE  BUILD/DISCO_L475VG_IOT01A/ARMC6/mbed-os/platform/source/mbed_os_timer.o
    0x10000418   0x00000004   Zero   RW         2869    .bss._ZN4mbed8internal8os_timerE  BUILD/DISCO_L475VG_IOT01A/ARMC6/mbed-os/platform/source/mbed_os_timer.o
    0x1000041c   0x00000004   Zero   RW         3131    .bss._ZZL15default_consolevE7console  BUILD/DISCO_L475VG_IOT01A/ARMC6/mbed-os/platform/source/mbed_retarget.o
    0x10000420   0x00000032   Zero   RW           90    .bss._ZZN14DFRobot_RGBLCD6printfEPKczE6buffer  BUILD/DISCO_L475VG_IOT01A/ARMC6/DFRobot_RGBLCD.o
    0x10000452   0x00000002   PAD
    0x10000454   0x00000004   Zero   RW        10030    .bss._millis        BUILD/DISCO_L475VG_IOT01A/ARMC6/millis/millis.o
    0x10000458   0x00000004   Zero   RW         9264    .bss.can_irq_contexts  BUILD/DISCO_L475VG_IOT01A/ARMC6/mbed-os/targets/TARGET_STM/can_api.o
    0x1000045c   0x00000214   Zero   RW         9349    .bss.channels       BUILD/DISCO_L475VG_IOT01A/ARMC6/mbed-os/targets/TARGET_STM/gpio_irq_api.o
    0x10000670   0x000000ec   Zero   RW          298    .bss.com            BUILD/DISCO_L475VG_IOT01A/ARMC6/main.o
    0x1000075c   0x00000001   Zero   RW         1767    .bss.critical_interrupts_enabled  BUILD/DISCO_L475VG_IOT01A/ARMC6/mbed-os/hal/source/mbed_critical_section_api.o
    0x1000075d   0x00000003   PAD
    0x10000760   0x00000004   Zero   RW         2712    .bss.critical_section_reentrancy_counter  BUILD/DISCO_L475VG_IOT01A/ARMC6/mbed-os/platform/source/mbed_critical.o
    0x10000764   0x00000002   Zero   RW         2935    .bss.deep_sleep_lock  BUILD/DISCO_L475VG_IOT01A/ARMC6/mbed-os/platform/source/mbed_power_mgmt.o
    0x10000766   0x00000002   PAD
    0x10000768   0x00000004   Zero   RW         2773    .bss.error_count    BUILD/DISCO_L475VG_IOT01A/ARMC6/mbed-os/platform/source/mbed_error.o
    0x1000076c   0x00000004   Zero   RW         2775    .bss.error_hook     BUILD/DISCO_L475VG_IOT01A/ARMC6/mbed-os/platform/source/mbed_error.o
    0x10000770   0x00000038   Zero   RW         1832    .bss.events         BUILD/DISCO_L475VG_IOT01A/ARMC6/mbed-os/hal/source/mbed_lp_ticker_api.o
    0x100007a8   0x00000038   Zero   RW         1963    .bss.events         BUILD/DISCO_L475VG_IOT01A/ARMC6/mbed-os/hal/source/mbed_us_ticker_api.o
    0x100007e0   0x00000040   Zero   RW         2772    .bss.first_error_ctx  BUILD/DISCO_L475VG_IOT01A/ARMC6/mbed-os/platform/source/mbed_error.o
    0x10000820   0x00000001   Zero   RW         9513    .bss.future_event_flag  BUILD/DISCO_L475VG_IOT01A/ARMC6/mbed-os/targets/TARGET_STM/lp_ticker.o
    0x10000821   0x00000001   Zero   RW         2776    .bss.halt_in_progress  BUILD/DISCO_L475VG_IOT01A/ARMC6/mbed-os/platform/source/mbed_error.o
    0x10000822   0x00000002   PAD
    0x10000824   0x00000014   Zero   RW         9472    .bss.i2c_handles    BUILD/DISCO_L475VG_IOT01A/ARMC6/mbed-os/targets/TARGET_STM/i2c_api.o
    0x10000838   0x00000002   Zero   RW         9348    .bss.irq_channel_used  BUILD/DISCO_L475VG_IOT01A/ARMC6/mbed-os/targets/TARGET_STM/gpio_irq_api.o
    0x1000083a   0x00000002   PAD
    0x1000083c   0x00000004   Zero   RW         9263    .bss.irq_handler    BUILD/DISCO_L475VG_IOT01A/ARMC6/mbed-os/targets/TARGET_STM/can_api.o
    0x10000840   0x00000004   Zero   RW         9350    .bss.irq_handler    BUILD/DISCO_L475VG_IOT01A/ARMC6/mbed-os/targets/TARGET_STM/gpio_irq_api.o
    0x10000844   0x00000001   Zero   RW         2771    .bss.is_reboot_error_valid  BUILD/DISCO_L475VG_IOT01A/ARMC6/mbed-os/platform/source/mbed_error.o
    0x10000845   0x00000003   PAD
    0x10000848   0x0000001c   Zero   RW          297    .bss.knapp          BUILD/DISCO_L475VG_IOT01A/ARMC6/main.o
    0x10000864   0x00000040   Zero   RW         2770    .bss.last_error_ctx  BUILD/DISCO_L475VG_IOT01A/ARMC6/mbed-os/platform/source/mbed_error.o
    0x100008a4   0x000000fc   Zero   RW          300    .bss.lcd            BUILD/DISCO_L475VG_IOT01A/ARMC6/main.o
    0x100009a0   0x00000001   Zero   RW         9511    .bss.lp_Fired       BUILD/DISCO_L475VG_IOT01A/ARMC6/mbed-os/targets/TARGET_STM/lp_ticker.o
    0x100009a1   0x00000001   Zero   RW         9515    .bss.lp_cmpok       BUILD/DISCO_L475VG_IOT01A/ARMC6/mbed-os/targets/TARGET_STM/lp_ticker.o
    0x100009a2   0x00000002   PAD
    0x100009a4   0x00000004   Zero   RW         9516    .bss.lp_delayed_counter  BUILD/DISCO_L475VG_IOT01A/ARMC6/mbed-os/targets/TARGET_STM/lp_ticker.o
    0x100009a8   0x00000001   Zero   RW         9512    .bss.lp_delayed_prog  BUILD/DISCO_L475VG_IOT01A/ARMC6/mbed-os/targets/TARGET_STM/lp_ticker.o
    0x100009a9   0x00000001   Zero   RW         2769    .bss.mbed_error_in_progress  BUILD/DISCO_L475VG_IOT01A/ARMC6/mbed-os/platform/source/mbed_error.o
    0x100009aa   0x00000002   PAD
    0x100009ac   0x00000004   Zero   RW         3119    .bss.mbed_heap_size  BUILD/DISCO_L475VG_IOT01A/ARMC6/mbed-os/platform/source/mbed_retarget.o
    0x100009b0   0x00000004   Zero   RW         3118    .bss.mbed_heap_start  BUILD/DISCO_L475VG_IOT01A/ARMC6/mbed-os/platform/source/mbed_retarget.o
    0x100009b4   0x00000004   Zero   RW         9557    .bss.mbed_sdk_inited  BUILD/DISCO_L475VG_IOT01A/ARMC6/mbed-os/targets/TARGET_STM/mbed_overrides.o
    0x100009b8   0x00000004   Zero   RW         3204    .bss.mbed_stack_isr_size  BUILD/DISCO_L475VG_IOT01A/ARMC6/mbed-os/platform/source/mbed_sdk_boot.o
    0x100009bc   0x00000004   Zero   RW         3203    .bss.mbed_stack_isr_start  BUILD/DISCO_L475VG_IOT01A/ARMC6/mbed-os/platform/source/mbed_sdk_boot.o
    0x100009c0   0x00000002   Zero   RW         9368    .bss.prev_tick_remainder  BUILD/DISCO_L475VG_IOT01A/ARMC6/mbed-os/targets/TARGET_STM/hal_tick_overrides.o
    0x100009c2   0x00000002   PAD
    0x100009c4   0x00000004   Zero   RW         9367    .bss.prev_time      BUILD/DISCO_L475VG_IOT01A/ARMC6/mbed-os/targets/TARGET_STM/hal_tick_overrides.o
    0x100009c8   0x00000001   Zero   RW         9514    .bss.roll_over_flag  BUILD/DISCO_L475VG_IOT01A/ARMC6/mbed-os/targets/TARGET_STM/lp_ticker.o
    0x100009c9   0x00000003   PAD
    0x100009cc   0x00000080   Zero   RW          299    .bss.sensor         BUILD/DISCO_L475VG_IOT01A/ARMC6/main.o
    0x10000a4c   0x00000001   Zero   RW         9517    .bss.sleep_manager_locked  BUILD/DISCO_L475VG_IOT01A/ARMC6/mbed-os/targets/TARGET_STM/lp_ticker.o
    0x10000a4d   0x00000001   Zero   RW         1766    .bss.state_saved    BUILD/DISCO_L475VG_IOT01A/ARMC6/mbed-os/hal/source/mbed_critical_section_api.o
    0x10000a4e   0x00000002   PAD
    0x10000a50   0x0000004c   Zero   RW         9777    .bss.stdio_uart     BUILD/DISCO_L475VG_IOT01A/ARMC6/mbed-os/targets/TARGET_STM/serial_api.o
    0x10000a9c   0x00000004   Zero   RW         9775    .bss.stdio_uart_inited  BUILD/DISCO_L475VG_IOT01A/ARMC6/mbed-os/targets/TARGET_STM/serial_api.o
    0x10000aa0   0x00000004   Zero   RW         9369    .bss.total_ticks    BUILD/DISCO_L475VG_IOT01A/ARMC6/mbed-os/targets/TARGET_STM/hal_tick_overrides.o
    0x10000aa4   0x00000318   Zero   RW         9043    .bss.uart_handlers  BUILD/DISCO_L475VG_IOT01A/ARMC6/mbed-os/targets/TARGET_STM/TARGET_STM32L4/serial_device.o


    Execution Region RW_IRAM1 (Base: 0x20000000, Size: 0x00000000, Max: 0x00006000, ABSOLUTE)

    **** No section assigned to this execution region ****


    Execution Region ARM_LIB_HEAP (Base: 0x20000000, Size: 0x00017000, Max: 0x00017000, ABSOLUTE)

    Base Addr    Size         Type   Attr      Idx    E Section Name        Object

    0x20000000   0x00017000   Zero   RW            2    ARM_LIB_HEAP.bss    anon$$obj.o


    Execution Region ARM_LIB_STACK (Base: 0x20017000, Size: 0x00001000, Max: 0x00001000, ABSOLUTE)

    Base Addr    Size         Type   Attr      Idx    E Section Name        Object

    0x20017000   0x00001000   Zero   RW            3    ARM_LIB_STACK.bss   anon$$obj.o


==============================================================================

Image component sizes


      Code (inc. data)   RO Data    RW Data    ZI Data      Debug   

     36334       2344       2504         80     101300    1562470   Object Totals
         0          0         32          0      98560          0   (incl. Generated)
       468          0          3          0         28          0   (incl. Padding)
      1894         80          0          8         40       2436   Library Totals
         8          0          0          0          0          0   (incl. Padding)

==============================================================================


      Code (inc. data)   RO Data    RW Data    ZI Data      Debug   

     38228       2424       2504         88     101340    1562262   Grand Totals
     38228       2424       2504         88     101340    1562262   ELF Image Totals
     38228       2424       2504         88          0          0   ROM Totals

==============================================================================

    Total RO  Size (Code + RO Data)                40732 (  39.78kB)
    Total RW  Size (RW Data + ZI Data)            101428 (  99.05kB)
    Total ROM Size (Code + RO Data + RW Data)      40820 (  39.86kB)

==============================================================================

